--------- beginning of main
06-05 01:57:43.129   463   463 W linker  : Warning: failed to find generated linker configuration from "/linkerconfig/ld.config.txt"
06-05 01:57:43.133   464   464 W linker  : Warning: failed to find generated linker configuration from "/linkerconfig/ld.config.txt"
06-05 01:57:43.133   462   462 I lowmemorykiller: Using psi monitors for memory pressure detection
06-05 01:57:43.134   462   462 I lowmemorykiller: Process polling is supported
06-05 01:57:43.135   462   462 I lowmemorykiller: Process reaping is not supported
06-05 01:57:37.884   461   461 I auditd  : type=1403 audit(0.0:2): policy loaded auid=4294967295 ses=4294967295
06-05 01:57:38.032     1     1 I /system/bin/init: type=1107 audit(0.0:3): uid=0 auid=4294967295 ses=4294967295 subj=u:r:init:s0 msg='avc:  denied  { set } for property=audio.adm.buffering.ms pid=1 uid=0 gid=0 scontext=u:r:vendor_init:s0 tcontext=u:object_r:default_prop:s0 tclass=property_service permissive=1'
06-05 01:57:38.032     1     1 I /system/bin/init: type=1107 audit(0.0:4): uid=0 auid=4294967295 ses=4294967295 subj=u:r:init:s0 msg='avc:  denied  { set } for property=persist.audio.button_jack.profile pid=1 uid=0 gid=0 scontext=u:r:vendor_init:s0 tcontext=u:object_r:audio_prop:s0 tclass=property_service permissive=1'
06-05 01:57:38.032     1     1 I /system/bin/init: type=1107 audit(0.0:5): uid=0 auid=4294967295 ses=4294967295 subj=u:r:init:s0 msg='avc:  denied  { set } for property=bluetooth.hci.erroneous_data_reporting.enabled pid=1 uid=0 gid=0 scontext=u:r:vendor_init:s0 tcontext=u:object_r:bluetooth_prop:s0 tclass=property_service permissive=1'
06-05 01:57:38.032     1     1 I /system/bin/init: type=1107 audit(0.0:6): uid=0 auid=4294967295 ses=4294967295 subj=u:r:init:s0 msg='avc:  denied  { set } for property=vendor.bluetooth.ldac.abr pid=1 uid=0 gid=0 scontext=u:r:vendor_init:s0 tcontext=u:object_r:mtk_bluetooth_prop:s0 tclass=property_service permissive=1'
06-05 01:57:38.032     1     1 I /system/bin/init: type=1107 audit(0.0:7): uid=0 auid=4294967295 ses=4294967295 subj=u:r:init:s0 msg='avc:  denied  { set } for property=ro.vendor.histogram.enable pid=1 uid=0 gid=0 scontext=u:r:vendor_init:s0 tcontext=u:object_r:vendor_displayfeature_prop:s0 tclass=property_service permissive=1'
06-05 01:57:38.032     1     1 I /system/bin/init: type=1107 audit(0.0:8): uid=0 auid=4294967295 ses=4294967295 subj=u:r:init:s0 msg='avc:  denied  { set } for property=persist.vendor.sys.pq.adl.idx pid=1 uid=0 gid=0 scontext=u:r:vendor_init:s0 tcontext=u:object_r:mtk_pq_prop:s0 tclass=property_service permissive=1'
06-05 01:57:38.032     1     1 I /system/bin/init: type=1107 audit(0.0:9): uid=0 auid=4294967295 ses=4294967295 subj=u:r:init:s0 msg='avc:  denied  { set } for property=ro.telephony.sim.count pid=1 uid=0 gid=0 scontext=u:r:vendor_init:s0 tcontext=u:object_r:telephony_prop:s0 tclass=property_service permissive=1'
06-05 01:57:38.036     1     1 I /system/bin/init: type=1107 audit(0.0:10): uid=0 auid=4294967295 ses=4294967295 subj=u:r:init:s0 msg='avc:  denied  { set } for property=vendor.sys.thermal.data.path pid=1 uid=0 gid=0 scontext=u:r:vendor_init:s0 tcontext=u:object_r:thermal_engine_prop:s0 tclass=property_service permissive=1'
06-05 01:57:43.153   464   464 E hwservicemanager: libvintf-usage-violation: Executable /system/system_ext/bin/hwservicemanager should not use libvintf. It should query VINTF metadata via servicemanager
06-05 01:57:43.153   464   464 I hwservicemanager: getFrameworkHalManifest: Reading VINTF information.
06-05 01:57:43.161   464   464 I hwservicemanager: getDeviceHalManifest: Reading VINTF information.
06-05 01:57:43.178   464   464 I hwservicemanager: Loaded APEX Infos from /bootstrap-apex/apex-info-list.xml
06-05 01:57:43.178   464   464 I hwservicemanager: getDeviceHalManifest: Successfully processed VINTF information
06-05 01:57:43.178   464   464 I hwservicemanager: getFrameworkHalManifest: Successfully processed VINTF information
06-05 01:57:43.179   464   464 I hwservicemanager: hwservicemanager is ready now.
--------- beginning of system
06-05 01:57:43.297   475   475 I vold    : Vold 3.0 (the awakening) firing up
06-05 01:57:43.297   475   475 D vold    : Detected support for: exfat ext4 f2fs ntfs vfat
06-05 01:57:43.304   475   475 I vold    : [libfstab] Using Android DT directory /proc/device-tree/firmware/android/
06-05 01:57:43.305   475   475 W vold    : [libfstab] Warning: unknown flag: resize
06-05 01:57:43.307   475   475 D vold    : VoldNativeService::start() completed OK
06-05 01:57:43.327   475   487 I vold    : Found disk at /devices/platform/externdevice/mmc_host/mmc0/mmc0:0001/block/mmcblk0 but delaying scan due to secure keyguard
06-05 01:57:43.504   512   512 I [mTEE]  : daemon version [tag.base.dbg.3.5.0]
06-05 01:57:43.505   512   512 I [mTEE]  : [main][1060]TA UUID[08030000000000000000000000000000]
06-05 01:57:43.505   512   512 I [mTEE]  : [main][1060]TA UUID[85f630e0f0964c5fa2cc268ce04e3da3]
06-05 01:57:43.505   512   512 I [mTEE]  : [main][1060]TA UUID[98fb95bcb4bf42d26473eae48690d7ea]
06-05 01:57:43.505   512   512 I [mTEE]  : [main][1060]TA UUID[7b66512021214487ba710a51d7ea78fe]
06-05 01:57:43.505   512   512 I [mTEE]  : [main][1060]TA UUID[09010000000000000000000000000000]
06-05 01:57:43.505   512   514 I [mTEE]  : come in init soter thread
06-05 01:57:43.505   512   514 D [mTEE]  : driver to be loaded:
06-05 01:57:43.505   512   514 D [mTEE]  : UUID=020b0000000000000000000000000000
06-05 01:57:43.505   512   514 D [mTEE]  : UUID=020f0000000000000000000000000000
06-05 01:57:43.505   512   514 D [mTEE]  : UUID=06090000000000000000000000000000
06-05 01:57:43.505   512   514 D [mTEE]  : UUID=05120000000000000000000000000000
06-05 01:57:43.505   512   514 D [mTEE]  : UUID=40188311faf343488db888ad39496f9a
06-05 01:57:43.505   512   515 I [mTEE]  : come in load tee thread
06-05 01:57:43.505   512   514 D [mTEE]  : UUID=07060000000000000000000000007169
06-05 01:57:43.505   512   514 D [mTEE]  : UUID=4be4f7dc1f2c11e5b5f7727283247c7f
06-05 01:57:43.505   512   514 D [mTEE]  : UUID=9073f03a9618383bb1856eb3f990babd
06-05 01:57:43.505   512   514 D [mTEE]  : UUID=08050000000000000000000000003419
06-05 01:57:43.505   512   514 D [mTEE]  : UUID=5020170115e016302017012521300000
06-05 01:57:43.505   512   514 D [mTEE]  : UUID=0f5eed3c3b5a47afacca69a84bf0efad
06-05 01:57:43.505   512   514 D [mTEE]  : UUID=07407000000000000000000000000000
06-05 01:57:43.505   512   514 D [mTEE]  : UUID=05160000000000000000000000000000
06-05 01:57:43.505   512   514 D [mTEE]  : UUID=91dba524a6e24909acc48abd7163121a
06-05 01:57:43.505   512   514 D [mTEE]  : UUID=57f02fe81d5a11ea8d23d7abe98b8462
06-05 01:57:43.505   512   514 D [mTEE]  : UUID=08070000000000000000000000008270
06-05 01:57:43.505   512   514 D [mTEE]  : UUID=09080000000000000000000000009381
06-05 01:57:43.505   512   514 D [mTEE]  : UUID=08030000000000000000000000000000
06-05 01:57:43.505   512   514 D [mTEE]  : UUID=85f630e0f0964c5fa2cc268ce04e3da3
06-05 01:57:43.505   512   514 D [mTEE]  : UUID=98fb95bcb4bf42d26473eae48690d7ea
06-05 01:57:43.505   512   514 D [mTEE]  : UUID=7b66512021214487ba710a51d7ea78fe
06-05 01:57:43.505   512   514 D [mTEE]  : UUID=09010000000000000000000000000000
06-05 01:57:43.505   512   514 D [mTEE]  : UUID=93feffccd8ca11e796c7c7a21acb4932
06-05 01:57:43.624   523   523 I wmt_loader: chip id from property:-1
06-05 01:57:43.624   523   523 I wmt_loader: SOC chip no need do combo chip power on.
06-05 01:57:43.624   523   523 I wmt_loader: chipid (0x6785) detected
06-05 01:57:43.625   523   523 I wmt_loader: set property(persist.vendor.connsys.chipid) to 0x6785 succeed.
06-05 01:57:43.630   524   524 I wmt_launcher: get property(vendor.connsys.driver.ready) is no
06-05 01:57:43.634   526   526 I fsverity_init: LoadKeyFromFile path=/system/etc/security/fsverity/fsverity-release.x509.der keyname=fsv_system_0
06-05 01:57:43.636   521   521 I keystore2: system/security/keystore2/src/keystore2_main.rs:61 - Keystore2 is starting.
06-05 01:57:43.636   521   521 I keystore2: system/security/keystore2/src/keystore2_main.rs:67 - Setting up sqlite logging for keystore2
06-05 01:57:43.638   520   520 I HidlServiceManagement: Registered android.system.suspend@1.0::ISystemSuspend/default
06-05 01:57:43.638   520   520 I HidlServiceManagement: Removing namespace from process name android.system.suspend-service to suspend-service.
06-05 01:57:43.641   521   521 I keystore2: system/security/keystore2/src/keystore2_main.rs:99 - Starting thread pool now.
06-05 01:57:43.644   464   464 I hwservicemanager: Since android.hardware.keymaster@4.0::IKeymasterDevice/default is not registered, trying to start it as a lazy HAL (if it's not configured to be a lazy HAL, it may be stuck starting or still starting).
06-05 01:57:43.645   464   464 I hwservicemanager: Since android.hardware.keymaster@4.0::IKeymasterDevice/default is not registered, trying to start it as a lazy HAL (if it's not configured to be a lazy HAL, it may be stuck starting or still starting).
06-05 01:57:43.645   521   521 I HidlServiceManagement: getService: Trying again for android.hardware.keymaster@4.0::IKeymasterDevice/default...
06-05 01:57:43.647   523   523 E wmt_loader: do kernel module init failed: -1
06-05 01:57:43.647   523   523 I wmt_loader: adie chip id = 0x0
06-05 01:57:43.647   523   523 I wmt_loader: set property(vendor.connsys.adie.chipid) to 0x0000 succeed.
06-05 01:57:43.647   523   523 E wmt_loader: chown wmt_dbg or wmt_aee fail:No such file or directory
06-05 01:57:43.647   523   523 I wmt_loader: set property(vendor.connsys.driver.ready) to yes succeed
06-05 01:57:43.651   522   522 I beanpodkeymaster: keymaster connect start
06-05 01:57:43.656   540   540 I fsck.f2fs: type=1400 audit(0.0:16): avc:  denied  { search } for  name="sdc" dev="sysfs" ino=37567 scontext=u:r:fsck:s0 tcontext=u:object_r:sysfs_mmcblk:s0 tclass=dir permissive=1
06-05 01:57:43.656   540   540 I fsck.f2fs: type=1400 audit(0.0:17): avc:  denied  { getattr } for  path="/sys/devices/platform/bootdevice/host0/target0:0:0/0:0:0:2/block/sdc/sdc46/partition" dev="sysfs" ino=38654 scontext=u:r:fsck:s0 tcontext=u:object_r:sysfs_mmcblk:s0 tclass=file permissive=1
06-05 01:57:43.656   540   540 I fsck.f2fs: type=1400 audit(0.0:18): avc:  denied  { read } for  name="zoned" dev="sysfs" ino=38739 scontext=u:r:fsck:s0 tcontext=u:object_r:sysfs_mmcblk:s0 tclass=file permissive=1
06-05 01:57:43.656   540   540 I fsck.f2fs: type=1400 audit(0.0:19): avc:  denied  { open } for  path="/sys/devices/platform/bootdevice/host0/target0:0:0/0:0:0:2/block/sdc/queue/zoned" dev="sysfs" ino=38739 scontext=u:r:fsck:s0 tcontext=u:object_r:sysfs_mmcblk:s0 tclass=file permissive=1
06-05 01:57:43.683   512   512 I [mTEE]  :  come into the TZ_VFS_OPEN function
06-05 01:57:43.684   512   512 D [mTEE]  :  pathname = /mnt/vendor/persist/LOG.ini
06-05 01:57:43.684   512   512 D [mTEE]  :  flags = 66 mode = 432 retval = 7
06-05 01:57:43.684   512   512 D [mTEE]  :  come into the TZ_VFS_WRITE function
06-05 01:57:43.684   512   512 D [mTEE]  : fd = 7
06-05 01:57:43.684   512   512 D [mTEE]  : count = 256
06-05 01:57:43.684   512   512 I [mTEE]  : logini len =256
06-05 01:57:43.685   512   512 D [mTEE]  :  come into the TZ_VFS_WRITE function retVal = 256
06-05 01:57:43.685   512   512 D [mTEE]  :  come into the TZ_VFS_CLOSE function
06-05 01:57:43.685   512   512 D [mTEE]  :  fd = 7
06-05 01:57:43.685   512   512 D [mTEE]  :  retVal = 0
06-05 01:57:43.687   512   512 I [mTEE]  :  come into the TZ_VFS_OPEN function
06-05 01:57:43.687   512   512 D [mTEE]  :  pathname = /vendor/thh/ta/c09c9c5daa504b78b0e46eda61556c3a.ta
06-05 01:57:43.687   512   512 D [mTEE]  :  flags = 0 mode = 0 retval = 7
06-05 01:57:43.687   512   512 D [mTEE]  :  come into the TZ_VFS_CLOSE function
06-05 01:57:43.687   512   512 D [mTEE]  :  fd = 7
06-05 01:57:43.687   512   512 D [mTEE]  :  retVal = 0
06-05 01:57:43.688   512   512 I [mTEE]  :  come into the TZ_VFS_OPEN function
06-05 01:57:43.688   512   512 D [mTEE]  :  pathname = /vendor/thh/ta/c09c9c5daa504b78b0e46eda61556c3a.ta
06-05 01:57:43.688   512   512 D [mTEE]  :  flags = 0 mode = 0 retval = 7
06-05 01:57:43.688   512   512 D [mTEE]  :  come into the TZ_VFS_LSEEK function
06-05 01:57:43.688   512   512 D [mTEE]  :  come into the TZ_VFS_LSEEK function
06-05 01:57:43.688   512   512 D [mTEE]  :  come into the TZ_VFS_LSEEK function
06-05 01:57:43.689   512   512 D [mTEE]  :  come into the TZ_VFS_READ function
06-05 01:57:43.691   512   512 D [mTEE]  :  come into the TZ_VFS_READ function
06-05 01:57:43.693   512   512 D [mTEE]  :  come into the TZ_VFS_READ function
06-05 01:57:43.695   512   512 D [mTEE]  :  come into the TZ_VFS_CLOSE function
06-05 01:57:43.695   512   512 D [mTEE]  :  fd = 7
06-05 01:57:43.695   512   512 D [mTEE]  :  retVal = 0
06-05 01:57:43.695   512   512 I [mTEE]  :  come into the TZ_VFS_OPEN function
06-05 01:57:43.696   512   512 D [mTEE]  :  pathname = /dev/rpmb0
06-05 01:57:43.696   512   512 D [mTEE]  :  flags = 2 mode = 0 retval = 7
06-05 01:57:43.696   512   512 D [mTEE]  :  come into the TZ_VFS_IOCTL function
06-05 01:57:43.696   512   512 D [mTEE]  :  fd = 7
06-05 01:57:43.696   512   512 D [mTEE]  :  cmd = 7
06-05 01:57:43.696   512   512 D [mTEE]  : retVal = 0x0 , *((int*)param_address) = 0x5ad9 
06-05 01:57:43.696   512   512 D [mTEE]  :  come into the TZ_VFS_IOCTL function
06-05 01:57:43.696   512   512 D [mTEE]  :  fd = 7
06-05 01:57:43.696   512   512 D [mTEE]  :  cmd = 8
06-05 01:57:43.696   512   512 D [mTEE]  : retVal = 0x0 , *((int*)param_address) = 0x8 
06-05 01:57:43.698   512   512 D [mTEE]  :  come into the TZ_VFS_IOCTL function
06-05 01:57:43.698   512   512 D [mTEE]  :  fd = 7
06-05 01:57:43.698   512   512 D [mTEE]  :  cmd = 6
06-05 01:57:43.698   512   512 D [mTEE]  : retVal = 0x0 , *((int*)param_address) = 0x200 
06-05 01:57:43.698   512   512 D [mTEE]  :  come into the TZ_VFS_SETPROP function
06-05 01:57:43.698   512   512 D [mTEE]  :  proplength = 9
06-05 01:57:43.698   512   512 D [mTEE]  :  1st key = rpmb.flag
06-05 01:57:43.698   512   512 D [mTEE]  :  2nd val = ok
06-05 01:57:43.698   512   512 D [mTEE]  :  retVal = 0
06-05 01:57:43.699   512   512 D [mTEE]  :  come into the TZ_VFS_IOCTL function
06-05 01:57:43.699   512   512 D [mTEE]  :  fd = 7
06-05 01:57:43.699   512   512 D [mTEE]  :  cmd = 6
06-05 01:57:43.699   512   512 D [mTEE]  : retVal = 0x0 , *((int*)param_address) = 0x200 
06-05 01:57:43.731   522   522 I beanpodkeymaster: km handle_=6
06-05 01:57:43.731   522   522 I beanpodkeymaster: keymaster connect end
06-05 01:57:43.732   522   522 I beanpodkeymaster: cmd:48 Received 4 byte response
06-05 01:57:43.735   522   522 I HidlServiceManagement: Registered android.hardware.keymaster@4.0::IKeymasterDevice/default
06-05 01:57:43.735   522   522 I HidlServiceManagement: Removing namespace from process name android.hardware.keymaster@4.0-service.beanpod to keymaster@4.0-service.beanpod.
06-05 01:57:43.735   522   522 I android.hardware.keymaster@4.0-service.beanpod: register beanpod keymaster4.0 success
06-05 01:57:43.735   464   464 I hw-BpHwBinder: onLastStrongRef automatically unlinking death recipients
06-05 01:57:43.736   521   521 I keystore2: found android.hardware.keymaster@4.0::IKeymasterDevice with interface name default and seclevel TRUSTED_ENVIRONMENT
06-05 01:57:43.736   522   522 I beanpodkeymaster: enter BeanpodKeymaster bp_keymaster_call
06-05 01:57:43.736   522   522 I beanpodkeymaster: exit BeanpodKeymaster bp_keymaster_call
06-05 01:57:43.736   522   522 I beanpodkeymaster: BeanpodKeymaster cmd:4c Received 40 byte response
06-05 01:57:43.737   522   522 I beanpodkeymaster: cmd:50 Received 40 byte response
06-05 01:57:43.737   521   521 I keystore2: system/security/keystore2/src/globals.rs:290 - Add emulation wrapper around Keymaster device for security level: r#TRUSTED_ENVIRONMENT
06-05 01:57:43.737   521   534 I keystore2: system/security/keystore2/src/shared_secret_negotiation.rs:48 - Shared secret negotiation concluded successfully.
06-05 01:57:43.738   521   534 I keystore2: system/security/keystore2/src/shared_secret_negotiation.rs:290 - No StrongBox Keymint available, so no RoT transfer
06-05 01:57:43.740   521   521 I keystore2: system/security/keystore2/src/keystore2_main.rs:154 - Successfully registered Keystore 2.0 service.
06-05 01:57:43.740   521   521 I keystore2: system/security/keystore2/src/keystore2_main.rs:156 - Joining thread pool now.
06-05 01:57:43.930   524   524 I wmt_launcher: get property(vendor.connsys.driver.ready) is yes
06-05 01:57:43.930   524   524 I wmt_launcher: open device node succeed.(Node:/dev/stpwmt, fd:5) 
06-05 01:57:43.930   524   524 I wmt_launcher: key:(persist.vendor.connsys.chipid)-value:(0x6785),chip_id:0x6785
06-05 01:57:43.930   524   524 I wmt_launcher: chip_id:0x6785
06-05 01:57:43.931   524   524 I wmt_launcher: patch path:/vendor/firmware/
06-05 01:57:43.931   524   524 I wmt_launcher: (persist.vendor.connsys.fwlog.status) is not supported
06-05 01:57:43.931   524   524 I wmt_launcher: get property (persist.vendor.connsys.dynamic.dump) is 0
06-05 01:57:43.931   524   524 I wmt_launcher: get property(vendor.connsys.formeta.ready) failed iRet:0 or property is 
06-05 01:57:43.931   524   524 I wmt_launcher: create pwr on thread ok
06-05 01:57:43.931   524   524 I wmt_launcher: (persist.vendor.connsys.fwlog.status) is not supported
06-05 01:57:43.931   524   546 I wmt_launcher: enter power on connsys flow
06-05 01:57:43.931   524   545 I wmt_launcher: set vendor.connsys.formeta.ready to yes [done]
06-05 01:57:43.956   464   537 W libc    : Unable to set property "ctl.interface_start" to "android.hardware.keymaster@4.0::IKeymasterDevice/default": error code: 0x20
06-05 01:57:43.956   464   537 I hwservicemanager: Tried to start android.hardware.keymaster@4.0::IKeymasterDevice/default as a lazy service, but was unable to. Usually this happens when a service is not installed, but if the service is intended to be used as a lazy service, then it may be configured incorrectly.
06-05 01:57:43.957   512   515 I [mTEE]  : fbe mode late
06-05 01:57:43.957   512   515 I [mTEE]  : daemon unlock keymaster signal to tz-driver
06-05 01:57:43.957   512   515 I [mTEE]  : keymaster unlock boot_decrypt_lock success
06-05 01:57:43.958   512   512 I [mTEE]  :  come into the TZ_VFS_OPEN function
06-05 01:57:43.958   512   512 D [mTEE]  :  pathname = /vendor/thh/ta/020b0000000000000000000000000000.ta
06-05 01:57:43.958   512   512 D [mTEE]  :  flags = 0 mode = 0 retval = 8
06-05 01:57:43.958   512   512 D [mTEE]  :  come into the TZ_VFS_CLOSE function
06-05 01:57:43.958   512   512 D [mTEE]  :  fd = 8
06-05 01:57:43.958   512   512 D [mTEE]  :  retVal = 0
06-05 01:57:43.958   512   512 I [mTEE]  :  come into the TZ_VFS_OPEN function
06-05 01:57:43.958   512   512 D [mTEE]  :  pathname = /vendor/thh/ta/020b0000000000000000000000000000.ta
06-05 01:57:43.958   512   512 D [mTEE]  :  flags = 0 mode = 0 retval = 8
06-05 01:57:43.958   512   512 D [mTEE]  :  come into the TZ_VFS_LSEEK function
06-05 01:57:43.959   512   512 D [mTEE]  :  come into the TZ_VFS_LSEEK function
06-05 01:57:43.959   512   512 D [mTEE]  :  come into the TZ_VFS_LSEEK function
06-05 01:57:43.959   512   512 D [mTEE]  :  come into the TZ_VFS_READ function
06-05 01:57:43.960   524   524 I wmt_launcher: patch name pre-fix:soc1_0_ram
06-05 01:57:43.960   524   524 I wmt_launcher: fw_version:0x8a00
06-05 01:57:43.960   524   524 I wmt_launcher: /vendor/firmware//soc1_0_ram_mcu_2a_1_hdr.bin
06-05 01:57:43.961   524   524 I wmt_launcher: fw Ver in patch: 0x8a00
06-05 01:57:43.961   524   524 I wmt_launcher: patch info:0x11,0x00,0x00,0xf0,0x00,0x00,0x00,0x04
06-05 01:57:43.961   524   524 I wmt_launcher: rom patch type = [4]
06-05 01:57:43.961   524   524 I wmt_launcher: /vendor/firmware//soc1_0_ram_wifi_2a_1_hdr.bin
06-05 01:57:43.961   464   539 W libc    : Unable to set property "ctl.interface_start" to "android.hardware.keymaster@4.0::IKeymasterDevice/default": error code: 0x20
06-05 01:57:43.961   464   539 I hwservicemanager: Tried to start android.hardware.keymaster@4.0::IKeymasterDevice/default as a lazy service, but was unable to. Usually this happens when a service is not installed, but if the service is intended to be used as a lazy service, then it may be configured incorrectly.
06-05 01:57:43.962   524   524 I wmt_launcher: fw Ver in patch: 0x8a00
06-05 01:57:43.962   524   524 I wmt_launcher: patch info:0x11,0x00,0x14,0xf0,0x00,0x00,0x00,0x03
06-05 01:57:43.962   524   524 I wmt_launcher: rom patch type = [3]
06-05 01:57:43.962   524   524 I wmt_launcher: /vendor/firmware//soc1_0_ram_bt_1a_1_hdr.bin
06-05 01:57:43.962   524   524 I wmt_launcher: open /vendor/firmware//soc1_0_ram_bt_1a_1_hdr.bin success, fp:0xb400007caf875578, flen is 570925
06-05 01:57:43.962   512   512 D [mTEE]  :  come into the TZ_VFS_CLOSE function
06-05 01:57:43.962   512   512 D [mTEE]  :  fd = 8
06-05 01:57:43.962   512   512 D [mTEE]  :  retVal = 0
06-05 01:57:43.964   524   549 I wmt_launcher: set persist.vendor.connsys.wifi_fw_ver to 211019140501000 [done]
06-05 01:57:43.966   524   524 I wmt_launcher: spos:559363, epos:559440
06-05 01:57:43.966   524   524 E wmt_launcher: version info(t-neptune-mp-soc1_0e1-1950-tc10sp-TALBOT_SOC1_0_E1_ASIC-20230101214101) found
06-05 01:57:43.966   524   524 I wmt_launcher: property(persist.vendor.connsys.bt_fw_ver), value(-1)
06-05 01:57:43.966   524   524 I wmt_launcher: fw Ver in patch: 0x8a00
06-05 01:57:43.966   524   524 I wmt_launcher: patch info:0x11,0x00,0x08,0xf0,0x00,0x00,0x00,0x00
06-05 01:57:43.966   524   524 I wmt_launcher: rom patch type = [0]
06-05 01:57:43.966   524   524 I wmt_launcher: /vendor/firmware//soc1_0_ram_bt_2a_1_hdr.bin
06-05 01:57:43.966   524   524 I wmt_launcher: open /vendor/firmware//soc1_0_ram_bt_2a_1_hdr.bin success, fp:0xb400007caf875578, flen is 571025
06-05 01:57:43.966   524   551 I wmt_launcher: set persist.vendor.connsys.bt_fw_ver to t-neptune-mp-soc1_0e1-1950-tc10sp-TALBOT_SOC1_0_E1_ASIC-20230101214101 [done]
06-05 01:57:43.971   524   524 I wmt_launcher: spos:559331, epos:559408
06-05 01:57:43.971   524   524 E wmt_launcher: version info(t-neptune-mp-soc1_0e1-2015-KRUG_SOC1_0_E1_ASIC-20211019140501) found
06-05 01:57:43.971   524   524 I wmt_launcher: property(persist.vendor.connsys.bt_fw_ver), value(t-neptune-mp-soc1_0e1-1950-tc10sp-TALBOT_SOC1_0_E1_ASIC-20230101214101)
06-05 01:57:43.971   524   524 I wmt_launcher: fw Ver in patch: 0x8a00
06-05 01:57:43.971   524   524 I wmt_launcher: patch info:0x11,0x00,0x08,0xf0,0x00,0x00,0x00,0x00
06-05 01:57:43.971   524   524 I wmt_launcher: rom patch type = [0]
06-05 01:57:43.972   524   524 I wmt_launcher: cmd(srh_rom_patch) resp(ok)
06-05 01:57:43.972   524   524 I wmt_launcher: (persist.vendor.connsys.fwlog.status) is not supported
06-05 01:57:43.972   524   552 I wmt_launcher: set persist.vendor.connsys.bt_fw_ver to t-neptune-mp-soc1_0e1-2015-KRUG_SOC1_0_E1_ASIC-20211019140501 [done]
06-05 01:57:43.978   475   475 I Checkpoint: cp_prepareCheckpoint called
06-05 01:57:43.986   512   512 I [mTEE]  :  come into the TZ_VFS_OPEN function
06-05 01:57:43.986   512   512 D [mTEE]  :  pathname = /vendor/thh/ta/020f0000000000000000000000000000.ta
06-05 01:57:43.986   512   512 D [mTEE]  :  flags = 0 mode = 0 retval = 8
06-05 01:57:43.986   512   512 D [mTEE]  :  come into the TZ_VFS_CLOSE function
06-05 01:57:43.986   512   512 D [mTEE]  :  fd = 8
06-05 01:57:43.986   512   512 D [mTEE]  :  retVal = 0
06-05 01:57:43.987   512   512 I [mTEE]  :  come into the TZ_VFS_OPEN function
06-05 01:57:43.987   512   512 D [mTEE]  :  pathname = /vendor/thh/ta/020f0000000000000000000000000000.ta
06-05 01:57:43.987   512   512 D [mTEE]  :  flags = 0 mode = 0 retval = 8
06-05 01:57:43.987   512   512 D [mTEE]  :  come into the TZ_VFS_LSEEK function
06-05 01:57:43.987   512   512 D [mTEE]  :  come into the TZ_VFS_LSEEK function
06-05 01:57:43.987   512   512 D [mTEE]  :  come into the TZ_VFS_LSEEK function
06-05 01:57:43.988   512   512 D [mTEE]  :  come into the TZ_VFS_READ function
06-05 01:57:43.988   512   512 D [mTEE]  :  come into the TZ_VFS_CLOSE function
06-05 01:57:43.988   512   512 D [mTEE]  :  fd = 8
06-05 01:57:43.988   512   512 D [mTEE]  :  retVal = 0
06-05 01:57:44.000   475   475 I vold    : fscrypt_initialize_systemwide_keys
06-05 01:57:44.001   475   475 D vold    : Key exists, using: /data/unencrypted/key
06-05 01:57:44.003   521   521 I SELinux : SELinux: Loaded keystore2 context from:
06-05 01:57:44.003   548   548 I libperfmgr: Pixel Power HAL AIDL Service with Extension is starting with config: /vendor/etc/powerhint.json
06-05 01:57:44.003   521   521 I SELinux : 		/system/etc/selinux/plat_keystore2_key_contexts
06-05 01:57:44.004   522   522 I beanpodkeymaster: Enter BeanpodKeymaster BeginOperation
06-05 01:57:44.005   548   548 I libperfmgr: Failed to read Node[0]'s Truncate, set to 'true'
06-05 01:57:44.005   548   548 I libperfmgr: Failed to read Node[0]'s HoldFd, set to 'false'
06-05 01:57:44.005   548   548 I libperfmgr: Failed to read Node[0]'s WriteOnly, set to 'false'
06-05 01:57:44.005   548   548 I libperfmgr: Failed to read Node[1]'s DefaultIndex, set to last index: 16
06-05 01:57:44.005   548   548 I libperfmgr: Failed to read Node[1]'s Truncate, set to 'true'
06-05 01:57:44.005   548   548 I libperfmgr: Failed to read Node[1]'s HoldFd, set to 'false'
06-05 01:57:44.005   548   548 I libperfmgr: Failed to read Node[1]'s WriteOnly, set to 'false'
06-05 01:57:44.005   548   548 I libperfmgr: Failed to read Node[2]'s Truncate, set to 'true'
06-05 01:57:44.005   548   548 I libperfmgr: Failed to read Node[2]'s HoldFd, set to 'false'
06-05 01:57:44.005   548   548 I libperfmgr: Failed to read Node[2]'s WriteOnly, set to 'false'
06-05 01:57:44.006   548   548 I libperfmgr: Failed to read Node[3]'s DefaultIndex, set to last index: 16
06-05 01:57:44.006   548   548 I libperfmgr: Failed to read Node[3]'s Truncate, set to 'true'
06-05 01:57:44.006   548   548 I libperfmgr: Failed to read Node[3]'s HoldFd, set to 'false'
06-05 01:57:44.006   548   548 I libperfmgr: Failed to read Node[3]'s WriteOnly, set to 'false'
06-05 01:57:44.006   548   548 I libperfmgr: Failed to read Node[4]'s Truncate, set to 'true'
06-05 01:57:44.006   548   548 I libperfmgr: Failed to read Node[4]'s HoldFd, set to 'false'
06-05 01:57:44.006   548   548 I libperfmgr: Failed to read Node[4]'s WriteOnly, set to 'false'
06-05 01:57:44.006   548   548 I libperfmgr: Failed to read Node[5]'s Truncate, set to 'true'
06-05 01:57:44.006   548   548 I libperfmgr: Failed to read Node[5]'s HoldFd, set to 'false'
06-05 01:57:44.006   548   548 I libperfmgr: Failed to read Node[5]'s WriteOnly, set to 'false'
06-05 01:57:44.006   548   548 I libperfmgr: Failed to read Node[6]'s Truncate, set to 'true'
06-05 01:57:44.006   548   548 I libperfmgr: Failed to read Node[6]'s HoldFd, set to 'false'
06-05 01:57:44.006   548   548 I libperfmgr: Failed to read Node[6]'s WriteOnly, set to 'false'
06-05 01:57:44.006   548   548 I libperfmgr: Failed to read Node[7]'s DefaultIndex, set to last index: 1
06-05 01:57:44.006   548   548 I libperfmgr: Failed to read Node[7]'s Truncate, set to 'true'
06-05 01:57:44.006   548   548 I libperfmgr: Failed to read Node[7]'s HoldFd, set to 'false'
06-05 01:57:44.006   548   548 I libperfmgr: Failed to read Node[7]'s WriteOnly, set to 'false'
06-05 01:57:44.006   548   548 I libperfmgr: Failed to read Node[8]'s DefaultIndex, set to last index: 1
06-05 01:57:44.006   548   548 I libperfmgr: Failed to read Node[8]'s Truncate, set to 'true'
06-05 01:57:44.006   548   548 I libperfmgr: Failed to read Node[8]'s HoldFd, set to 'false'
06-05 01:57:44.006   548   548 I libperfmgr: Failed to read Node[8]'s WriteOnly, set to 'false'
06-05 01:57:44.006   548   548 I libperfmgr: Failed to read Node[9]'s Truncate, set to 'true'
06-05 01:57:44.006   548   548 I libperfmgr: Failed to read Node[9]'s HoldFd, set to 'false'
06-05 01:57:44.006   548   548 I libperfmgr: Failed to read Node[9]'s WriteOnly, set to 'false'
06-05 01:57:44.006   548   548 I libperfmgr: Failed to read Node[10]'s Truncate, set to 'true'
06-05 01:57:44.006   548   548 I libperfmgr: Failed to read Node[10]'s HoldFd, set to 'false'
06-05 01:57:44.006   548   548 I libperfmgr: Failed to read Node[10]'s WriteOnly, set to 'false'
06-05 01:57:44.006   548   548 I libperfmgr: Failed to read Node[11]'s Truncate, set to 'true'
06-05 01:57:44.007   548   548 I libperfmgr: Failed to read Node[11]'s HoldFd, set to 'false'
06-05 01:57:44.007   548   548 I libperfmgr: Failed to read Node[11]'s WriteOnly, set to 'false'
06-05 01:57:44.007   548   548 I libperfmgr: Failed to read Node[12]'s DefaultIndex, set to last index: 3
06-05 01:57:44.007   548   548 I libperfmgr: Failed to read Node[12]'s Truncate, set to 'true'
06-05 01:57:44.007   548   548 I libperfmgr: Failed to read Node[12]'s HoldFd, set to 'false'
06-05 01:57:44.007   548   548 I libperfmgr: Failed to read Node[12]'s WriteOnly, set to 'false'
06-05 01:57:44.007   548   548 I libperfmgr: Failed to read Node[13]'s Truncate, set to 'true'
06-05 01:57:44.007   548   548 I libperfmgr: Failed to read Node[13]'s HoldFd, set to 'false'
06-05 01:57:44.007   548   548 I libperfmgr: Failed to read Node[13]'s WriteOnly, set to 'false'
06-05 01:57:44.007   548   548 I libperfmgr: Failed to read Node[14]'s Truncate, set to 'true'
06-05 01:57:44.007   548   548 I libperfmgr: Failed to read Node[14]'s HoldFd, set to 'false'
06-05 01:57:44.007   548   548 I libperfmgr: Failed to read Node[14]'s WriteOnly, set to 'false'
06-05 01:57:44.007   548   548 I libperfmgr: Failed to read Node[15]'s Truncate, set to 'true'
06-05 01:57:44.007   548   548 I libperfmgr: Failed to read Node[15]'s HoldFd, set to 'false'
06-05 01:57:44.007   548   548 I libperfmgr: Failed to read Node[15]'s WriteOnly, set to 'false'
06-05 01:57:44.007   522   522 I beanpodkeymaster: cmd:4 Received 24 byte response
06-05 01:57:44.007   522   522 I beanpodkeymaster: Exit BeanpodKeymaster BeginOperation
06-05 01:57:44.007   548   548 I libperfmgr: Failed to read Node[16]'s Truncate, set to 'true'
06-05 01:57:44.007   548   548 I libperfmgr: Failed to read Node[16]'s HoldFd, set to 'false'
06-05 01:57:44.007   548   548 I libperfmgr: Failed to read Node[16]'s WriteOnly, set to 'false'
06-05 01:57:44.007   548   548 I libperfmgr: Failed to read Node[17]'s Truncate, set to 'true'
06-05 01:57:44.007   548   548 I libperfmgr: Failed to read Node[17]'s HoldFd, set to 'false'
06-05 01:57:44.007   548   548 I libperfmgr: Failed to read Node[17]'s WriteOnly, set to 'false'
06-05 01:57:44.007   548   548 I libperfmgr: Failed to read Node[18]'s Truncate, set to 'true'
06-05 01:57:44.007   548   548 I libperfmgr: Failed to read Node[18]'s HoldFd, set to 'false'
06-05 01:57:44.007   548   548 I libperfmgr: Failed to read Node[18]'s WriteOnly, set to 'false'
06-05 01:57:44.007   548   548 I libperfmgr: Failed to read Node[19]'s Truncate, set to 'true'
06-05 01:57:44.007   548   548 I libperfmgr: Failed to read Node[19]'s HoldFd, set to 'false'
06-05 01:57:44.007   548   548 I libperfmgr: Failed to read Node[19]'s WriteOnly, set to 'false'
06-05 01:57:44.007   548   548 I libperfmgr: Failed to read Node[20]'s DefaultIndex, set to last index: 4
06-05 01:57:44.007   548   548 I libperfmgr: Failed to read Node[20]'s Truncate, set to 'true'
06-05 01:57:44.008   548   548 I libperfmgr: Failed to read Node[20]'s HoldFd, set to 'false'
06-05 01:57:44.008   548   548 I libperfmgr: Failed to read Node[20]'s WriteOnly, set to 'false'
06-05 01:57:44.008   548   548 I libperfmgr: Failed to read Node[21]'s DefaultIndex, set to last index: 4
06-05 01:57:44.008   548   548 I libperfmgr: Failed to read Node[21]'s Truncate, set to 'true'
06-05 01:57:44.008   548   548 I libperfmgr: Failed to read Node[21]'s HoldFd, set to 'false'
06-05 01:57:44.008   548   548 I libperfmgr: Failed to read Node[21]'s WriteOnly, set to 'false'
06-05 01:57:44.008   548   548 I libperfmgr: Failed to read Node[22]'s DefaultIndex, set to last index: 4
06-05 01:57:44.008   548   548 I libperfmgr: Failed to read Node[22]'s Truncate, set to 'true'
06-05 01:57:44.008   548   548 I libperfmgr: Failed to read Node[22]'s HoldFd, set to 'false'
06-05 01:57:44.008   548   548 I libperfmgr: Failed to read Node[22]'s WriteOnly, set to 'false'
06-05 01:57:44.008   548   548 I libperfmgr: Failed to read Node[23]'s DefaultIndex, set to last index: 4
06-05 01:57:44.008   548   548 I libperfmgr: Failed to read Node[23]'s Truncate, set to 'true'
06-05 01:57:44.008   548   548 I libperfmgr: Failed to read Node[23]'s HoldFd, set to 'false'
06-05 01:57:44.008   548   548 I libperfmgr: Failed to read Node[23]'s WriteOnly, set to 'false'
06-05 01:57:44.008   548   548 I libperfmgr: Failed to read Node[24]'s Truncate, set to 'true'
06-05 01:57:44.008   548   548 I libperfmgr: Failed to read Node[24]'s HoldFd, set to 'false'
06-05 01:57:44.008   548   548 I libperfmgr: Failed to read Node[24]'s WriteOnly, set to 'false'
06-05 01:57:44.008   548   548 I libperfmgr: Failed to read Node[25]'s DefaultIndex, set to last index: 1
06-05 01:57:44.008   548   548 I libperfmgr: Failed to read Node[25]'s ResetOnInit, set to 'false'
06-05 01:57:44.008   548   548 I libperfmgr: Failed to read Node[26]'s DefaultIndex, set to last index: 1
06-05 01:57:44.008   548   548 I libperfmgr: Failed to read Node[26]'s ResetOnInit, set to 'false'
06-05 01:57:44.008   522   522 I beanpodkeymaster: Enter BeanpodKeymaster UpdateOperation
06-05 01:57:44.008   548   548 I libperfmgr: Failed to read Node[27]'s DefaultIndex, set to last index: 1
06-05 01:57:44.008   548   548 I libperfmgr: Failed to read Node[27]'s ResetOnInit, set to 'false'
06-05 01:57:44.008   548   548 I libperfmgr: 28 Nodes parsed successfully
06-05 01:57:44.009   522   522 I beanpodkeymaster: cmd:8 Received 88 byte response
06-05 01:57:44.009   522   522 I beanpodkeymaster: Exit BeanpodKeymaster UpdateOperation
06-05 01:57:44.009   512   512 I [mTEE]  :  come into the TZ_VFS_OPEN function
06-05 01:57:44.009   512   512 D [mTEE]  : errno = 2
06-05 01:57:44.009   512   512 D [mTEE]  :  pathname = /vendor/thh/ta/06090000000000000000000000000000.ta
06-05 01:57:44.009   512   512 D [mTEE]  :  flags = 0 mode = 0 retval = -2
06-05 01:57:44.009   522   522 I beanpodkeymaster: Enter BeanpodKeymaster FinishOperation
06-05 01:57:44.009   512   512 I [mTEE]  :  come into the TZ_VFS_OPEN function
06-05 01:57:44.009   522   522 I beanpodkeymaster: cmd:c Received 20 byte response
06-05 01:57:44.009   522   522 I beanpodkeymaster: Exit BeanpodKeymaster FinishOperation
06-05 01:57:44.010   512   512 D [mTEE]  : errno = 2
06-05 01:57:44.010   512   512 D [mTEE]  :  pathname = /data/vendor/thh/ta/06090000000000000000000000000000/06090000000000000000000000000000.ta
06-05 01:57:44.010   512   512 D [mTEE]  :  flags = 0 mode = 0 retval = -2
06-05 01:57:44.010   548   548 I libperfmgr: 0 AdpfConfigs parsed successfully
06-05 01:57:44.010   475   475 D vold    : Detected support for FS_IOC_ADD_ENCRYPTION_KEY
06-05 01:57:44.010   548   548 I libperfmgr: No AdpfConfig section in the /vendor/etc/powerhint.json
06-05 01:57:44.010   475   475 D vold    : Installed fscrypt key with ref dda6ee9c996e5161 to /data
06-05 01:57:44.010   512   512 I [mTEE]  :  come into the TZ_VFS_OPEN function
06-05 01:57:44.010   512   512 D [mTEE]  :  pathname = /vendor/thh/ta/05120000000000000000000000000000.ta
06-05 01:57:44.010   512   512 D [mTEE]  :  flags = 0 mode = 0 retval = 8
06-05 01:57:44.011   512   512 D [mTEE]  :  come into the TZ_VFS_CLOSE function
06-05 01:57:44.011   512   512 D [mTEE]  :  fd = 8
06-05 01:57:44.011   512   512 D [mTEE]  :  retVal = 0
06-05 01:57:44.011   512   512 I [mTEE]  :  come into the TZ_VFS_OPEN function
06-05 01:57:44.011   512   512 D [mTEE]  :  pathname = /vendor/thh/ta/05120000000000000000000000000000.ta
06-05 01:57:44.011   512   512 D [mTEE]  :  flags = 0 mode = 0 retval = 8
06-05 01:57:44.011   512   512 D [mTEE]  :  come into the TZ_VFS_LSEEK function
06-05 01:57:44.011   512   512 D [mTEE]  :  come into the TZ_VFS_LSEEK function
06-05 01:57:44.011   512   512 D [mTEE]  :  come into the TZ_VFS_LSEEK function
06-05 01:57:44.012   512   512 D [mTEE]  :  come into the TZ_VFS_READ function
06-05 01:57:44.012   475   475 I vold    : Wrote system DE key reference to:/data/unencrypted/ref
06-05 01:57:44.012   475   475 D vold    : Generating standard storage key
06-05 01:57:44.012   475   475 D vold    : Installed fscrypt key with ref 657eb1f2cfd21bff to /data
06-05 01:57:44.012   512   512 D [mTEE]  :  come into the TZ_VFS_CLOSE function
06-05 01:57:44.012   512   512 D [mTEE]  :  fd = 8
06-05 01:57:44.012   512   512 D [mTEE]  :  retVal = 0
06-05 01:57:44.012   548   548 I libperfmgr: 28 actions parsed successfully
06-05 01:57:44.012   548   548 I libperfmgr: PowerHint LAUNCH has 8 node actions, and 0 hint actions parsed
06-05 01:57:44.012   548   548 I libperfmgr: PowerHint INTERACTION has 12 node actions, and 0 hint actions parsed
06-05 01:57:44.012   548   548 I libperfmgr: PowerHint EXPENSIVE_RENDERING has 4 node actions, and 0 hint actions parsed
06-05 01:57:44.012   548   548 I libperfmgr: PowerHint SUSTAINED_PERFORMANCE has 4 node actions, and 0 hint actions parsed
06-05 01:57:44.013   475   475 I vold    : Wrote per boot key reference to:/data/unencrypted/per_boot_ref
06-05 01:57:44.013   548   548 I libperfmgr: Initialized HintManager from JSON config: /vendor/etc/powerhint.json
06-05 01:57:44.014   548   548 E powerhal-libperfmgr: Unable to open fb idle state path (2)
06-05 01:57:44.014   548   548 I powerhal-libperfmgr: Initialize PowerHAL
06-05 01:57:44.012   548   548 I android.hardwar: type=1400 audit(0.0:20): avc:  denied  { search } for  name="mtkfb" dev="sysfs" ino=15112 scontext=u:r:hal_power_default:s0 tcontext=u:object_r:sysfs_mtkfb:s0 tclass=dir permissive=1
06-05 01:57:44.015   548   548 I powerhal-libperfmgr: Pixel Power HAL AIDL Service with Extension is started.
06-05 01:57:44.032   512   512 I [mTEE]  :  come into the TZ_VFS_OPEN function
06-05 01:57:44.032   512   512 D [mTEE]  :  pathname = /vendor/thh/ta/40188311faf343488db888ad39496f9a.ta
06-05 01:57:44.032   512   512 D [mTEE]  :  flags = 0 mode = 0 retval = 8
06-05 01:57:44.032   512   512 D [mTEE]  :  come into the TZ_VFS_CLOSE function
06-05 01:57:44.032   512   512 D [mTEE]  :  fd = 8
06-05 01:57:44.032   512   512 D [mTEE]  :  retVal = 0
06-05 01:57:44.032   512   512 I [mTEE]  :  come into the TZ_VFS_OPEN function
06-05 01:57:44.032   512   512 D [mTEE]  :  pathname = /vendor/thh/ta/40188311faf343488db888ad39496f9a.ta
06-05 01:57:44.032   512   512 D [mTEE]  :  flags = 0 mode = 0 retval = 8
06-05 01:57:44.033   512   512 D [mTEE]  :  come into the TZ_VFS_LSEEK function
06-05 01:57:44.033   512   512 D [mTEE]  :  come into the TZ_VFS_LSEEK function
06-05 01:57:44.033   512   512 D [mTEE]  :  come into the TZ_VFS_LSEEK function
06-05 01:57:44.033   512   512 D [mTEE]  :  come into the TZ_VFS_READ function
06-05 01:57:44.034   512   512 D [mTEE]  :  come into the TZ_VFS_CLOSE function
06-05 01:57:44.034   512   512 D [mTEE]  :  fd = 8
06-05 01:57:44.034   512   512 D [mTEE]  :  retVal = 0
06-05 01:57:44.036   561   561 I tombstoned: tombstoned successfully initialized
06-05 01:57:44.045   475   475 I incfs   : Initial API level of the device: 28
06-05 01:57:44.045   475   475 I incfs   : ro.incremental.enable: 
06-05 01:57:44.045   475   475 I incfs   : IncFs_Features: v1
06-05 01:57:44.046   521   536 I keystore2: system/security/keystore2/src/maintenance.rs:340 - earlyBootEnded()
06-05 01:57:44.046   521   536 I keystore2: system/security/keystore2/src/maintenance.rs:216 - In early_boot_ended.
06-05 01:57:44.053   512   512 I [mTEE]  :  come into the TZ_VFS_OPEN function
06-05 01:57:44.054   512   512 D [mTEE]  :  pathname = /vendor/thh/ta/07060000000000000000000000007169.ta
06-05 01:57:44.054   512   512 D [mTEE]  :  flags = 0 mode = 0 retval = 8
06-05 01:57:44.054   512   512 D [mTEE]  :  come into the TZ_VFS_CLOSE function
06-05 01:57:44.054   512   512 D [mTEE]  :  fd = 8
06-05 01:57:44.054   512   512 D [mTEE]  :  retVal = 0
06-05 01:57:44.054   512   512 I [mTEE]  :  come into the TZ_VFS_OPEN function
06-05 01:57:44.054   512   512 D [mTEE]  :  pathname = /vendor/thh/ta/07060000000000000000000000007169.ta
06-05 01:57:44.054   512   512 D [mTEE]  :  flags = 0 mode = 0 retval = 8
06-05 01:57:44.054   512   512 D [mTEE]  :  come into the TZ_VFS_LSEEK function
06-05 01:57:44.054   512   512 D [mTEE]  :  come into the TZ_VFS_LSEEK function
06-05 01:57:44.055   512   512 D [mTEE]  :  come into the TZ_VFS_LSEEK function
06-05 01:57:44.055   512   512 D [mTEE]  :  come into the TZ_VFS_READ function
06-05 01:57:44.055   521   536 I keystore2: system/security/keystore2/src/globals.rs:70 - Touching Keystore 2.0 database for this first time since boot.
06-05 01:57:44.055   521   536 I keystore2: system/security/keystore2/src/globals.rs:72 - Calling cleanup leftovers.
06-05 01:57:44.056   521   536 I keystore2: system/security/keystore2/src/boot_level_keys.rs:57 - ro.keystore.boot_level_key.strategy not set, inferring from installed KM instances
06-05 01:57:44.056   512   512 D [mTEE]  :  come into the TZ_VFS_CLOSE function
06-05 01:57:44.056   512   512 D [mTEE]  :  fd = 8
06-05 01:57:44.056   512   512 D [mTEE]  :  retVal = 0
06-05 01:57:44.056   521   536 I keystore2: system/security/keystore2/src/boot_level_keys.rs:115 - In get_level_zero_key: security_level=r#TRUSTED_ENVIRONMENT, deny_later_strategy=MaxUsesPerBoot
06-05 01:57:44.067   524   524 I wmt_launcher: patch name pre-fix:soc1_0_patch
06-05 01:57:44.067   524   524 I wmt_launcher: fw_version:0x8a00
06-05 01:57:44.067   524   524 I wmt_launcher: /vendor/firmware//soc1_0_patch_mcu_2a_1_hdr.bin
06-05 01:57:44.068   524   524 I wmt_launcher: fw Ver in patch: 0x00008a00
06-05 01:57:44.068   524   524 I wmt_launcher: read patch info:0x11,0xc0,0x01,0x00
06-05 01:57:44.068   524   524 I wmt_launcher: patch num = [1]
06-05 01:57:44.068   524   524 I wmt_launcher: patch seq = [1]
06-05 01:57:44.068   524   524 I wmt_launcher: cmd(srh_patch) resp(ok)
06-05 01:57:44.068   524   524 I wmt_launcher: (persist.vendor.connsys.fwlog.status) is not supported
06-05 01:57:44.068   524   564 I wmt_launcher: set persist.vendor.connsys.patch.version to 211019140501000 [done]
06-05 01:57:44.077   522   522 I beanpodkeymaster: cmd:3c Received 117 byte response
06-05 01:57:44.078   522   522 I beanpodkeymaster: cmd:20 Received 4 byte response
06-05 01:57:44.078   522   522 I beanpodkeymaster: Enter BeanpodKeymaster BeginOperation
06-05 01:57:44.079   512   512 I [mTEE]  :  come into the TZ_VFS_OPEN function
06-05 01:57:44.079   512   512 D [mTEE]  : errno = 2
06-05 01:57:44.079   512   512 D [mTEE]  :  pathname = /vendor/thh/ta/4be4f7dc1f2c11e5b5f7727283247c7f.ta
06-05 01:57:44.079   512   512 D [mTEE]  :  flags = 0 mode = 0 retval = -2
06-05 01:57:44.079   522   522 I beanpodkeymaster: cmd:4 Received 24 byte response
06-05 01:57:44.079   522   522 I beanpodkeymaster: Exit BeanpodKeymaster BeginOperation
06-05 01:57:44.079   512   512 I [mTEE]  :  come into the TZ_VFS_OPEN function
06-05 01:57:44.079   522   522 I beanpodkeymaster: Enter BeanpodKeymaster FinishOperation
06-05 01:57:44.079   522   522 I beanpodkeymaster: cmd:c Received 52 byte response
06-05 01:57:44.079   522   522 I beanpodkeymaster: Exit BeanpodKeymaster FinishOperation
06-05 01:57:44.080   521   536 I keystore2: system/security/keystore2/src/super_key.rs:302 - Starting boot level watcher.
06-05 01:57:44.080   512   512 D [mTEE]  : errno = 2
06-05 01:57:44.080   512   512 D [mTEE]  :  pathname = /data/vendor/thh/ta/4be4f7dc1f2c11e5b5f7727283247c7f/4be4f7dc1f2c11e5b5f7727283247c7f.ta
06-05 01:57:44.080   512   512 D [mTEE]  :  flags = 0 mode = 0 retval = -2
06-05 01:57:44.080   521   536 I keystore2: system/security/keystore2/src/maintenance.rs:197 - Call to earlyBootEnded succeeded for security level TRUSTED_ENVIRONMENT.
06-05 01:57:44.080   521   565 I keystore2: system/security/keystore2/src/super_key.rs:334 - Read keystore.boot_level value 30
06-05 01:57:44.080   512   512 I [mTEE]  :  come into the TZ_VFS_OPEN function
06-05 01:57:44.081   512   512 D [mTEE]  :  pathname = /vendor/thh/ta/9073f03a9618383bb1856eb3f990babd.ta
06-05 01:57:44.081   512   512 D [mTEE]  :  flags = 0 mode = 0 retval = 8
06-05 01:57:44.081   521   536 E keystore2: system/security/keystore2/src/maintenance.rs:202 - Call to earlyBootEnded failed for security level STRONGBOX: system/security/keystore2/src/maintenance.rs:177: getting keymint device.
06-05 01:57:44.081   521   536 E keystore2: system/security/keystore2/src/error.rs:200 - system/security/keystore2/src/maintenance.rs:177: getting keymint device
06-05 01:57:44.081   521   536 E keystore2: 
06-05 01:57:44.081   521   536 E keystore2: Caused by:
06-05 01:57:44.081   521   536 E keystore2:     0: system/security/keystore2/src/globals.rs:339: Cannot connect to Keymint
06-05 01:57:44.081   521   536 E keystore2:     1: system/security/keystore2/src/globals.rs:250: Trying to get Legacy wrapper.
06-05 01:57:44.081   521   536 E keystore2:     2: Error::Km(r#HARDWARE_TYPE_UNAVAILABLE)
06-05 01:57:44.081   512   512 D [mTEE]  :  come into the TZ_VFS_CLOSE function
06-05 01:57:44.081   512   512 D [mTEE]  :  fd = 8
06-05 01:57:44.081   512   512 D [mTEE]  :  retVal = 0
06-05 01:57:44.081   521   565 I keystore2: system/security/keystore2/src/super_key.rs:334 - Read keystore.boot_level value 30
06-05 01:57:44.081   512   512 I [mTEE]  :  come into the TZ_VFS_OPEN function
06-05 01:57:44.081   475   475 E vold    : keystore2 Keystore earlyBootEnded returned service specific error: -68
06-05 01:57:44.081   512   512 D [mTEE]  :  pathname = /vendor/thh/ta/9073f03a9618383bb1856eb3f990babd.ta
06-05 01:57:44.081   512   512 D [mTEE]  :  flags = 0 mode = 0 retval = 8
06-05 01:57:44.081   512   512 D [mTEE]  :  come into the TZ_VFS_LSEEK function
06-05 01:57:44.081   512   512 D [mTEE]  :  come into the TZ_VFS_LSEEK function
06-05 01:57:44.082   512   512 D [mTEE]  :  come into the TZ_VFS_LSEEK function
06-05 01:57:44.082   512   512 D [mTEE]  :  come into the TZ_VFS_READ function
06-05 01:57:44.083   512   512 D [mTEE]  :  come into the TZ_VFS_CLOSE function
06-05 01:57:44.083   512   512 D [mTEE]  :  fd = 8
06-05 01:57:44.083   512   512 D [mTEE]  :  retVal = 0
06-05 01:57:44.103   512   512 I [mTEE]  :  come into the TZ_VFS_OPEN function
06-05 01:57:44.103   512   512 D [mTEE]  : errno = 2
06-05 01:57:44.103   512   512 D [mTEE]  :  pathname = /vendor/thh/ta/08050000000000000000000000003419.ta
06-05 01:57:44.103   512   512 D [mTEE]  :  flags = 0 mode = 0 retval = -2
06-05 01:57:44.103   512   512 I [mTEE]  :  come into the TZ_VFS_OPEN function
06-05 01:57:44.103   512   512 D [mTEE]  : errno = 2
06-05 01:57:44.103   512   512 D [mTEE]  :  pathname = /data/vendor/thh/ta/08050000000000000000000000003419/08050000000000000000000000003419.ta
06-05 01:57:44.103   512   512 D [mTEE]  :  flags = 0 mode = 0 retval = -2
06-05 01:57:44.104   512   512 I [mTEE]  :  come into the TZ_VFS_OPEN function
06-05 01:57:44.104   512   512 D [mTEE]  :  pathname = /vendor/thh/ta/5020170115e016302017012521300000.ta
06-05 01:57:44.104   512   512 D [mTEE]  :  flags = 0 mode = 0 retval = 8
06-05 01:57:44.104   512   512 D [mTEE]  :  come into the TZ_VFS_CLOSE function
06-05 01:57:44.104   512   512 D [mTEE]  :  fd = 8
06-05 01:57:44.104   512   512 D [mTEE]  :  retVal = 0
06-05 01:57:44.104   512   512 I [mTEE]  :  come into the TZ_VFS_OPEN function
06-05 01:57:44.104   512   512 D [mTEE]  :  pathname = /vendor/thh/ta/5020170115e016302017012521300000.ta
06-05 01:57:44.104   512   512 D [mTEE]  :  flags = 0 mode = 0 retval = 8
06-05 01:57:44.105   512   512 D [mTEE]  :  come into the TZ_VFS_LSEEK function
06-05 01:57:44.105   512   512 D [mTEE]  :  come into the TZ_VFS_LSEEK function
06-05 01:57:44.105   512   512 D [mTEE]  :  come into the TZ_VFS_LSEEK function
06-05 01:57:44.105   512   512 D [mTEE]  :  come into the TZ_VFS_READ function
06-05 01:57:44.106   512   512 D [mTEE]  :  come into the TZ_VFS_CLOSE function
06-05 01:57:44.106   512   512 D [mTEE]  :  fd = 8
06-05 01:57:44.106   512   512 D [mTEE]  :  retVal = 0
06-05 01:57:44.126   512   512 I [mTEE]  :  come into the TZ_VFS_OPEN function
06-05 01:57:44.126   512   512 D [mTEE]  :  pathname = /vendor/thh/ta/0f5eed3c3b5a47afacca69a84bf0efad.ta
06-05 01:57:44.126   512   512 D [mTEE]  :  flags = 0 mode = 0 retval = 8
06-05 01:57:44.127   512   512 D [mTEE]  :  come into the TZ_VFS_CLOSE function
06-05 01:57:44.127   512   512 D [mTEE]  :  fd = 8
06-05 01:57:44.127   512   512 D [mTEE]  :  retVal = 0
06-05 01:57:44.127   512   512 I [mTEE]  :  come into the TZ_VFS_OPEN function
06-05 01:57:44.127   512   512 D [mTEE]  :  pathname = /vendor/thh/ta/0f5eed3c3b5a47afacca69a84bf0efad.ta
06-05 01:57:44.127   512   512 D [mTEE]  :  flags = 0 mode = 0 retval = 8
06-05 01:57:44.127   512   512 D [mTEE]  :  come into the TZ_VFS_LSEEK function
06-05 01:57:44.127   512   512 D [mTEE]  :  come into the TZ_VFS_LSEEK function
06-05 01:57:44.128   512   512 D [mTEE]  :  come into the TZ_VFS_LSEEK function
06-05 01:57:44.128   512   512 D [mTEE]  :  come into the TZ_VFS_READ function
06-05 01:57:44.128   512   512 D [mTEE]  :  come into the TZ_VFS_CLOSE function
06-05 01:57:44.129   512   512 D [mTEE]  :  fd = 8
06-05 01:57:44.129   512   512 D [mTEE]  :  retVal = 0
06-05 01:57:44.149   512   512 I [mTEE]  :  come into the TZ_VFS_OPEN function
06-05 01:57:44.149   512   512 D [mTEE]  :  pathname = /vendor/thh/ta/07407000000000000000000000000000.ta
06-05 01:57:44.149   512   512 D [mTEE]  :  flags = 0 mode = 0 retval = 8
