06-05 01:57:47.178   973   973 W MTK_FG_NVRAM: fd < 0, init first!
06-05 01:57:47.178   973   973 W MTK_FG_NVRAM: open fd failed
06-05 01:57:47.178   973   973 W MTK_FG_NVRAM: init failed, return!
06-05 01:57:47.178   973   973 W MTK_FG_NVRAM: fd < 0, init first!
06-05 01:57:47.178   973   973 W MTK_FG_NVRAM: open fd failed
06-05 01:57:47.178   973   973 W MTK_FG_NVRAM: init failed, return!
06-05 01:57:47.178   973   973 W MTK_FG_NVRAM: fd < 0, init first!
06-05 01:57:47.178   973   973 W MTK_FG_NVRAM: open fd failed
06-05 01:57:47.178   973   973 W MTK_FG_NVRAM: init failed, return!
06-05 01:57:47.178   973   973 W MTK_FG_NVRAM: fd < 0, init first!
06-05 01:57:47.178   973   973 W MTK_FG_NVRAM: open fd failed
06-05 01:57:47.178   973   973 W MTK_FG_NVRAM: init failed, return!
06-05 01:57:47.180   904   970 D gps_controlller: gps_control_thread: gps_control_thread wait
06-05 01:57:47.183   940   940 V MediaUtils: physMem: 5896253440
06-05 01:57:47.183   940   940 V MediaUtils: requested limit: 134217728
06-05 01:57:47.183   940   940 I libc    : malloc_limit: Allocation limit enabled, max size 134217728 bytes
06-05 01:57:47.189   940   940 D AudioPowerUsage: AudioPowerUsage
06-05 01:57:47.189   940   940 D AudioAnalytics: AudioAnalytics
06-05 01:57:47.189   880   880 I perfetto:  probes_producer.cc:340 Connected to the service
06-05 01:57:47.189   940   940 D MediaMetricsService: MediaMetricsService
06-05 01:57:47.190   744   744 D nativeloader: InitDefaultPublicLibraries for_preload=1: libandroid.so:libaaudio.so:libamidi.so:libbinder_ndk.so:libc.so:libcamera2ndk.so:libdl.so:libEGL.so:libGLESv1_CM.so:libGLESv2.so:libGLESv3.so:libicu.so:libicui18n.so:libicuuc.so:libjnigraphics.so:liblog.so:libmediandk.so:libm.so:libnativehelper.so:libnativewindow.so:libOpenMAXAL.so:libOpenSLES.so:libRS.so:libstdc++.so:libsync.so:libvulkan.so:libwebviewchromium_plat_support.so:libz.so
06-05 01:57:47.198   985   985 D ipsec_policy_mont: threaid priority -20,result:0
06-05 01:57:47.200   984   984 I thermal_src: ta_main
06-05 01:57:47.201   985   985 D ipsec_policy_mont: getproperty-- vendor.net.ims.ipsec.version :2.0
06-05 01:57:47.201   985   985 D ipsec_policy_mont: send success to get previous policy,ret_send:28
06-05 01:57:47.201   964   964 E android.hardware.sensors@1.0-service-mediatek: sensor hidl defaultPassthroughServiceImplementation start.
06-05 01:57:47.208   837   837 D NVRAM   : NVM_GetLIDByName /vendor/nvdata/APCFG/APRDCL/MD_SBP 
06-05 01:57:47.210   837   837 D NVRAM   : failed to get proinfo path /proinfo 
06-05 01:57:47.210   837   837 D NVRAM   : nvram_layout_callback will run!!!
06-05 01:57:47.210   837   837 D NVRAM   : libfile nvram_platform_log_block =2,nvram_platform_resv_block=2,nvram_platform_DM_block=1 nvram_platform_layout_version##=0,nvram_platform_header_offset=0,g_i4CFG_File_Count=51
06-05 01:57:47.210   837   837 D NVRAM   : NVM_Init Max Lid: 78
06-05 01:57:47.210   837   837 D NVRAM   : [NVRAM]: info nvram_gpt_flag =1
06-05 01:57:47.210   837   837 D NVRAM   : deal with cfgfile =/mnt/vendor/nvdata/APCFG/APRDCL/FILE_VER,0
06-05 01:57:47.210   837   837 D NVRAM   : deal with cfgfile =/mnt/vendor/nvdata/APCFG/APRDEB/BT_Addr,1
06-05 01:57:47.210   837   837 D NVRAM   : deal with cfgfile =/mnt/vendor/nvdata/APCFG/APRDCL/AUXADC,2
06-05 01:57:47.210   837   837 D NVRAM   : deal with cfgfile =/mnt/vendor/nvdata/media/CAMERA_Para,3
06-05 01:57:47.210   837   837 D NVRAM   : deal with cfgfile =/mnt/vendor/nvdata/media/CAMERA_3A,4
06-05 01:57:47.210   837   837 D NVRAM   : deal with cfgfile =/mnt/vendor/nvdata/media/CAMERA_SHADING,5
06-05 01:57:47.210   837   837 D NVRAM   : deal with cfgfile =/mnt/vendor/nvdata/media/CAMERA_DEFECT,6
06-05 01:57:47.210   837   837 D NVRAM   : deal with cfgfile =/mnt/vendor/nvdata/media/CAMERA_SENSOR,7
06-05 01:57:47.210   837   837 D NVRAM   : deal with cfgfile =/mnt/vendor/nvdata/media/CAMERA_LENS,8
06-05 01:57:47.210   837   837 D NVRAM   : deal with cfgfile =/mnt/vendor/nvdata/APCFG/APRDCL/UART,9
06-05 01:57:47.210   837   837 D NVRAM   : deal with cfgfile =/mnt/vendor/nvdata/APCFG/APRDCL/FACTORY,10
06-05 01:57:47.210   837   837 D NVRAM   : deal with cfgfile =/mnt/vendor/nvdata/APCFG/APRDCL/BWCS,11
06-05 01:57:47.210   837   837 D NVRAM   : deal with cfgfile =/mnt/vendor/nvdata/APCFG/APRDCL/HWMON_ACC,12
06-05 01:57:47.210   837   837 D NVRAM   : deal with cfgfile =/mnt/vendor/nvdata/APCFG/APRDCL/HWMON_GYRO,13
06-05 01:57:47.210   837   837 D NVRAM   : deal with cfgfile =/mnt/vendor/nvdata/APCFG/APRDEB/OMADM_USB,14
06-05 01:57:47.210   837   837 D NVRAM   : deal with cfgfile =/mnt/vendor/nvdata/media/Voice_Recognize_Param,15
06-05 01:57:47.210   837   837 D NVRAM   : deal with cfgfile =/mnt/vendor/nvdata/media/Audio_AudEnh_Control_Opt,16
06-05 01:57:47.210   837   837 D NVRAM   : deal with cfgfile =/mnt/vendor/nvdata/media/Audio_VOIP_Param,17
06-05 01:57:47.210   837   837 D NVRAM   : deal with cfgfile =/mnt/vendor/nvdata/APCFG/APRDCL/HWMON_PS,18
06-05 01:57:47.210   837   837 D NVRAM   : deal with cfgfile =/mnt/vendor/nvdata/APCFG/APRDCL/MD_Type,19
06-05 01:57:47.210   837   837 D NVRAM   : deal with cfgfile =/mnt/vendor/nvdata/APCFG/APRDCL/EXT_MD_Type,20
06-05 01:57:47.210   837   837 D NVRAM   : deal with cfgfile =/mnt/vendor/nvdata/APCFG/APRDCL/SDIO,21
06-05 01:57:47.210   837   837 D NVRAM   : deal with cfgfile =/mnt/vendor/nvdata/media/CAMERA_VERSION,22
06-05 01:57:47.210   837   837 D NVRAM   : deal with cfgfile =/mnt/vendor/nvdata/media/CAMERA_FEATURE,23
06-05 01:57:47.210   837   837 D NVRAM   : deal with cfgfile =/mnt/vendor/nvdata/media/CAMERA_GEOMETRY,24
06-05 01:57:47.210   837   837 D NVRAM   : deal with cfgfile =/mnt/vendor/nvdata/APCFG/APRDCL/MD_SBP,25
06-05 01:57:47.210   837   837 D NVRAM   : deal with cfgfile =/mnt/vendor/nvdata/media/CAMERA_SHADING2,26
06-05 01:57:47.210   837   837 D NVRAM   : deal with cfgfile =/mnt/vendor/nvdata/media/CAMERA_SHADING3,27
06-05 01:57:47.210   837   837 D NVRAM   : deal with cfgfile =/mnt/vendor/nvdata/media/CAMERA_SHADING4,28
06-05 01:57:47.210   837   837 D NVRAM   : deal with cfgfile =/mnt/vendor/nvdata/media/CAMERA_SHADING5,29
06-05 01:57:47.210   837   837 D NVRAM   : deal with cfgfile =/mnt/vendor/nvdata/media/CAMERA_SHADING6,30
06-05 01:57:47.210   837   837 D NVRAM   : deal with cfgfile =/mnt/vendor/nvdata/media/CAMERA_SHADING7,31
06-05 01:57:47.210   837   837 D NVRAM   : deal with cfgfile =/mnt/vendor/nvdata/media/CAMERA_SHADING8,32
06-05 01:57:47.210   837   837 D NVRAM   : deal with cfgfile =/mnt/vendor/nvdata/media/CAMERA_SHADING9,33
06-05 01:57:47.210   837   837 D NVRAM   : deal with cfgfile =/mnt/vendor/nvdata/media/CAMERA_SHADING10,34
06-05 01:57:47.210   837   837 D NVRAM   : deal with cfgfile =/mnt/vendor/nvdata/media/CAMERA_SHADING11,35
06-05 01:57:47.210   837   837 D NVRAM   : deal with cfgfile =/mnt/vendor/nvdata/media/CAMERA_SHADING12,36
06-05 01:57:47.210   837   837 D NVRAM   : deal with cfgfile =/mnt/vendor/nvdata/media/CAMERA_PLINE,37
06-05 01:57:47.210   837   837 D NVRAM   : deal with cfgfile =/mnt/vendor/nvdata/media/CAMERA_PLINE2,38
06-05 01:57:47.210   837   837 D NVRAM   : deal with cfgfile =/mnt/vendor/nvdata/media/CAMERA_PLINE3,39
06-05 01:57:47.210   837   837 D NVRAM   : deal with cfgfile =/mnt/vendor/nvdata/media/CAMERA_PLINE4,40
06-05 01:57:47.210   837   837 D NVRAM   : deal with cfgfile =/mnt/vendor/nvdata/media/CAMERA_PLINE5,41
06-05 01:57:47.210   837   837 D NVRAM   : deal with cfgfile =/mnt/vendor/nvdata/media/CAMERA_PLINE6,42
06-05 01:57:47.210   837   837 D NVRAM   : deal with cfgfile =/mnt/vendor/nvdata/media/CAMERA_PLINE7,43
06-05 01:57:47.210   837   837 D NVRAM   : deal with cfgfile =/mnt/vendor/nvdata/media/CAMERA_PLINE8,44
06-05 01:57:47.210   837   837 D NVRAM   : deal with cfgfile =/mnt/vendor/nvdata/media/CAMERA_PLINE9,45
06-05 01:57:47.210   837   837 D NVRAM   : deal with cfgfile =/mnt/vendor/nvdata/media/CAMERA_PLINE10,46
06-05 01:57:47.210   837   837 D NVRAM   : deal with cfgfile =/mnt/vendor/nvdata/media/CAMERA_PLINE11,47
06-05 01:57:47.211   837   837 D NVRAM   : deal with cfgfile =/mnt/vendor/nvdata/media/CAMERA_PLINE12,48
06-05 01:57:47.211   837   837 D NVRAM   : deal with cfgfile =/mnt/vendor/nvdata/media/CAMERA_AF,49
06-05 01:57:47.211   837   837 D NVRAM   : deal with cfgfile =/mnt/vendor/nvdata/media/CAMERA_FLASH_CALIBRATION,50
06-05 01:57:47.211   837   837 D NVRAM   : deal with cfgcustfile =/mnt/vendor/nvdata/media/Audio_Sph,51
06-05 01:57:47.211   837   837 D NVRAM   : deal with cfgcustfile =/mnt/vendor/nvdata/APCFG/APRDEB/GPS,52
06-05 01:57:47.211   837   837 D NVRAM   : deal with cfgcustfile =/mnt/vendor/nvdata/media/Audio_CompFlt,53
06-05 01:57:47.211   837   837 D NVRAM   : deal with cfgcustfile =/mnt/vendor/nvdata/media/Audio_Effect,54
06-05 01:57:47.211   837   837 D NVRAM   : deal with cfgcustfile =/mnt/vendor/nvdata/APCFG/APRDEB/WIFI,55
06-05 01:57:47.211   837   837 D NVRAM   : deal with cfgcustfile =/mnt/vendor/nvdata/APCFG/APRDEB/WIFI_CUSTOM,56
06-05 01:57:47.211   837   837 D NVRAM   : deal with cfgcustfile =/mnt/vendor/nvdata/media/Audio_Sph_Med,57
06-05 01:57:47.211   837   837 D NVRAM   : deal with cfgcustfile =/mnt/vendor/nvdata/media/Audio_Vol_custom,58
06-05 01:57:47.211   837   837 D NVRAM   : deal with cfgcustfile =/mnt/vendor/nvdata/media/Sph_Dual_Mic,59
06-05 01:57:47.211   837   837 D NVRAM   : deal with cfgcustfile =/mnt/vendor/nvdata/media/Audio_Wb_Sph,60
06-05 01:57:47.211   837   837 D NVRAM   : deal with cfgcustfile =/mnt/vendor/nvdata/APCFG/APRDEB/PRODUCT_INFO,61
06-05 01:57:47.211   837   837 D NVRAM   : deal with cfgcustfile =/mnt/vendor/nvdata/media/Headphone_CompFlt,62
06-05 01:57:47.211   837   837 D NVRAM   : deal with cfgcustfile =/mnt/vendor/nvdata/media/Audio_gain_table,63
06-05 01:57:47.211   837   837 D NVRAM   : deal with cfgcustfile =/mnt/vendor/nvdata/media/Audio_ver1_Vol_custom,64
06-05 01:57:47.211   837   837 D NVRAM   : deal with cfgcustfile =/mnt/vendor/nvdata/media/Audio_Hd_Record_Param,65
06-05 01:57:47.211   837   837 D NVRAM   : deal with cfgcustfile =/mnt/vendor/nvdata/media/Audio_Hd_Record_Scene_Table,66
06-05 01:57:47.211   837   837 D NVRAM   : deal with cfgcustfile =/mnt/vendor/nvdata/media/Audio_Buffer_DC_Calibration_Param,67
06-05 01:57:47.211   837   837 D NVRAM   : deal with cfgcustfile =/mnt/vendor/nvdata/media/VibSpk_CompFlt,68
06-05 01:57:47.211   837   837 D NVRAM   : deal with cfgcustfile =/mnt/vendor/nvdata/media/MusicDRC_CompFlt,69
06-05 01:57:47.211   837   837 D NVRAM   : deal with cfgcustfile =/mnt/vendor/nvdata/media/RingToneDRC_CompFlt,70
06-05 01:57:47.211   837   837 D NVRAM   : deal with cfgcustfile =/mnt/vendor/nvdata/media/Audio_MAGI_CONFERENCE,71
06-05 01:57:47.211   837   837 D NVRAM   : deal with cfgcustfile =/mnt/vendor/nvdata/media/Audio_HAC_Param,72
06-05 01:57:47.211   837   837 D NVRAM   : deal with cfgcustfile =/mnt/vendor/nvdata/media/Audio_Sph_Lpbk,73
06-05 01:57:47.211   837   837 D NVRAM   : deal with cfgcustfile =/mnt/vendor/nvdata/media/Audio_BT_Gain,74
06-05 01:57:47.211   837   837 D NVRAM   : deal with cfgcustfile =/mnt/vendor/nvdata/media/AUDIO_FUNC_SWITCH_Param,75
06-05 01:57:47.211   837   837 D NVRAM   : deal with cfgcustfile =/mnt/vendor/nvdata/APCFG/APRDCL/FG,76
06-05 01:57:47.211   837   837 D NVRAM   : deal with cfgcustfile =/mnt/vendor/nvdata/APCFG/APRDCL/smartpa_calib,77
06-05 01:57:47.211   837   837 D NVRAM   : NVRAM: NVM_GetLIDByName Lid =25 
06-05 01:57:47.211   837   837 D NVRAM   : NVM_GetFileDesc: Open /mnt/vendor/nvdata/APCFG/APRDCL/MD_SBP,LID:25
06-05 01:57:47.211   837   837 D NVRAM   : NVM_CmpFileVerNo 25  
06-05 01:57:47.211   837   837 D NVRAM   : Load File Version: 001, NvRam File Version: 001
06-05 01:57:47.211   837   837 D NVRAM   : NVM_ProtectDataFile : 25 ++
06-05 01:57:47.212   984   984 I thermal_src1: libthermal_algo_setup
06-05 01:57:47.212   984   984 V thermal_src: get control socket success, sock_id:6
06-05 01:57:47.212   984   984 V thermal_src: native process pid is 984
06-05 01:57:47.212   984   984 V thermal_src: bind done
06-05 01:57:47.212   984   984 I thermal_src1: ta_daemon_init
06-05 01:57:47.212   984   984 V thermal_src: [ta_daemon_init] TA_DAEMON_CMD_SET_DAEMON_PID, input 984
06-05 01:57:47.212   984   984 V thermal_src: tad_ctrl_cmd_to_kernel,240 cmd = 0x1, len=4
06-05 01:57:47.212   984   984 I thermal_src1: spa_init
06-05 01:57:47.212   837   837 D NVRAM   : NVM_ProtectUserData:Check Success
06-05 01:57:47.213   837   837 D NVRAM   : NVM_ProtectDataFile : 25 ++
06-05 01:57:47.213   837   837 D NVRAM   : NVM_SetCheckNo: CheckNo:3
06-05 01:57:47.213   837   837 D NVRAM   : NVM_SetCheckNo: CheckFlag:0
06-05 01:57:47.214   964   964 I android.hardware.sensors@1.0-service-mediatek: Loaded library from /vendor/lib64/hw/sensors.touch.so
06-05 01:57:47.217   837   837 D NVRAM   : NVM_ProtectUserData:Set Check Num Success
06-05 01:57:47.217   837   837 D NVRAM   : NVM_CloseFileDesc ProtectDataFile Success!!
06-05 01:57:47.222   964   964 I android.hardware.sensors@1.0-service-mediatek: Loaded library from /vendor/lib64/hw/sensors.mt6785.so
06-05 01:57:47.223   964   964 I android.hardware.sensors@1.0-service-mediatek: Loaded library from 
06-05 01:57:47.223   964   964 W android.hardware.sensors@1.0-service-mediatek: Error calling dlsym: undefined symbol: HMI
06-05 01:57:47.223   964   964 D TouchSensor: open_sensors: name=poll!
06-05 01:57:47.223   964   964 D Sensors : open_sensors: name=poll!
06-05 01:57:47.223   964   964 I SensorList: defaultSensorListCount=28
06-05 01:57:47.225   964   964 I SensorList: sensor=0, name=bmi160_acc
06-05 01:57:47.225   964   964 I SensorList: sensor=3, name=bmi160_gyro
06-05 01:57:47.225   964   964 I SensorList: sensor=1, name=akm09918
06-05 01:57:47.225   964   964 I SensorList: replaceSensor=1
06-05 01:57:47.225   964   964 I SensorList: sensor=4, name=tsl2560
06-05 01:57:47.225   964   964 I SensorList: replaceSensor=4
06-05 01:57:47.225   964   964 I SensorList: sensor=7, name=stk3332_p
06-05 01:57:47.225   964   964 I SensorList: sensor=5, name=NULL
06-05 01:57:47.225   964   964 I SensorList: removeSensor=5
06-05 01:57:47.225   964   964 I SensorList: sensor=71, name=NULL
06-05 01:57:47.225   964   964 I SensorList: removeSensor=74
06-05 01:57:47.225   964   964 I SensorList: removeSensor=71
06-05 01:57:47.225   964   964 I SensorList: sensor=74, name=
06-05 01:57:47.225   964   964 I SensorList: sensor=73, name=
06-05 01:57:47.225   964   964 I SensorList: sensor=72, name=
06-05 01:57:47.225   964   964 I SensorList: sensor=75, name=
06-05 01:57:47.226   964   964 I SensorList: newSensorListCount=26
06-05 01:57:47.226   964   964 E SensorContext: sensors_poll_context_t constructor.
06-05 01:57:47.226   964  1001 I TouchSensor: sensors_poll count 36, g_touchsensor_enable 0
06-05 01:57:47.228   964   964 E SensorSaved: (/mnt/vendor/nvcfg) exist
06-05 01:57:47.228   964   964 D Accelerometer: misc path =/sys/class/sensor/m_acc_misc/
06-05 01:57:47.229   964   964 I Accelerometer: read div buf(/sys/class/sensor/m_acc_misc/accactive), mdiv 1000
06-05 01:57:47.231   960   960 I wificond: wificond is starting up...
06-05 01:57:47.232   964   964 I Accelerometer: read bias: [0.000000, 0.000000, 0.000000]
06-05 01:57:47.234   964   964 I Accelerometer: read cali: [-739, -823, 247]
06-05 01:57:47.235   964   964 D Magnetic: misc path =/sys/class/sensor/m_mag_misc/
06-05 01:57:47.235   964   964 I Magnetic: read div buf(/sys/class/sensor/m_mag_misc/magactive), mdiv_M 100
06-05 01:57:47.236   964   964 I Magnetic: read bias: [-48.000000, -87.000000, -220.500000]
06-05 01:57:47.237   964   964 I Magnetic: read cali parameter: [65344, 65188, 64654, 261928, 1431699018, 1431698513]
06-05 01:57:47.238   964   964 D Proximity: misc path =/sys/class/sensor/m_ps_misc/
06-05 01:57:47.238   964   964 I Proximity: read div buf(/sys/class/sensor/m_ps_misc/psactive), mdiv 100
06-05 01:57:47.239   964   964 I Proximity: read cali [th_high, th_low]:[0, 3277], [reg1, reg2]:[3505, 3733]
06-05 01:57:47.241   986   986 E agps    : [agps] ERR: [MAIN] mtk_agpsd is running ver=4.399.0
06-05 01:57:47.242   986   986 E agps    : [agps] ERR: [MAIN] mtk_agpsd is for Android
06-05 01:57:47.245   986   986 D agps    : [agps][n][RPC] get_rpc_interface load from /system/lib/libviagpsrpc.so
06-05 01:57:47.245   964   964 E Light   : in the /sys/class/misc/scp/scp_mobile_log
06-05 01:57:47.245   964   964 E Light   : /sys/class/misc/scp/scp_mobile_log 6
06-05 01:57:47.245   964   964 E Light   : /sys/class/misc/scp/scp_mobile_log close
06-05 01:57:47.245   964   964 D Light   : misc path =/sys/class/sensor/m_als_misc/
06-05 01:57:47.245   964   964 I Light   : read div buf(/sys/class/sensor/m_als_misc/alsactive),mdiv 100
06-05 01:57:47.245   986   986 D agps    : [agps][n][RPC] get_rpc_interface load from /vendor/lib/libviagpsrpc.so
06-05 01:57:47.247   964   964 I Light   : read alsCali: [752]
06-05 01:57:47.250   960   960 I HidlServiceManagement: Registered android.system.wifi.keystore@1.0::IKeystore/default
06-05 01:57:47.261   986   986 D agps    : [agps][n][MAIN] [CDMA mgr]VIAMTKDBG cdma_mgr_dlopen_firmware success
06-05 01:57:47.261   745   745 D nativeloader: InitDefaultPublicLibraries for_preload=1: libandroid.so:libaaudio.so:libamidi.so:libbinder_ndk.so:libc.so:libcamera2ndk.so:libdl.so:libEGL.so:libGLESv1_CM.so:libGLESv2.so:libGLESv3.so:libicu.so:libicui18n.so:libicuuc.so:libjnigraphics.so:liblog.so:libmediandk.so:libm.so:libnativehelper.so:libnativewindow.so:libOpenMAXAL.so:libOpenSLES.so:libRS.so:libstdc++.so:libsync.so:libvulkan.so:libwebviewchromium_plat_support.so:libz.so
06-05 01:57:47.265   959   959 I storaged: Unable to get AIDL health service, trying HIDL...
06-05 01:57:47.267   817   817 I ServiceManagerCppClient: Waiting for service 'media.metrics' on '/dev/binder' successful after waiting 403ms
06-05 01:57:47.269   935   935 I main_extractorservice: enable media.extractor memory limits
06-05 01:57:47.269   935   935 V MediaUtils: physMem: 5896253440
06-05 01:57:47.269   935   935 V MediaUtils: requested limit: 1179250680
06-05 01:57:47.269   940   994 I ServiceManagerCppClient: Waiting for service 'package_native' on '/dev/binder'...
06-05 01:57:47.269   935   935 I libc    : malloc_limit: Allocation limit enabled, max size 1179250680 bytes
06-05 01:57:47.270   817   817 D audioserver: main: AudioFlinger created
06-05 01:57:47.270   986  1012 I MtkAgpsNative: Enter mtk_agps_up_init
06-05 01:57:47.271   464   464 I hwservicemanager: getTransport: Cannot find entry android.hardware.atrace@1.0::IAtraceDevice/default in either framework or device VINTF manifest.
06-05 01:57:47.273   986  1012 D MtkAgpsNative: rrlp_mod_init(): Init rrlp_ptr_g
06-05 01:57:47.273   986  1012 I MtkAgpsNative: [????] kal_create_mutex: name(tls_global) 
06-05 01:57:47.273   986  1012 D MtkAgpsNative: [????] -> idx(0) tbl_mtx_name()  name(tls_global) 
06-05 01:57:47.273   986  1012 D MtkAgpsNative: [????]   -> empty slot found (0)
06-05 01:57:47.273   986  1012 D MtkAgpsNative: [????]   -> kal_create_mutex: idx(0) name(tls_global) 
06-05 01:57:47.274   817   817 E AudioFlinger: Function: getAudioPolicyConfig Line: 2516 Failed 
06-05 01:57:47.272   817   817 W audioserver: type=1400 audit(0.0:456): avc:  denied  { read } for  name="u:object_r:vendor_default_prop:s0" dev="tmpfs" ino=11785 scontext=u:r:audioserver:s0 tcontext=u:object_r:vendor_default_prop:s0 tclass=file permissive=0
06-05 01:57:47.276   817   817 W libc    : Access denied finding property "ro.vendor.qti.va_aosp.support"
06-05 01:57:47.279   998   998 I ServiceManagerCppClient: Waiting for service 'statscompanion' on '/dev/binder'...
06-05 01:57:47.281   744   744 D zygote64: Time zone APEX ICU file found: /apex/com.android.tzdata/etc/icu/icu_tzdata.dat
06-05 01:57:47.284   744   744 D zygote64: I18n APEX ICU file found: /apex/com.android.i18n/etc/icu/icudt72l.dat
06-05 01:57:47.286   992   992 I VPUD    : vpud without fuse
06-05 01:57:47.286   992   992 I VPUD    : [vpud] vdec_get_addr ecf09458 444672 ecf75d58 1536 ecf76358 4608 
06-05 01:57:47.286   992   992 I VPUD    : [vpud] venc_get_addr ecf77580 20720 ecf7c670 768 ecf7c970 2304 
06-05 01:57:47.287   992   992 I VPUD    : [vpud] shmem_end ecf7e000 shmem_start ecf09000 size 479232
06-05 01:57:47.287   464   982 W libc    : Unable to set property "ctl.interface_start" to "android.frameworks.sensorservice@1.0::ISensorManager/default": error code: 0x20
06-05 01:57:47.287   464   982 I hwservicemanager: Tried to start android.frameworks.sensorservice@1.0::ISensorManager/default as a lazy service, but was unable to. Usually this happens when a service is not installed, but if the service is intended to be used as a lazy service, then it may be configured incorrectly.
06-05 01:57:47.288   992   992 W libc    : pthread_create sched_setscheduler(1, {99}) call failed: Operation not permitted
06-05 01:57:47.288   464   980 W libc    : Unable to set property "ctl.interface_start" to "android.frameworks.sensorservice@1.0::ISensorManager/default": error code: 0x20
06-05 01:57:47.288   992   992 W libc    : pthread_create sched_setscheduler(1, {99}) call failed: Operation not permitted
06-05 01:57:47.288   464   980 I hwservicemanager: Tried to start android.frameworks.sensorservice@1.0::ISensorManager/default as a lazy service, but was unable to. Usually this happens when a service is not installed, but if the service is intended to be used as a lazy service, then it may be configured incorrectly.
06-05 01:57:47.288   992   992 I VPUD    : vdec_codec_service_init() block mode
06-05 01:57:47.288   935   935 W mediaextractor: Could not read additional policy file '/vendor/etc/seccomp_policy/mediaextractor.policy'
06-05 01:57:47.288   992   992 I VPUD    : venc_codec_service_init()
06-05 01:57:47.289   992   992 I VPUD    : The firmware version is 0.2.14
06-05 01:57:47.289   992   992 I VPUD    : -- send_init_fin
06-05 01:57:47.289   935   935 W mediaextractor: libminijail[935]: failed to get path of fd 5: No such file or directory
06-05 01:57:47.289   935   935 W mediaextractor: libminijail[935]: allowing syscall: connect
06-05 01:57:47.289   935   935 W mediaextractor: libminijail[935]: allowing syscall: fcntl
06-05 01:57:47.289   935   935 W mediaextractor: libminijail[935]: allowing syscall: sendto
06-05 01:57:47.289   992  1040 I VPUD    : [vpud] watch_dog created
06-05 01:57:47.289   935   935 W mediaextractor: libminijail[935]: allowing syscall: socket
06-05 01:57:47.289   935   935 W mediaextractor: libminijail[935]: allowing syscall: writev
06-05 01:57:47.289   935   935 W mediaextractor: libminijail[935]: compile_file: <fd>(42): syscall readlinkat redefined here
06-05 01:57:47.289   935   935 W mediaextractor: libminijail[935]: compile_file: <fd>(38): previous definition here
06-05 01:57:47.293   992  1038 I VPUD    : [vpud] receiver created
06-05 01:57:47.293   935   935 W mediaextractor: libminijail[935]: compile_file: /apex/com.android.media/etc/seccomp_policy/crash_dump.arm64.policy(1): syscall read redefined here
06-05 01:57:47.293   935   935 W mediaextractor: libminijail[935]: compile_file: <fd>(18): previous definition here
06-05 01:57:47.293   935   935 W mediaextractor: libminijail[935]: compile_file: /apex/com.android.media/etc/seccomp_policy/crash_dump.arm64.policy(2): syscall write redefined here
06-05 01:57:47.293   935   935 W mediaextractor: libminijail[935]: compile_file: <fd>(6): previous definition here
06-05 01:57:47.293   935   935 W mediaextractor: libminijail[935]: compile_file: /apex/com.android.media/etc/seccomp_policy/crash_dump.arm64.policy(3): syscall exit redefined here
06-05 01:57:47.293   935   935 W mediaextractor: libminijail[935]: compile_file: <fd>(27): previous definition here
06-05 01:57:47.294   935   935 W mediaextractor: libminijail[935]: compile_file: /apex/com.android.media/etc/seccomp_policy/crash_dump.arm64.policy(4): syscall rt_sigreturn redefined here
06-05 01:57:47.294   935   935 W mediaextractor: libminijail[935]: compile_file: <fd>(29): previous definition here
06-05 01:57:47.294   935   935 W mediaextractor: libminijail[935]: compile_file: /apex/com.android.media/etc/seccomp_policy/crash_dump.arm64.policy(5): syscall exit_group redefined here
06-05 01:57:47.294   935   935 W mediaextractor: libminijail[935]: compile_file: <fd>(28): previous definition here
06-05 01:57:47.294   935   935 W mediaextractor: libminijail[935]: compile_file: /apex/com.android.media/etc/seccomp_policy/crash_dump.arm64.policy(8): syscall futex redefined here
06-05 01:57:47.294   935   935 W mediaextractor: libminijail[935]: compile_file: <fd>(4): previous definition here
06-05 01:57:47.294   935   935 W mediaextractor: libminijail[935]: compile_file: /apex/com.android.media/etc/seccomp_policy/crash_dump.arm64.policy(9): syscall getrandom redefined here
06-05 01:57:47.294   935   935 W mediaextractor: libminijail[935]: compile_file: <fd>(32): previous definition here
06-05 01:57:47.294   935   935 W mediaextractor: libminijail[935]: compile_file: /apex/com.android.media/etc/seccomp_policy/crash_dump.arm64.policy(14): syscall openat redefined here
06-05 01:57:47.294   935   935 W mediaextractor: libminijail[935]: compile_file: <fd>(12): previous definition here
06-05 01:57:47.294   935   935 W mediaextractor: libminijail[935]: compile_file: /apex/com.android.media/etc/seccomp_policy/crash_dump.arm64.policy(15): syscall dup redefined here
06-05 01:57:47.294   935   935 W mediaextractor: libminijail[935]: compile_file: <fd>(9): previous definition here
06-05 01:57:47.294   935   935 W mediaextractor: libminijail[935]: compile_file: /apex/com.android.media/etc/seccomp_policy/crash_dump.arm64.policy(16): syscall close redefined here
06-05 01:57:47.294   935   935 W mediaextractor: libminijail[935]: compile_file: <fd>(8): previous definition here
06-05 01:57:47.294   935   935 W mediaextractor: libminijail[935]: compile_file: /apex/com.android.media/etc/seccomp_policy/crash_dump.arm64.policy(17): syscall lseek redefined here
06-05 01:57:47.294   935   935 W mediaextractor: libminijail[935]: compile_file: <fd>(23): previous definition here
06-05 01:57:47.294   935   935 W mediaextractor: libminijail[935]: compile_file: /apex/com.android.media/etc/seccomp_policy/crash_dump.arm64.policy(18): syscall getdents64 redefined here
06-05 01:57:47.294   935   935 W mediaextractor: libminijail[935]: compile_file: <fd>(41): previous definition here
06-05 01:57:47.294   935   935 W mediaextractor: libminijail[935]: compile_file: /apex/com.android.media/etc/seccomp_policy/crash_dump.arm64.policy(19): syscall faccessat redefined here
06-05 01:57:47.294   986  1012 E agps    : [agps] ERR: [MNL] bind failed path=[/data/agps_supl/mnl_to_agps] reason=[No such file or directory]
06-05 01:57:47.294   935   935 W mediaextractor: libminijail[935]: compile_file: <fd>(25): previous definition here
06-05 01:57:47.294   986  1012 D agps    : [agps] WARNING: [MNL] it's a Android P version, bind MNL2AGPS_ABSTRACT_SOCK_NAME instead
06-05 01:57:47.294   935   935 W mediaextractor: libminijail[935]: compile_file: /apex/com.android.media/etc/seccomp_policy/crash_dump.arm64.policy(22): syscall setsockopt redefined here
06-05 01:57:47.294   935   935 W mediaextractor: libminijail[935]: compile_file: <fd>(56): previous definition here
06-05 01:57:47.294   935   935 W mediaextractor: libminijail[935]: compile_file: /apex/com.android.media/etc/seccomp_policy/crash_dump.arm64.policy(29): syscall prctl redefined here
06-05 01:57:47.294   935   935 W mediaextractor: libminijail[935]: compile_file: <fd>(5): previous definition here
06-05 01:57:47.295   986  1012 E agps    : [agps] ERR: [Default] mtk_expat_xml_load2() failed [fopen() No such file or directory] file [/data/vendor/agps_supl/agps_profiles_conf2.xml]
06-05 01:57:47.295   935   935 W mediaextractor: libminijail[935]: compile_file: /apex/com.android.media/etc/seccomp_policy/crash_dump.arm64.policy(30): syscall madvise redefined here
06-05 01:57:47.295   935   935 W mediaextractor: libminijail[935]: compile_file: <fd>(14): previous definition here
06-05 01:57:47.295   935   935 W mediaextractor: libminijail[935]: compile_file: /apex/com.android.media/etc/seccomp_policy/crash_dump.arm64.policy(31): syscall mprotect redefined here
06-05 01:57:47.295   935   935 W mediaextractor: libminijail[935]: compile_file: <fd>(13): previous definition here
06-05 01:57:47.295   986  1012 E agps    : [agps] ERR: [Default] mtk_expat_xml_load2() failed [fopen() No such file or directory] file [/data/agps_supl/agps_profiles_conf2.xml]
06-05 01:57:47.295   986  1012 E agps    : [agps] ERR: [Default] mtk_expat_xml_load2() failed [fopen() No such file or directory] file [/vendor/etc/agps_profiles_conf2.xml]
06-05 01:57:47.295   935   935 W mediaextractor: libminijail[935]: compile_file: /apex/com.android.media/etc/seccomp_policy/crash_dump.arm64.policy(32): syscall munmap redefined here
06-05 01:57:47.295   935   935 W mediaextractor: libminijail[935]: compile_file: <fd>(11): previous definition here
06-05 01:57:47.295   935   935 W mediaextractor: libminijail[935]: compile_file: /apex/com.android.media/etc/seccomp_policy/crash_dump.arm64.policy(33): syscall getuid redefined here
06-05 01:57:47.295   935   935 W mediaextractor: libminijail[935]: compile_file: <fd>(15): previous definition here
06-05 01:57:47.295   935   935 W mediaextractor: libminijail[935]: compile_file: /apex/com.android.media/etc/seccomp_policy/crash_dump.arm64.policy(34): syscall fstat redefined here
06-05 01:57:47.295   935   935 W mediaextractor: libminijail[935]: compile_file: <fd>(16): previous definition here
06-05 01:57:47.295   935   935 W mediaextractor: libminijail[935]: compile_file: /apex/com.android.media/etc/seccomp_policy/crash_dump.arm64.policy(35): syscall mmap redefined here
06-05 01:57:47.295   935   935 W mediaextractor: libminijail[935]: compile_file: <fd>(10): previous definition here
06-05 01:57:47.296   992  1037 I VPUD    : [vpud] receiver created
06-05 01:57:47.296   959   959 I ServiceManagerCppClient: Waiting for service 'package_native' on '/dev/binder'...
06-05 01:57:47.297   992  1039 I VPUD    : [vpud] vdec_log_info,line:213
06-05 01:57:47.297   992  1039 I VPUD    :  
06-05 01:57:47.299   935   935 W mediaextractor: libminijail[935]: logging seccomp filter failures
06-05 01:57:47.299  1007  1007 I usbd    : persistent prop is adb
06-05 01:57:47.302   986  1012 D agps    : [agps][n][Default] AGPS XML load from /vendor/etc/gnss/agps_profiles_conf2.xml
06-05 01:57:47.302   986  1012 D agps    : [agps] WARNING: [Default]  =================== agps_xml_dump ===================
06-05 01:57:47.302   986  1012 D agps    : [agps][n][Default] cur_supl_profile  name=[GOOGLE] addr=[supl.google.com] port=[7275] tls=[1] mcc=[] mcc_mnc=[] is_auto_config=[0] supl_version=[1.0.0] tls_version=[0] sha_version=[0] app_id=[] provider_id=[] default_apn=[] option_apn=[] optional_apn_2=[] addr_type=[] esupl_apn_mode=[0] addr_ni=[] addr_ni_enable=[0]
06-05 01:57:47.302   986  1012 D agps    : [agps][n][Default] cdma_profile  name=[CDMA1] mcp_enable=[1] mcp_addr=[unprint] mcp_port=[6066] pde_addr_valid=[0] pde_ip_type=[0] pde_addr=[unprint] pde_port=[1111] pde_url_valid=[0] pde_url_addr=[unprint]
06-05 01:57:47.302   986  1012 D agps    : [agps][n][Default] agps_setting  agps_enable=[1] agps_protocol=[0] gpevt=[0] e911_gps_icon_enable=[0] e911_open_gps=[0] tc10_ignore_fw_config=[0] lppe_hide_wifi_bt_status=[0] lppe_network_location_disable=[0] agps_nvram_enable=[1] lbs_log_enable=[0] lppe_crowd_source_confident=[90] ignore_si_for_e911=[0] use_tc10_config=[0] lppe_def_nlp_enable=[0] emergency_ext_secs=[0]
06-05 01:57:47.302   986  1012 D agps    : [agps][n][Default] agps_setting  ignore_emergency_ext_secs_from_framework=[0] lppe_dbh_rule=[6,4,100,200,120,0]
06-05 01:57:47.302   986  1012 D agps    : [agps][n][Default] gnss_setting  sib8_16_enable=[1] gps_satellite_enable=[1] glonass_satellite_enable=[1] beidou_satellite_enable=[1] galileo_satellite_enable=[1] a_gps_satellite_enable=[1] a_glonass_satellite_enable=[1] a_beidou_satellite_enable=[1] a_galileo_satellite_enable=[1]
06-05 01:57:47.302   986  1012 D agps    : [agps][n][Default] cp_setting  molr_pos_method=[0] external_addr=[0][0123456789*#+] mlc_number=[0][0123456789*#+] cp_auto_reset=[0] epc_molr_lpp_payload_enable=[0] lpp_payload=[50] reject_non911_nilr_enable=[0] cp_2g_disable=[0] cp_3g_disable=[0] cp_4g_disable=[0] cp_lppe_enable=[1] cp_lppe_wlan_enable=[1] cp_lppe_srn_enable=[1] cp_lppe_sensor_enable=[1] cp_lppe_dbh_enable=[1] cp_privacy_override=[0]
06-05 01:57:47.302   986  1012 D agps    : [agps][n][Default] cp_setting  tc10_cp_lpp_guard_time_sec=[-1] tc10_cp_capability_ctrl=[0]0
06-05 01:57:47.302   986  1012 D agps    : [agps][n][Utility] agps_dump_buf=lpp_payload  0xd2,0x00,0x00,0x10,0x23,0x7b,0x20,0x26,0x40,0x4f,0xb8,0x00,0x72,0x02,0xbf,0xff,0xff,0xff,0xf8,0x00,0x00,0x00,0x00,0x20,0xc0,0x00,0x01,0x00,0x94,0x0f,0xb9,0x00,
06-05 01:57:47.302   986  1012 D agps    : [agps][n][Utility] agps_dump_buf=lpp_payload  0x12,0x02,0xb7,0xff,0xff,0xf8,0x00,0x00,0x00,0x00,0x00,0x61,0x80,0x00,0x02,0x01,0x8a,0x00,
06-05 01:57:47.302   986  1012 D agps    : [agps][n][Default] up_setting  ca_enable=[0] ni_request=[1] roaming=[1] cdma_preferred=[0] pref_method=[1] supl_version=[2.0.4]
06-05 01:57:47.302   986  1012 D agps    : [agps][n][Default] up_setting  tls_version=[1] sha_version=[0] supl_log=[0] msa=[1] msb=[1] ecid=[1] otdoa=[1] autonomous=[1] aflt=[0] hacc=[22] vacc=[0]
06-05 01:57:47.302   986  1012 D agps    : [agps][n][Default] up_setting  loc_age=[0] delay=[0] udp_port_enable=[0] dedicated_apn_enable=[0] preferred_2g3g_cell_age=[0] lpp_enable=[1] ip_version_prefer[0]
06-05 01:57:47.302   986  1012 D agps    : [agps][n][Default] up_setting  cert_from_sdcard=[0] auto_profile_enable=[0] ut1=[11] ut2=[11] ut3=[10] sync_to_slp=[0] imsi_enable=[1] no_sensitive_log=[1] tls_reuse_enable=[0]
06-05 01:57:47.302   986  1012 D agps    : [agps][n][Default] up_setting  imsi_cache_enable=[0] supl_raw_data_enable=[0] tc10_enable=[0] tc10_use_apn=[si 0, ni 0] tc10_use_fw_dns=[0] allow_ni_for_gps_off=[0]
06-05 01:57:47.302   986  1012 D agps    : [agps][n][Default] up_setting  force_otdoa_assist_req=[0] up_lppe_enable=[1] esupl_apn_mode=[0] tcp_keepalive=[4] aosp_profile_enable=[0] bind_nlp_setting_to_supl=[0] up_lppe_wlan_enable=[1] up_lppe_srn_enable=[1] up_lppe_sensor_enable=[1] up_lppe_dbh_enable=[1] operation_mode=[0]
06-05 01:57:47.302   986  1012 D agps    : [agps][n][Default] up_setting  up_lpp_in_2g3g_disable=[0] up_rrlp_in_4g_disable=[0] up_si_disable=[0] use_ni_slp=[1] aosp_pos_mode_enable=[0] privacy_override_mode=[0] glonass_msa_enable=[1] glonass_msb_enable=[1] beidou_msa_enable=[1] beidou_msb_enable=[1] galileo_msa_enable=[1] galileo_msb_enable=[1]
06-05 01:57:47.303   986  1012 D agps    : [agps][n][Default] up_setting  tc10_supl_ssl_method=[0] tc10_auto_supl_ver_for_ni=[0] tc10_supl_ver_skt_ni=[0] tc10_use_rrlp_google_supl=[0] tc10_supl2_cap_ext_disable=[0] tc10_auto_supl_ver_for_eni=[0] multiple_location_id_enable=[1]
06-05 01:57:47.304   986  1012 D agps    : [agps] WARNING: [AGPS] load agps_nvram.txt success, and apply it? 1
06-05 01:57:47.304   986  1012 D agps    : [agps][n][KEY_VALUE] dump_key_value_list() num=14
06-05 01:57:47.304   986  1012 D agps    : [agps][n][KEY_VALUE]   i=0 key=[SUPL_ADDR] value=[supl.qxwz.com]
06-05 01:57:47.304   986  1012 D agps    : [agps][n][KEY_VALUE]   i=1 key=[SUPL_PORT] value=[7275]
06-05 01:57:47.304   986  1012 D agps    : [agps][n][KEY_VALUE]   i=2 key=[SUPL_TLS] value=[true]
06-05 01:57:47.304   986  1012 D agps    : [agps][n][KEY_VALUE]   i=3 key=[SIB8_SIB16_ENABLE] value=[true]
06-05 01:57:47.304   986  1012 D agps    : [agps][n][KEY_VALUE]   i=4 key=[GPS_SATELLITE_ENABLE] value=[true]
06-05 01:57:47.304   986  1012 D agps    : [agps][n][KEY_VALUE]   i=5 key=[GLONASS_SATELLITE_ENABLE] value=[true]
06-05 01:57:47.304   986  1012 D agps    : [agps][n][KEY_VALUE]   i=6 key=[BEIDOU_SATELLITE_ENABLE] value=[true]
06-05 01:57:47.304   986  1012 D agps    : [agps][n][KEY_VALUE]   i=7 key=[GALILEO_SATELLITE_ENABLE] value=[true]
06-05 01:57:47.304   986  1012 D agps    : [agps][n][KEY_VALUE]   i=8 key=[A_GLONASS_SATELLITE_ENABLE] value=[true]
06-05 01:57:47.304   986  1012 D agps    : [agps][n][KEY_VALUE]   i=9 key=[A_GPS_SATELLITE_ENABLE] value=[true]
06-05 01:57:47.304   986  1012 D agps    : [agps][n][KEY_VALUE]   i=10 key=[A_BEIDOU_SATELLITE_ENABLE] value=[true]
06-05 01:57:47.304   986  1012 D agps    : [agps][n][KEY_VALUE]   i=11 key=[A_GALILEO_SATELLITE_ENABLE] value=[true]
06-05 01:57:47.304   986  1012 D agps    : [agps][n][KEY_VALUE]   i=12 key=[PDE_ADDR] value=[11.11.11.11]
06-05 01:57:47.304   986  1012 D agps    : [agps][n][KEY_VALUE]   i=13 key=[PDE_PORT] value=[1111]
06-05 01:57:47.305   986  1012 D agps    : [agps][n][AGPS] apply_nvram_to_xml() addr=[supl.qxwz.com] port=[7275] tls=[1] gps=[1] glo=[1] beidou=[1] galileo=[1] a_gps=[1] a_glo=[1] a_bds=[1] a_gal=[1] pde_addr=[11.11.11.11] pde_port=[1111]
06-05 01:57:47.305   986  1012 D agps    : [agps][n][AGPS] [MNL] write  agps_reboot
06-05 01:57:47.305   986  1012 E agps    : [agps] ERR: [MNL] connect() failed, abstract=1 name=[mtk_agps2mnl] reason=[Connection refused]111
06-05 01:57:47.305   986  1012 D agps    : [agps][n][AGPS] [MNL] write  agps_settings_sync  sib8_16=[1], gps=[1] glonass=[1] beidou=[1] galileo=[1] agps=[1] aglonass=[1] abeidou=[1] agalileo=[1]
06-05 01:57:47.305   986  1012 E agps    : [agps] ERR: [MNL] connect() failed, abstract=1 name=[mtk_agps2mnl] reason=[Connection refused]111
06-05 01:57:47.306  1022  1022 I bp_kmsetkey_ca: kmsetkey ca check keybox start
06-05 01:57:47.307  1022  1022 I bp_kmsetkey_ca: ut_km_check_google_key start.
06-05 01:57:47.307   512   512 I [mTEE]  :  come into the TZ_VFS_OPEN function
06-05 01:57:47.307   512   512 D [mTEE]  :  pathname = /vendor/thh/ta/d91f322ad5a441d5955110eda3272fc0.ta
06-05 01:57:47.307   512   512 D [mTEE]  :  flags = 0 mode = 0 retval = 6
06-05 01:57:47.308   512   512 D [mTEE]  :  come into the TZ_VFS_CLOSE function
06-05 01:57:47.308   512   512 D [mTEE]  :  fd = 6
06-05 01:57:47.308   512   512 D [mTEE]  :  retVal = 0
06-05 01:57:47.309   512   512 I [mTEE]  :  come into the TZ_VFS_OPEN function
06-05 01:57:47.309   512   512 D [mTEE]  :  pathname = /vendor/thh/ta/d91f322ad5a441d5955110eda3272fc0.ta
06-05 01:57:47.309   512   512 D [mTEE]  :  flags = 0 mode = 0 retval = 6
06-05 01:57:47.309   968   968 D MtkCam/Utils: ###### get camera log property =-1
06-05 01:57:47.309   968   968 D mtkcam-debug: [initializeDebugProcessNames]  "/system/bin/cameraserver" "/vendor/bin/hw/camerahalserver" "com.android.camera2" "com.mediatek.camera"
06-05 01:57:47.310   512   512 D [mTEE]  :  come into the TZ_VFS_LSEEK function
06-05 01:57:47.310   968   968 I ULog    : ULog initialized: mode=0x1  filters: req=0x1ff000 func=0xc080000/0x0 details=0xffffffff level=4
06-05 01:57:47.310   968   968 I camerahalserver: Camera HAL Server is starting..., ADV_CAM_SUPPORT(0)
06-05 01:57:47.310   512   512 D [mTEE]  :  come into the TZ_VFS_LSEEK function
06-05 01:57:47.311   512   512 D [mTEE]  :  come into the TZ_VFS_LSEEK function
06-05 01:57:47.311   512   512 D [mTEE]  :  come into the TZ_VFS_READ function
06-05 01:57:47.313   512   512 D [mTEE]  :  come into the TZ_VFS_CLOSE function
06-05 01:57:47.313   512   512 D [mTEE]  :  fd = 6
06-05 01:57:47.313   512   512 D [mTEE]  :  retVal = 0
06-05 01:57:47.313   986  1012 D agps    : [agps] WARNING: [CP] get_ccci_uart  is not a tty
06-05 01:57:47.313   986  1012 D agps    : [agps] WARNING: [CP] get_ccci_uart  [/dev/ttyC2] success
06-05 01:57:47.313   986  1012 D agps    : [agps][n][CP] ccci_uart_1  open success
06-05 01:57:47.313   986  1012 D agps    : [agps][n][CP] [MD_1] write  sim_info_req  gsm_disabled=[0] umts_disabled=[0] lte_disabled=[0] lppe_enable=[1] lppe_network_location_disable=[0] reject_non911_nilr_enable=[0] battery_percentage=[100] cp_guard_time=[0]0 cp_capability_ctrl=[0]0
06-05 01:57:47.313   986  1012 E MtkAgpsNative: safe_write reason=[No such device]19
06-05 01:57:47.313   986  1012 E agps    : [agps] ERR: [CP] get_ccci_uart  open failed node=[/dev/ccci2_tty2] reason=[No such file or directory]
06-05 01:57:47.313   986  1012 E agps    : [agps] ERR: [CP] ccci_uart_2  open failed
06-05 01:57:47.314   986  1012 E agps    :  ERR: [AGPS2WIFI] bind failed path=[/data/agps_supl/wifi_2_agps] reason=[No such file or directory]
06-05 01:57:47.314   986  1012 E agps    :  ERR: [AGPS2WIFI] set_socket_blocking  invalid fd=-1
06-05 01:57:47.314   986  1012 E agps    : [agps] ERR: [WIFI] wifi_mgr_init  create_wifi2agps_fd failed
06-05 01:57:47.314   986  1012 D agps    : [agps][n][C2K_MSG] c2k_msg_set_handler(0, 0x0x8cb11c9)
06-05 01:57:47.314   986  1012 D agps    : [agps][n][C2K_MSG] c2k_msg_set_handler(1, 0x0x8cb12cd)
06-05 01:57:47.314   986  1012 D agps    : [agps][n][C2K_MSG] c2k_msg_set_handler(2, 0x0x8cb137d)
06-05 01:57:47.314   986  1012 D agps    : [agps][n][C2K_MSG] c2k_msg_set_handler(3, 0x0x8cb14b1)
06-05 01:57:47.314   986  1012 D agps    : [agps][n][C2K_MSG] c2k_msg_set_handler(4, 0x0x8cb14d5)
06-05 01:57:47.314   986  1012 D agps    : [agps][n][C2K_MSG] c2k_msg_set_handler(6, 0x0x8cb1529)
06-05 01:57:47.314   986  1012 D agps    : [agps][n][C2K_MSG] c2k_msg_set_handler(7, 0x0x8cb19c5)
06-05 01:57:47.314   986  1012 D agps    : [agps] WARNING: [LPPe] lppe_mgr_start_capabilities_sync()
06-05 01:57:47.314   768   806 D lbs_hidl_service: [1.06][mtk_lppe_socket_wlan] handleSocketEvent() ret=[12]
06-05 01:57:47.314   768   806 D lbs_hidl_service: [1.06][mtk_lppe_socket_bt] handleSocketEvent() ret=[12]
06-05 01:57:47.314   768   806 D lbs_hidl_service: [1.06][mtk_lppe_socket_sensor] handleSocketEvent() ret=[12]
06-05 01:57:47.314   768   806 D lbs_hidl_service: [1.06][mtk_lppe_socket_network] handleSocketEvent() ret=[12]
06-05 01:57:47.314   768   806 D lbs_hidl_service: [1.06][mtk_lppe_socket_ipaddr] handleSocketEvent() ret=[12]
06-05 01:57:47.314   768   806 D lbs_hidl_service: [1.06][mtk_lppe_socket_lbs] handleSocketEvent() ret=[12]
06-05 01:57:47.314   768   806 D lbs_hidl_service: [1.06][mtk_lppe_socket_wlan] handleSocketEvent() ret=[8]
06-05 01:57:47.314   768   806 D lbs_hidl_service: [1.06][mtk_lppe_socket_bt] handleSocketEvent() ret=[8]
06-05 01:57:47.314   768   806 D lbs_hidl_service: [1.06][mtk_lppe_socket_sensor] handleSocketEvent() ret=[8]
06-05 01:57:47.314   768   806 D lbs_hidl_service: [1.06][mtk_lppe_socket_network] handleSocketEvent() ret=[8]
06-05 01:57:47.318   745   745 D zygote  : Time zone APEX ICU file found: /apex/com.android.tzdata/etc/icu/icu_tzdata.dat
06-05 01:57:47.318   745   745 D zygote  : I18n APEX ICU file found: /apex/com.android.i18n/etc/icu/icudt72l.dat
06-05 01:57:47.332   817   817 W audioserver: type=1400 audit(0.0:457): avc:  denied  { read } for  name="u:object_r:vendor_default_prop:s0" dev="tmpfs" ino=11785 scontext=u:r:audioserver:s0 tcontext=u:object_r:vendor_default_prop:s0 tclass=file permissive=0
06-05 01:57:47.323   817   817 E APM::Serializer: Looking at route 1
06-05 01:57:47.323   817   817 E APM::Serializer: ... With sink Earpiece
06-05 01:57:47.323   817   817 E APM::Serializer: ... With source primary output
06-05 01:57:47.323   817   817 E APM::Serializer: ... With source deep_buffer
06-05 01:57:47.323   817   817 E APM::Serializer: ... With source fast
06-05 01:57:47.323   817   817 E APM::Serializer: ... With source voip_rx
06-05 01:57:47.323   817   817 E APM::Serializer: ... With source Voice Call In
06-05 01:57:47.323   817   817 E APM::Serializer: Looking at route 1
06-05 01:57:47.323   817   817 E APM::Serializer: ... With sink Speaker
06-05 01:57:47.323   817   817 E APM::Serializer: ... With source primary output
06-05 01:57:47.323   817   817 E APM::Serializer: ... With source deep_buffer
06-05 01:57:47.323   817   817 E APM::Serializer: ... With source fast
06-05 01:57:47.323   817   817 E APM::Serializer: ... With source FM Tuner In
06-05 01:57:47.323   817   817 E APM::Serializer: ... With source voip_rx
06-05 01:57:47.323   817   817 E APM::Serializer: ... With source Voice Call In
06-05 01:57:47.323   817   817 E APM::Serializer: Looking at route 1
06-05 01:57:47.323   817   817 E APM::Serializer: ... With sink Wired Headset
06-05 01:57:47.323   817   817 E APM::Serializer: ... With source primary output
06-05 01:57:47.323   817   817 E APM::Serializer: ... With source deep_buffer
06-05 01:57:47.323   817   817 E APM::Serializer: ... With source fast
06-05 01:57:47.323   817   817 E APM::Serializer: ... With source FM Tuner In
06-05 01:57:47.323   817   817 E APM::Serializer: ... With source voip_rx
06-05 01:57:47.323   817   817 E APM::Serializer: ... With source Voice Call In
06-05 01:57:47.323   817   817 E APM::Serializer: Looking at route 1
06-05 01:57:47.323   817   817 E APM::Serializer: ... With sink Wired Headphones
06-05 01:57:47.323   817   817 E APM::Serializer: ... With source primary output
06-05 01:57:47.323   817   817 E APM::Serializer: ... With source deep_buffer
06-05 01:57:47.323   817   817 E APM::Serializer: ... With source fast
06-05 01:57:47.323   817   817 E APM::Serializer: ... With source FM Tuner In
06-05 01:57:47.323   817   817 E APM::Serializer: ... With source voip_rx
06-05 01:57:47.323   817   817 E APM::Serializer: ... With source Voice Call In
06-05 01:57:47.323   817   817 E APM::Serializer: Looking at route 1
06-05 01:57:47.323   817   817 E APM::Serializer: ... With sink AUX Digital Out
06-05 01:57:47.323   817   817 E APM::Serializer: ... With source primary output
06-05 01:57:47.323   817   817 E APM::Serializer: Looking at route 1
06-05 01:57:47.323   817   817 E APM::Serializer: ... With sink BT SCO
06-05 01:57:47.323   817   817 E APM::Serializer: ... With source primary output
06-05 01:57:47.323   817   817 E APM::Serializer: ... With source deep_buffer
06-05 01:57:47.323   817   817 E APM::Serializer: ... With source fast
06-05 01:57:47.324   817   817 E APM::Serializer: ... With source voip_rx
06-05 01:57:47.324   817   817 E APM::Serializer: ... With source Voice Call In
06-05 01:57:47.324   817   817 E APM::Serializer: Looking at route 1
06-05 01:57:47.324   817   817 E APM::Serializer: ... With sink BT SCO Headset
06-05 01:57:47.324   817   817 E APM::Serializer: Done looking for existing routes
06-05 01:57:47.325   992  1042 I VPUD    : venc service entry TID = 1042
06-05 01:57:47.328   987   987 D PQCommon: [PQ_PROT] [PQCust] libpq_cust_base.so OK, libpq_cust.so absent
06-05 01:57:47.329  1005  1005 I gatekeeperd: Starting gatekeeperd...
06-05 01:57:47.329   817   817 E APM::HwModule: refreshSupportedDevices: invalid source devices for hifi_input
06-05 01:57:47.331   817   817 E APM::Serializer: No BT SCO Headset device found, don't patch policy
06-05 01:57:47.331   817   817 E APM::Serializer: No BT SCO Headset device found, don't patch policy
06-05 01:57:47.331   817   817 E APM::Serializer: No BT SCO Headset device found, don't patch policy
06-05 01:57:47.332   987   987 W libutils.threads: Thread (this=0xb400007240a110a8): getTid() is undefined before run()
06-05 01:57:47.332   817   817 E APM::Serializer: No BT SCO Headset device found, don't patch policy
06-05 01:57:47.333   987   987 D AAL     : AALService constructor
06-05 01:57:47.334   987   987 D AAL     : Screen size = (w 1080, h 2340)
06-05 01:57:47.335   987   987 D AAL     : setFunction: 0x0 -> 0x0
06-05 01:57:47.335  1007  1007 I usbd    : Usb HAL found.
06-05 01:57:47.335   817   817 D APM_EngineLoader: Loaded engine from libaudiopolicyenginedefault.so
06-05 01:57:47.335   766   766 I android.hardware.usb.gadget@1.1-service-mediatek: setCurrentUsbFunctions: skip first time for usbd
06-05 01:57:47.335   766   766 I android.hardware.usb.gadget@1.1-service-mediatek: Usb Gadget setcurrent functions failed
06-05 01:57:47.335   817   817 D APM::AudioPolicyEngine/Base: loadAudioPolicyEngineConfig: No configuration found, using default matching phone experience.
06-05 01:57:47.336   817   817 W libc    : Access denied finding property "ro.vendor.qti.va_aosp.support"
06-05 01:57:47.335   987   987 W libutils.threads: Thread (this=0xb40000707c79e320): getTid() is undefined before run()
06-05 01:57:47.338   987   987 D AAL     : AALService : runThreadLoop
06-05 01:57:47.343  1016  1016 D MFP     : Opening fingerprint hal library ...
06-05 01:57:47.343  1016  1016 D MFP     : try goodix hal library by check kernel node /dev/goodix_fp
06-05 01:57:47.343  1016  1016 D MFP     : try fpc hal library by check kernel node sys/devices/platform/fingerprint/clk_enable
06-05 01:57:47.343  1016  1016 D MFP     : get fingerprint hal library fpc_fingerprint
06-05 01:57:47.344   744   744 I zygote64: Using memfd for future sealing
06-05 01:57:47.346  1010  1010 D android.hardware.biometrics.fingerprint@2.1-service: Opening fingerprint hal library...
06-05 01:57:47.346  1010  1010 E android.hardware.biometrics.fingerprint@2.1-service: Can't open fingerprint HW Module, error: -2
06-05 01:57:47.346  1010  1010 E android.hardware.biometrics.fingerprint@2.1-service: Can't open HAL module
06-05 01:57:47.347   987  1086 D AAL     : AALService is ready to run.
06-05 01:57:47.349   987   987 I HidlServiceManagement: Registered vendor.mediatek.hardware.pq@2.6::IPictureQuality/default
06-05 01:57:47.349   987   987 I HidlServiceManagement: Removing namespace from process name vendor.mediatek.hardware.pq@2.2-service to pq@2.2-service.
06-05 01:57:47.349   987   987 I LegacySupport: Registration complete for vendor.mediatek.hardware.pq@2.6::IPictureQuality/default.
06-05 01:57:47.351   968  1077 I ULogGuard: Running: func(1) = 10000,16000,60000, req(1) = 30000,60000
