06-05 01:57:47.352  1010  1010 I HidlServiceManagement: Registered android.hardware.biometrics.fingerprint@2.1::IBiometricsFingerprint/default
06-05 01:57:47.352  1010  1010 I HidlServiceManagement: Removing namespace from process name android.hardware.biometrics.fingerprint@2.1-service to fingerprint@2.1-service.
06-05 01:57:47.354   512   512 D [mTEE]  :  come into the TZ_VFS_IOCTL function
06-05 01:57:47.354   512   512 D [mTEE]  :  fd = 7
06-05 01:57:47.354   512   512 D [mTEE]  :  cmd = 6
06-05 01:57:47.354  1016  1016 D MFP     : setprop[persist.vendor.sys.fp.vendor=fpc] OK
06-05 01:57:47.356   512   512 D [mTEE]  : retVal = 0x0 , *((int*)param_address) = 0x200 
06-05 01:57:47.356   987  1086 D AALCust : [AALCust] Load libaal_cust.so:OK | libaal_cust_base.so:NOT_FOUND
06-05 01:57:47.356   987  1086 D AALCust : [AALCust] Load libpq_cust.so:NOT_FOUND | libpq_cust_base.so:OK
06-05 01:57:47.356   987  1086 D AAL     : AALFW initializing
06-05 01:57:47.357   987  1086 D AAL     : custInit = 6fa8ef6170, preWait = 0, postWait = 0, custDeinit = 0
06-05 01:57:47.357   745   745 I zygote  : Using memfd for future sealing
06-05 01:57:47.357  1022  1022 I bp_kmsetkey_ca: keybox already install, 00000000, af015838
06-05 01:57:47.359   987  1086 D AAL     : mVirtual10ToPhysical12 = 6fa8ef6108
06-05 01:57:47.359   987  1086 D AAL     : loadGameDRETable: get iDispDRERegEntry, size: 20
06-05 01:57:47.359   987  1086 D AALCust : [AALCust] Load InitFunction
06-05 01:57:47.359   987  1086 D AALCust : [AALCust] Load SupportEssLevelCtlByKernel = 1
06-05 01:57:47.359   987  1086 D AALCust : [AALCust] Load SupportDreEnableCtlByKernel = 1
06-05 01:57:47.359   987  1086 D AALCust : [AALCust] Load AlsDebounceTime
06-05 01:57:47.359  1022  1022 I bp_kmsetkey_ca: kmsetkey ca end
06-05 01:57:47.359   987  1086 D AALLightSensor: AALLightSensor setEnabled 0-->0
06-05 01:57:47.361   987  1086 D AALCust : [AALCust] Load libdre.so:OK | NoChipCust:NOT_FOUND
06-05 01:57:47.361   987  1086 D AALCust : [AALCust] Load libappgamepq.so:NOT_FOUND | NoChipCust:NOT_FOUND
06-05 01:57:47.361   987  1086 D AAL     : Get mt6785 dre License
06-05 01:57:47.361   987  1086 D AAL     : AppGamePQ20 is not open
06-05 01:57:47.362   987  1086 D AAL     : setDebugFlags: FW setDebugFlags DONE
06-05 01:57:47.362   987  1084 D PQProxy : [PQ_Proxy] PQAshmemProxy : set offset 0x00000008 = 0x00000000
06-05 01:57:47.362   987  1086 E AALCust : Invalid LCM index -1, LCM count 1
06-05 01:57:47.362   987  1086 I AALCust : LCM index: 0/1
06-05 01:57:47.362   987  1084 D PQProxy : [PQ_Proxy] PQAshmemProxy : set offset 0x0000000c = 0x00000000
06-05 01:57:47.363   987  1086 D AALCust : [AALCust] Load ReadabilityEnhancementMode = 35
06-05 01:57:47.363   987  1086 D AALCust : [AALCust] Load ReadabilityEnhancementMode = 35
06-05 01:57:47.363   987  1086 D AALCust : [AALCust] Load ReadabilityLevel = 207
06-05 01:57:47.363   987  1086 D AALCust : [AALCust] Load LowBLReadabilityLevel = 0
06-05 01:57:47.363   987  1086 D AALCust : [AALCust] Load ReadabilityChangeUpSpeedForALI = 1
06-05 01:57:47.363   987  1086 D AALCust : [AALCust] Load ReadabilityChangeDownSpeedForALI = 1
06-05 01:57:47.363   987  1086 D AALCust : [AALCust] Load ReadabilityOnOffChangeSpeed = 1
06-05 01:57:47.363   987  1086 D AALCust : [AALCust] Load ReadabilityOffOnChangeSpeed = 1
06-05 01:57:47.364   987  1086 D AALCust : [AALCust] Load DREAliThd
06-05 01:57:47.364   987  1086 D AALCust : [AALCust] Load ESS_alg_mode = 31
06-05 01:57:47.364   987  1086 D AALCust : [AALCust] Load ESS_alg_mode = 31
06-05 01:57:47.364   987  1086 D AALCust : [AALCust] Load MinOutBL = 0
06-05 01:57:47.364   987  1086 D AALCust : [AALCust] Load SmartBacklightStrength = 128
06-05 01:57:47.364   987  1086 D AALCust : [AALCust] Load SmartBacklightRange = 128
06-05 01:57:47.364   987  1086 D AALCust : [AALCust] Load LcmGamma = 2.200000
06-05 01:57:47.365   987  1086 D AALCust : [AALCust] Load ESSVorYHist1
06-05 01:57:47.365   987  1086 D AALCust : [AALCust] Load ESSVorYHist2
06-05 01:57:47.365   987  1086 D AALCust : [AALCust] Load BacklightBits = 11
06-05 01:57:47.365   987  1086 D AALCust : [AALCust] Load strenth_mode = 0
06-05 01:57:47.365   987  1086 D AAL     : custInit = 6fa8ef6170, preWait = 0, postWait = 0, custDeinit = 0
06-05 01:57:47.365   987  1086 D AAL     : mVirtual10ToPhysical12 = 6fa8ef6108
06-05 01:57:47.365   987  1086 D AAL     : getTuningReg: getTuningReg: SmartBacklightStrength(id 41)
06-05 01:57:47.365   987  1086 D AAL     : mInitSmartBacklightStrength = 128
06-05 01:57:47.366   987  1086 D AAL     : Registers initialized
06-05 01:57:47.365   961   961 I android.hardware.media.omx@1.0-service: mediacodecservice starting
06-05 01:57:47.366   987  1086 D AAL     : DRE30 SW Registers initialized
06-05 01:57:47.367   817   817 W APM::AudioPolicyEngine/Base: processParsingResult: No configuration of AUDIO_STREAM_ASSISTANT found, using default volume configuration
06-05 01:57:47.367   817   817 W APM::AudioPolicyEngine/Base: processParsingResult: No configuration of AUDIO_STREAM_CALL_ASSISTANT found, using default volume configuration
06-05 01:57:47.367  1016  1016 D fpc_fingerprint_hal: fpc_hal_open
06-05 01:57:47.367  1016  1016 I fpc_tac : fpc_tac_open ut fp entry open success ut_fp_entry_fd = 5
06-05 01:57:47.368   987  1084 D PQProxy : [PQ_Proxy] PQAshmemProxy : set offset 0x00000010 = 0x00000000
06-05 01:57:47.369   961   961 W android.hardware.media.omx@1.0-service: libminijail[961]: failed to get path of fd 5: No such file or directory
06-05 01:57:47.369   961   961 W android.hardware.media.omx@1.0-service: libminijail[961]: allowing syscall: clock_gettime
06-05 01:57:47.369   961   961 W android.hardware.media.omx@1.0-service: libminijail[961]: allowing syscall: connect
06-05 01:57:47.369   961   961 W android.hardware.media.omx@1.0-service: libminijail[961]: allowing syscall: fcntl64
06-05 01:57:47.369   961   961 W android.hardware.media.omx@1.0-service: libminijail[961]: allowing syscall: socket
06-05 01:57:47.369   961   961 W android.hardware.media.omx@1.0-service: libminijail[961]: allowing syscall: writev
06-05 01:57:47.369   961   961 W android.hardware.media.omx@1.0-service: libminijail[961]: compile_file: <fd>(59): syscall getrandom redefined here
06-05 01:57:47.369   961   961 W android.hardware.media.omx@1.0-service: libminijail[961]: compile_file: <fd>(15): previous definition here
06-05 01:57:47.370  1016  1016 E fpc_tac : Unable to open '/sys/bus/platform/devices/battery/modalias'
06-05 01:57:47.370   961   961 W android.hardware.media.omx@1.0-service: libminijail[961]: compile_file: /system/etc/seccomp_policy/crash_dump.arm.policy(1): syscall read redefined here
06-05 01:57:47.370   961   961 W android.hardware.media.omx@1.0-service: libminijail[961]: compile_file: <fd>(9): previous definition here
06-05 01:57:47.370   961   961 W android.hardware.media.omx@1.0-service: libminijail[961]: compile_file: /system/etc/seccomp_policy/crash_dump.arm.policy(2): syscall write redefined here
06-05 01:57:47.370   961   961 W android.hardware.media.omx@1.0-service: libminijail[961]: compile_file: <fd>(5): previous definition here
06-05 01:57:47.370   961   961 W android.hardware.media.omx@1.0-service: libminijail[961]: compile_file: /system/etc/seccomp_policy/crash_dump.arm.policy(3): syscall exit redefined here
06-05 01:57:47.370   961   961 W android.hardware.media.omx@1.0-service: libminijail[961]: compile_file: <fd>(40): previous definition here
06-05 01:57:47.370   961   961 W android.hardware.media.omx@1.0-service: libminijail[961]: compile_file: /system/etc/seccomp_policy/crash_dump.arm.policy(4): syscall rt_sigreturn redefined here
06-05 01:57:47.370   961   961 W android.hardware.media.omx@1.0-service: libminijail[961]: compile_file: <fd>(45): previous definition here
06-05 01:57:47.370   961   961 W android.hardware.media.omx@1.0-service: libminijail[961]: compile_file: /system/etc/seccomp_policy/crash_dump.arm.policy(6): syscall exit_group redefined here
06-05 01:57:47.370   961   961 W android.hardware.media.omx@1.0-service: libminijail[961]: compile_file: <fd>(44): previous definition here
06-05 01:57:47.370   961   961 W android.hardware.media.omx@1.0-service: libminijail[961]: compile_file: /system/etc/seccomp_policy/crash_dump.arm.policy(7): syscall clock_gettime redefined here
06-05 01:57:47.370   961   961 W android.hardware.media.omx@1.0-service: libminijail[961]: compile_file: <fd>(7): previous definition here
06-05 01:57:47.370   961   961 W android.hardware.media.omx@1.0-service: libminijail[961]: compile_file: /system/etc/seccomp_policy/crash_dump.arm.policy(8): syscall gettimeofday redefined here
06-05 01:57:47.370   961   961 W android.hardware.media.omx@1.0-service: libminijail[961]: compile_file: <fd>(47): previous definition here
06-05 01:57:47.370   961   961 W android.hardware.media.omx@1.0-service: libminijail[961]: compile_file: /system/etc/seccomp_policy/crash_dump.arm.policy(9): syscall futex redefined here
06-05 01:57:47.370   961   961 W android.hardware.media.omx@1.0-service: libminijail[961]: compile_file: <fd>(3): previous definition here
06-05 01:57:47.370   961   961 W android.hardware.media.omx@1.0-service: libminijail[961]: compile_file: /system/etc/seccomp_policy/crash_dump.arm.policy(10): syscall getrandom redefined here
06-05 01:57:47.370   961   961 W android.hardware.media.omx@1.0-service: libminijail[961]: compile_file: <fd>(15): previous definition here
06-05 01:57:47.370   961   961 W android.hardware.media.omx@1.0-service: libminijail[961]: compile_file: /system/etc/seccomp_policy/crash_dump.arm.policy(13): syscall ppoll redefined here
06-05 01:57:47.370   961   961 W android.hardware.media.omx@1.0-service: libminijail[961]: compile_file: <fd>(13): previous definition here
06-05 01:57:47.370   961   961 W android.hardware.media.omx@1.0-service: libminijail[961]: compile_file: /system/etc/seccomp_policy/crash_dump.arm.policy(14): syscall pipe2 redefined here
06-05 01:57:47.370   961   961 W android.hardware.media.omx@1.0-service: libminijail[961]: compile_file: <fd>(46): previous definition here
06-05 01:57:47.370   961   961 W android.hardware.media.omx@1.0-service: libminijail[961]: compile_file: /system/etc/seccomp_policy/crash_dump.arm.policy(15): syscall openat redefined here
06-05 01:57:47.370   961   961 W android.hardware.media.omx@1.0-service: libminijail[961]: compile_file: <fd>(30): previous definition here
06-05 01:57:47.370   961   961 W android.hardware.media.omx@1.0-service: libminijail[961]: compile_file: /system/etc/seccomp_policy/crash_dump.arm.policy(16): syscall dup redefined here
06-05 01:57:47.370   961   961 W android.hardware.media.omx@1.0-service: libminijail[961]: compile_file: <fd>(12): previous definition here
06-05 01:57:47.370   961   961 W android.hardware.media.omx@1.0-service: libminijail[961]: compile_file: /system/etc/seccomp_policy/crash_dump.arm.policy(17): syscall close redefined here
06-05 01:57:47.370   961   961 W android.hardware.media.omx@1.0-service: libminijail[961]: compile_file: <fd>(10): previous definition here
06-05 01:57:47.370   961   961 W android.hardware.media.omx@1.0-service: libminijail[961]: compile_file: /system/etc/seccomp_policy/crash_dump.arm.policy(18): syscall lseek redefined here
06-05 01:57:47.371   961   961 W android.hardware.media.omx@1.0-service: libminijail[961]: compile_file: <fd>(50): previous definition here
06-05 01:57:47.371   961   961 W android.hardware.media.omx@1.0-service: libminijail[961]: compile_file: /system/etc/seccomp_policy/crash_dump.arm.policy(19): syscall getdents64 redefined here
06-05 01:57:47.371   961   961 W android.hardware.media.omx@1.0-service: libminijail[961]: compile_file: <fd>(58): previous definition here
06-05 01:57:47.371   961   961 W android.hardware.media.omx@1.0-service: libminijail[961]: compile_file: /system/etc/seccomp_policy/crash_dump.arm.policy(20): syscall faccessat redefined here
06-05 01:57:47.371   961   961 W android.hardware.media.omx@1.0-service: libminijail[961]: compile_file: <fd>(38): previous definition here
06-05 01:57:47.371   961   961 W android.hardware.media.omx@1.0-service: libminijail[961]: compile_file: /system/etc/seccomp_policy/crash_dump.arm.policy(27): syscall rt_sigprocmask redefined here
06-05 01:57:47.371   961   961 W android.hardware.media.omx@1.0-service: libminijail[961]: compile_file: <fd>(41): previous definition here
06-05 01:57:47.371   961   961 W android.hardware.media.omx@1.0-service: libminijail[961]: compile_file: /system/etc/seccomp_policy/crash_dump.arm.policy(30): syscall prctl redefined here
06-05 01:57:47.371   961   961 W android.hardware.media.omx@1.0-service: libminijail[961]: compile_file: <fd>(6): previous definition here
06-05 01:57:47.371   961   961 W android.hardware.media.omx@1.0-service: libminijail[961]: compile_file: /system/etc/seccomp_policy/crash_dump.arm.policy(31): syscall madvise redefined here
06-05 01:57:47.371   961   961 W android.hardware.media.omx@1.0-service: libminijail[961]: compile_file: <fd>(29): previous definition here
06-05 01:57:47.371   961   961 W android.hardware.media.omx@1.0-service: libminijail[961]: compile_file: /system/etc/seccomp_policy/crash_dump.arm.policy(32): syscall mprotect redefined here
06-05 01:57:47.371   961   961 W android.hardware.media.omx@1.0-service: libminijail[961]: compile_file: <fd>(28): previous definition here
06-05 01:57:47.371   961   961 W android.hardware.media.omx@1.0-service: libminijail[961]: compile_file: /system/etc/seccomp_policy/crash_dump.arm.policy(33): syscall munmap redefined here
06-05 01:57:47.371   961   961 W android.hardware.media.omx@1.0-service: libminijail[961]: compile_file: <fd>(27): previous definition here
06-05 01:57:47.371   961   961 W android.hardware.media.omx@1.0-service: libminijail[961]: compile_file: /system/etc/seccomp_policy/crash_dump.arm.policy(34): syscall getuid32 redefined here
06-05 01:57:47.371   961   961 W android.hardware.media.omx@1.0-service: libminijail[961]: compile_file: <fd>(34): previous definition here
06-05 01:57:47.371   961   961 W android.hardware.media.omx@1.0-service: libminijail[961]: compile_file: /system/etc/seccomp_policy/crash_dump.arm.policy(35): syscall fstat64 redefined here
06-05 01:57:47.371   961   961 W android.hardware.media.omx@1.0-service: libminijail[961]: compile_file: <fd>(35): previous definition here
06-05 01:57:47.371   961   961 W android.hardware.media.omx@1.0-service: libminijail[961]: compile_file: /system/etc/seccomp_policy/crash_dump.arm.policy(36): syscall mmap2 redefined here
06-05 01:57:47.371   961   961 W android.hardware.media.omx@1.0-service: libminijail[961]: compile_file: <fd>(14): previous definition here
06-05 01:57:47.372   987  1084 D PQProxy : [PQ_Proxy] PQAshmemProxy : set offset 0x00000014 = 0x00000000
06-05 01:57:47.372   987  1086 D AAL     : getTuningReg: getTuningReg: SmartBacklightStrength(id 41)
06-05 01:57:47.373   961   961 W android.hardware.media.omx@1.0-service: libminijail[961]: compile_file: <fd>(66): syscall getpid redefined here
06-05 01:57:47.373   961   961 W android.hardware.media.omx@1.0-service: libminijail[961]: compile_file: /system/etc/seccomp_policy/crash_dump.arm.policy(11): previous definition here
06-05 01:57:47.373   961   961 W android.hardware.media.omx@1.0-service: libminijail[961]: compile_file: <fd>(67): syscall gettid redefined here
06-05 01:57:47.373   961   961 W android.hardware.media.omx@1.0-service: libminijail[961]: compile_file: /system/etc/seccomp_policy/crash_dump.arm.policy(12): previous definition here
06-05 01:57:47.373   961   961 W android.hardware.media.omx@1.0-service: libminijail[961]: compile_file: <fd>(74): syscall recvfrom redefined here
06-05 01:57:47.373   961   961 W android.hardware.media.omx@1.0-service: libminijail[961]: compile_file: /system/etc/seccomp_policy/crash_dump.arm.policy(22): previous definition here
06-05 01:57:47.373   961   961 W android.hardware.media.omx@1.0-service: libminijail[961]: compile_file: <fd>(77): syscall sched_getaffinity redefined here
06-05 01:57:47.373   961   961 W android.hardware.media.omx@1.0-service: libminijail[961]: compile_file: <fd>(75): previous definition here
06-05 01:57:47.373   961   961 W android.hardware.media.omx@1.0-service: libminijail[961]: compile_file: <fd>(82): syscall sysinfo redefined here
06-05 01:57:47.373   961   961 W android.hardware.media.omx@1.0-service: libminijail[961]: compile_file: /system/etc/seccomp_policy/crash_dump.arm.policy(24): previous definition here
06-05 01:57:47.373   961   961 W android.hardware.media.omx@1.0-service: libminijail[961]: compile_file: <fd>(83): syscall setsockopt redefined here
06-05 01:57:47.373   961   961 W android.hardware.media.omx@1.0-service: libminijail[961]: compile_file: /system/etc/seccomp_policy/crash_dump.arm.policy(23): previous definition here
06-05 01:57:47.373   961   961 W android.hardware.media.omx@1.0-service: libminijail[961]: logging seccomp filter failures
06-05 01:57:47.373  1067  1067 I flags_health_check: ServerConfigurableFlagsReset reset_mode value: 0
06-05 01:57:47.375  1067  1067 I flags_health_check: ServerConfigurableFlagsReset attempted boot count is under threshold, skipping reset.
06-05 01:57:47.376   987  1084 D PQProxy : [PQ_Proxy] PQAshmemProxy : set offset 0x00000018 = 0x00000000
06-05 01:57:47.381   987  1084 D PQProxy : [PQ_Proxy] PQAshmemProxy : set offset 0x0000001c = 0x00000000
06-05 01:57:47.383   987  1084 D PQProxy : [PQ_Proxy] PQAshmemProxy : set offset 0x00000044 = 0x00000000
06-05 01:57:47.386   987  1084 D PQProxy : [PQ_Proxy] PQAshmemProxy : set offset 0x00000020 = 0x00000000
06-05 01:57:47.386   987  1084 D PQProxy : [PQ_Proxy] PQAshmemProxy : set offset 0x00000074 = 0x00000000
06-05 01:57:47.368  1016  1016 W mfp-daemon: type=1400 audit(0.0:458): avc:  denied  { search } for  name="battery" dev="sysfs" ino=15099 scontext=u:r:hal_fingerprint_default:s0 tcontext=u:object_r:sysfs_battery_supply:s0 tclass=dir permissive=0
06-05 01:57:47.388   961   961 D OMXStore: addVendorPlugin(): Loading Dolby OMX plugin...
06-05 01:57:47.389   987  1084 D PQProxy : [PQ_Proxy] PQAshmemProxy : set offset 0x00000024 = 0x00000000
06-05 01:57:47.394   987  1084 D PQProxy : [PQ_Proxy] PQAshmemProxy : set offset 0x00000028 = 0x00000000
06-05 01:57:47.394   987  1084 D PQProxy : [PQ_Proxy] PQAshmemProxy : set offset 0x0000002c = 0x00000000
06-05 01:57:47.395   987  1084 D PQProxy : [PQ_Proxy] PQAshmemProxy : set offset 0x00000030 = 0x00000000
06-05 01:57:47.395   987  1084 D PQProxy : [PQ_Proxy] PQAshmemProxy : set offset 0x00000034 = 0x00000000
06-05 01:57:47.395   987  1084 D PQProxy : [PQ_Proxy] PQAshmemProxy : set offset 0x00000038 = 0x0000012c
06-05 01:57:47.395   987  1084 D PQProxy : [PQ_Proxy] PQAshmemProxy : set offset 0x0000003c = 0x00000000
06-05 01:57:47.397   987  1084 D PQProxy : [PQ_Proxy] PQAshmemProxy : set offset 0x00000048 = 0x00000000
06-05 01:57:47.398   961   961 I SoftOMXPlugin: createOMXPlugin
06-05 01:57:47.398   961   961 E OMXStore: A component of name 'OMX.dolby.ac3.decoder' already exists, ignoring this one.
06-05 01:57:47.398   961   961 E OMXStore: A component of name 'OMX.dolby.eac3-joc.decoder' already exists, ignoring this one.
06-05 01:57:47.398   961   961 E OMXStore: A component of name 'OMX.dolby.eac3.decoder' already exists, ignoring this one.
06-05 01:57:47.398   961   961 E OMXStore: A component of name 'OMX.dolby.ac4.decoder' already exists, ignoring this one.
06-05 01:57:47.399   961   961 I MediaCodecsXmlParser: getVendorXmlPath (/vendor/etc/media_codecs.xml)
06-05 01:57:47.399   961   961 D MediaCodecsXmlParser: parsing /vendor/etc/media_codecs.xml...
06-05 01:57:47.399  1016  1016 D fpc_tac : 'modalias'='of:NfingerprintT<NULL>Cmediatek' found on  path '/sys/bus/platform/devices/fingerprint/'
06-05 01:57:47.399  1016  1016 D fpc_tac : <--fpc_tac_open returns 0
06-05 01:57:47.399  1016  1016 D fpc_tac : fpc_tee_get_build_info
06-05 01:57:47.401   512   512 I [mTEE]  :  come into the TZ_VFS_OPEN function
06-05 01:57:47.401   987  1084 D PQProxy : [PQ_Proxy] PQAshmemProxy : set offset 0x0000004c = 0x00000000
06-05 01:57:47.401   512   512 D [mTEE]  :  pathname = /vendor/thh/ta/7778c03fc30c4dd0a319ea29643d4d4b.ta
06-05 01:57:47.401   512   512 D [mTEE]  :  flags = 0 mode = 0 retval = 6
06-05 01:57:47.401   961   961 D MediaCodecsXmlParser: parsing /vendor/etc/media_codecs_c2.xml...
06-05 01:57:47.402   512   512 D [mTEE]  :  come into the TZ_VFS_CLOSE function
06-05 01:57:47.402   512   512 D [mTEE]  :  fd = 6
06-05 01:57:47.402   512   512 D [mTEE]  :  retVal = 0
06-05 01:57:47.402   512   512 I [mTEE]  :  come into the TZ_VFS_OPEN function
06-05 01:57:47.402   961   961 V MediaCodecsXmlParser: limit: max-channel-count = 2
06-05 01:57:47.402   961   961 V MediaCodecsXmlParser: limit: sample-rate-ranges = 8000,11025,12000,16000,22050,24000,32000,44100,48000
06-05 01:57:47.402   961   961 V MediaCodecsXmlParser: limit: bitrate-range = 8000-320000
06-05 01:57:47.402   512   512 D [mTEE]  :  pathname = /vendor/thh/ta/7778c03fc30c4dd0a319ea29643d4d4b.ta
06-05 01:57:47.402   961   961 V MediaCodecsXmlParser: limit: max-channel-count = 1
06-05 01:57:47.402   512   512 D [mTEE]  :  flags = 0 mode = 0 retval = 6
06-05 01:57:47.402   961   961 V MediaCodecsXmlParser: limit: sample-rate-ranges = 8000
06-05 01:57:47.402   961   961 V MediaCodecsXmlParser: limit: bitrate-range = 4750-12200
06-05 01:57:47.402   961   961 V MediaCodecsXmlParser: limit: max-channel-count = 1
06-05 01:57:47.402   961   961 V MediaCodecsXmlParser: limit: sample-rate-ranges = 16000
06-05 01:57:47.402   961   961 V MediaCodecsXmlParser: limit: bitrate-range = 6600-23850
06-05 01:57:47.402   961   961 V MediaCodecsXmlParser: limit: max-channel-count = 8
06-05 01:57:47.402   961   961 V MediaCodecsXmlParser: limit: sample-rate-ranges = 7350,8000,11025,12000,16000,22050,24000,32000,44100,48000
06-05 01:57:47.402   961   961 V MediaCodecsXmlParser: limit: bitrate-range = 8000-960000
06-05 01:57:47.402   961   961 V MediaCodecsXmlParser: limit: max-channel-count = 6
06-05 01:57:47.402   512   512 D [mTEE]  :  come into the TZ_VFS_LSEEK function
06-05 01:57:47.402   961   961 V MediaCodecsXmlParser: limit: sample-rate-ranges = 8000-48000
06-05 01:57:47.402   961   961 V MediaCodecsXmlParser: limit: bitrate-range = 64000
06-05 01:57:47.402   961   961 V MediaCodecsXmlParser: limit: max-channel-count = 6
06-05 01:57:47.402   961   961 V MediaCodecsXmlParser: limit: sample-rate-ranges = 8000-48000
06-05 01:57:47.402   961   961 V MediaCodecsXmlParser: limit: bitrate-range = 64000
06-05 01:57:47.402   961   961 V MediaCodecsXmlParser: limit: max-channel-count = 8
06-05 01:57:47.402   961   961 V MediaCodecsXmlParser: limit: sample-rate-ranges = 8000-96000
06-05 01:57:47.402   961   961 V MediaCodecsXmlParser: limit: bitrate-range = 32000-500000
06-05 01:57:47.403   961   961 V MediaCodecsXmlParser: limit: max-channel-count = 8
06-05 01:57:47.403   961   961 V MediaCodecsXmlParser: limit: sample-rate-ranges = 8000,12000,16000,24000,48000
06-05 01:57:47.403   512   512 D [mTEE]  :  come into the TZ_VFS_LSEEK function
06-05 01:57:47.403   961   961 V MediaCodecsXmlParser: limit: bitrate-range = 6000-510000
06-05 01:57:47.403   961   961 V MediaCodecsXmlParser: limit: max-channel-count = 8
06-05 01:57:47.403   961   961 V MediaCodecsXmlParser: limit: sample-rate-ranges = 8000-96000
06-05 01:57:47.403   961   961 V MediaCodecsXmlParser: limit: bitrate-range = 1-10000000
06-05 01:57:47.403   961   961 V MediaCodecsXmlParser: limit: max-channel-count = 8
06-05 01:57:47.403   961   961 V MediaCodecsXmlParser: limit: sample-rate-ranges = 1-655350
06-05 01:57:47.403   961   961 V MediaCodecsXmlParser: limit: bitrate-range = 1-21000000
06-05 01:57:47.403   961   961 D MediaCodecsXmlParser: disabling c2.android.gsm.decoder
06-05 01:57:47.403   961   961 V MediaCodecsXmlParser: limit: max-channel-count = 1
06-05 01:57:47.403   961   961 V MediaCodecsXmlParser: limit: sample-rate-ranges = 8000
06-05 01:57:47.403   961   961 V MediaCodecsXmlParser: limit: bitrate-range = 13000
06-05 01:57:47.403   512   512 D [mTEE]  :  come into the TZ_VFS_LSEEK function
06-05 01:57:47.403   961   961 V MediaCodecsXmlParser: limit: size-range = 2x2-352x288
06-05 01:57:47.403   961   961 V MediaCodecsXmlParser: limit: alignment = 2x2
06-05 01:57:47.403   961   961 V MediaCodecsXmlParser: limit: block-size = 16x16
06-05 01:57:47.403   512   512 D [mTEE]  :  come into the TZ_VFS_READ function
06-05 01:57:47.403   961   961 V MediaCodecsXmlParser: limit: blocks-per-second-range = 12-11880
06-05 01:57:47.403   961   961 V MediaCodecsXmlParser: limit: bitrate-range = 1-384000
06-05 01:57:47.403   961   961 V MediaCodecsXmlParser: limit: feature-adaptive-playback = 0
06-05 01:57:47.403   961   961 V MediaCodecsXmlParser: limit: size-range = 2x2-352x288
06-05 01:57:47.403   961   961 V MediaCodecsXmlParser: limit: alignment = 2x2
06-05 01:57:47.403   961   961 V MediaCodecsXmlParser: limit: bitrate-range = 1-384000
06-05 01:57:47.403   961   961 V MediaCodecsXmlParser: limit: feature-adaptive-playback = 0
06-05 01:57:47.403   961   961 D MediaCodecsXmlParser: MediaCodec: cannot update non-existing codec: c2.android.avc.decoder at line 109 of /vendor/etc/media_codecs_c2.xml
06-05 01:57:47.403   961   961 D MediaCodecsXmlParser: MediaCodec: cannot update non-existing codec: c2.android.hevc.decoder at line 120 of /vendor/etc/media_codecs_c2.xml
06-05 01:57:47.403   961   961 D MediaCodecsXmlParser: MediaCodec: cannot update non-existing codec: c2.android.vp8.decoder at line 131 of /vendor/etc/media_codecs_c2.xml
06-05 01:57:47.403   961   961 D MediaCodecsXmlParser: MediaCodec: cannot update non-existing codec: c2.android.vp9.decoder at line 141 of /vendor/etc/media_codecs_c2.xml
06-05 01:57:47.403   961   961 D MediaCodecsXmlParser: MediaCodec: cannot update non-existing codec: c2.android.av1.decoder at line 151 of /vendor/etc/media_codecs_c2.xml
06-05 01:57:47.403   961   961 D MediaCodecsXmlParser: disabling c2.android.mpeg2.decoder
06-05 01:57:47.403   961   961 V MediaCodecsXmlParser: limit: size-range = 16x16-1920x1088
06-05 01:57:47.403   961   961 V MediaCodecsXmlParser: limit: alignment = 2x2
06-05 01:57:47.403   961   961 V MediaCodecsXmlParser: limit: block-size = 16x16
06-05 01:57:47.403   961   961 V MediaCodecsXmlParser: limit: blocks-per-second-range = 1-244800
06-05 01:57:47.404   961   961 V MediaCodecsXmlParser: limit: bitrate-range = 1-20000000
06-05 01:57:47.404   961   961 V MediaCodecsXmlParser: limit: feature-adaptive-playback = 0
06-05 01:57:47.404   961   961 V MediaCodecsXmlParser: limit: max-channel-count = 6
06-05 01:57:47.404   961   961 V MediaCodecsXmlParser: limit: sample-rate-ranges = 8000,11025,12000,16000,22050,24000,32000,44100,48000
06-05 01:57:47.404   961   961 V MediaCodecsXmlParser: limit: bitrate-range = 8000-960000
06-05 01:57:47.404   961   961 V MediaCodecsXmlParser: limit: max-channel-count = 1
06-05 01:57:47.404   961   961 V MediaCodecsXmlParser: limit: sample-rate-ranges = 8000
06-05 01:57:47.404   961   961 V MediaCodecsXmlParser: limit: bitrate-range = 4750-12200
06-05 01:57:47.404   961   961 V MediaCodecsXmlParser: limit: feature-bitrate-modes = CBR
06-05 01:57:47.404   961   961 V MediaCodecsXmlParser: limit: max-channel-count = 1
06-05 01:57:47.404   961   961 V MediaCodecsXmlParser: limit: sample-rate-ranges = 16000
06-05 01:57:47.404   961   961 V MediaCodecsXmlParser: limit: bitrate-range = 6600-23850
06-05 01:57:47.404   961   961 V MediaCodecsXmlParser: limit: feature-bitrate-modes = CBR
06-05 01:57:47.404   961   961 V MediaCodecsXmlParser: limit: max-channel-count = 2
06-05 01:57:47.404   961   961 V MediaCodecsXmlParser: limit: sample-rate-ranges = 1-655350
06-05 01:57:47.404   961   961 V MediaCodecsXmlParser: limit: bitrate-range = 1-21000000
06-05 01:57:47.404   961   961 V MediaCodecsXmlParser: limit: complexity-default = 5
06-05 01:57:47.404   961   961 V MediaCodecsXmlParser: limit: complexity-range = 0-8
06-05 01:57:47.404   961   961 V MediaCodecsXmlParser: limit: feature-bitrate-modes = CQ
06-05 01:57:47.404   961   961 V MediaCodecsXmlParser: limit: max-channel-count = 2
06-05 01:57:47.404   961   961 V MediaCodecsXmlParser: limit: sample-rate-ranges = 8000,12000,16000,24000,48000
06-05 01:57:47.404   961   961 V MediaCodecsXmlParser: limit: bitrate-range = 500-512000
06-05 01:57:47.404   961   961 V MediaCodecsXmlParser: limit: complexity-default = 5
06-05 01:57:47.404   961   961 V MediaCodecsXmlParser: limit: complexity-range = 0-10
06-05 01:57:47.404   961   961 V MediaCodecsXmlParser: limit: feature-bitrate-modes = CBR
06-05 01:57:47.404   961   961 V MediaCodecsXmlParser: limit: size-range = 176x144-176x144
06-05 01:57:47.404   961   961 V MediaCodecsXmlParser: limit: alignment = 16x16
06-05 01:57:47.404   961   961 V MediaCodecsXmlParser: limit: bitrate-range = 1-128000
06-05 01:57:47.404   961   961 V MediaCodecsXmlParser: limit: size-range = 16x16-176x144
06-05 01:57:47.404   961   961 V MediaCodecsXmlParser: limit: alignment = 16x16
06-05 01:57:47.404   961   961 V MediaCodecsXmlParser: limit: block-size = 16x16
06-05 01:57:47.404   961   961 V MediaCodecsXmlParser: limit: blocks-per-second-range = 12-1485
06-05 01:57:47.404   961   961 V MediaCodecsXmlParser: limit: bitrate-range = 1-64000
06-05 01:57:47.404   961   961 D MediaCodecsXmlParser: MediaCodec: cannot update non-existing codec: c2.android.avc.encoder at line 224 of /vendor/etc/media_codecs_c2.xml
06-05 01:57:47.404   961   961 D MediaCodecsXmlParser: MediaCodec: cannot update non-existing codec: c2.android.vp8.encoder at line 235 of /vendor/etc/media_codecs_c2.xml
06-05 01:57:47.404   961   961 D MediaCodecsXmlParser: MediaCodec: cannot update non-existing codec: c2.android.hevc.encoder at line 245 of /vendor/etc/media_codecs_c2.xml
06-05 01:57:47.404   961   961 D MediaCodecsXmlParser: MediaCodec: cannot update non-existing codec: c2.android.vp9.encoder at line 258 of /vendor/etc/media_codecs_c2.xml
06-05 01:57:47.404   961   961 D MediaCodecsXmlParser: parsing /vendor/etc/media_codecs_mediatek_audio.xml...
06-05 01:57:47.405   987  1084 D PQProxy : [PQ_Proxy] PQAshmemProxy : set offset 0x00000050 = 0x00000000
06-05 01:57:47.406   961   961 V MediaCodecsXmlParser: adding quirk::decoder-lies-about-number-of-channels to OMX.MTK.AUDIO.DECODER.MP3
06-05 01:57:47.406   961   961 V MediaCodecsXmlParser: adding quirk::supports-multiple-frames-per-input-buffer to OMX.MTK.AUDIO.DECODER.MP3
06-05 01:57:47.406   961   961 V MediaCodecsXmlParser: adding quirk::decoder-lies-about-number-of-channels to OMX.MTK.AUDIO.DECODER.APE
06-05 01:57:47.406   961   961 V MediaCodecsXmlParser: adding quirk::supports-multiple-frames-per-input-buffer to OMX.MTK.AUDIO.DECODER.APE
06-05 01:57:47.406   961   961 D MediaCodecsXmlParser: parsing /vendor/etc/media_codecs_mediatek_video.xml...
06-05 01:57:47.406   512   512 D [mTEE]  :  come into the TZ_VFS_READ function
06-05 01:57:47.405   950   950 I mediaserver: ServiceManager: 0xe8ec0160
06-05 01:57:47.409   961   961 V MediaCodecsXmlParser: limit: size-range = 16x16-2048x1088
06-05 01:57:47.409   961   961 V MediaCodecsXmlParser: adding quirk::requires-allocate-on-input-ports to OMX.MTK.VIDEO.DECODER.MPEG2
06-05 01:57:47.409   961   961 V MediaCodecsXmlParser: adding quirk::requires-allocate-on-output-ports to OMX.MTK.VIDEO.DECODER.MPEG2
06-05 01:57:47.409   961   961 V MediaCodecsXmlParser: limit: max-concurrent-instances = 16
06-05 01:57:47.409   961   961 V MediaCodecsXmlParser: limit: performance-point-1920x1088-range = 30-30
06-05 01:57:47.409   961   961 V MediaCodecsXmlParser: limit: size-range = 16x16-3840x2176
06-05 01:57:47.409   961   961 V MediaCodecsXmlParser: adding quirk::requires-allocate-on-input-ports to OMX.MTK.VIDEO.DECODER.HEVC
06-05 01:57:47.409   961   961 V MediaCodecsXmlParser: adding quirk::requires-allocate-on-output-ports to OMX.MTK.VIDEO.DECODER.HEVC
06-05 01:57:47.409   961   961 V MediaCodecsXmlParser: limit: feature-adaptive-playback = 0
06-05 01:57:47.409   961   961 V MediaCodecsXmlParser: limit: max-concurrent-instances = 16
06-05 01:57:47.409   961   961 V MediaCodecsXmlParser: limit: performance-point-3840x2160-range = 30-30
06-05 01:57:47.409   961   961 V MediaCodecsXmlParser: limit: size-range = 16x16-2048x1088
06-05 01:57:47.409   961   961 V MediaCodecsXmlParser: adding quirk::requires-allocate-on-input-ports to OMX.MTK.VIDEO.DECODER.MPEG4
06-05 01:57:47.409   961   961 V MediaCodecsXmlParser: adding quirk::requires-allocate-on-output-ports to OMX.MTK.VIDEO.DECODER.MPEG4
06-05 01:57:47.409   961   961 V MediaCodecsXmlParser: limit: feature-adaptive-playback = 0
06-05 01:57:47.409   961   961 V MediaCodecsXmlParser: limit: max-concurrent-instances = 16
06-05 01:57:47.409   961   961 V MediaCodecsXmlParser: limit: performance-point-3840x2160-range = 30-30
06-05 01:57:47.409   961   961 V MediaCodecsXmlParser: limit: size-range = 128x96-1408x1152
06-05 01:57:47.409   961   961 V MediaCodecsXmlParser: adding quirk::requires-allocate-on-input-ports to OMX.MTK.VIDEO.DECODER.H263
06-05 01:57:47.409   961   961 V MediaCodecsXmlParser: adding quirk::requires-allocate-on-output-ports to OMX.MTK.VIDEO.DECODER.H263
06-05 01:57:47.409   961   961 V MediaCodecsXmlParser: limit: feature-adaptive-playback = 0
06-05 01:57:47.409   961   961 V MediaCodecsXmlParser: limit: max-concurrent-instances = 16
06-05 01:57:47.409   961   961 V MediaCodecsXmlParser: limit: performance-point-1920x1088-range = 30-30
06-05 01:57:47.409   961   961 V MediaCodecsXmlParser: limit: size-range = 64x64-3840x2176
06-05 01:57:47.409   961   961 V MediaCodecsXmlParser: adding quirk::wants-NAL-fragments to OMX.MTK.VIDEO.DECODER.AVC
06-05 01:57:47.409   961   961 V MediaCodecsXmlParser: adding quirk::requires-allocate-on-input-ports to OMX.MTK.VIDEO.DECODER.AVC
06-05 01:57:47.409   961   961 V MediaCodecsXmlParser: adding quirk::requires-allocate-on-output-ports to OMX.MTK.VIDEO.DECODER.AVC
06-05 01:57:47.409   961   961 V MediaCodecsXmlParser: limit: feature-adaptive-playback = 0
06-05 01:57:47.410   961   961 V MediaCodecsXmlParser: limit: max-concurrent-instances = 16
06-05 01:57:47.410   961   961 V MediaCodecsXmlParser: limit: performance-point-1280x720-range = 30-30
06-05 01:57:47.410   961   961 V MediaCodecsXmlParser: limit: size-range = 64x64-3840x2176
06-05 01:57:47.410   961   961 V MediaCodecsXmlParser: adding quirk::requires-allocate-on-input-ports to OMX.MTK.VIDEO.DECODER.AVC.secure
06-05 01:57:47.410   961   961 V MediaCodecsXmlParser: adding quirk::requires-allocate-on-output-ports to OMX.MTK.VIDEO.DECODER.AVC.secure
06-05 01:57:47.410   961   961 V MediaCodecsXmlParser: limit: feature-secure-playback = 1
06-05 01:57:47.410   961   961 V MediaCodecsXmlParser: limit: feature-adaptive-playback = 0
06-05 01:57:47.410   961   961 V MediaCodecsXmlParser: limit: max-concurrent-instances = 1
06-05 01:57:47.410   961   961 V MediaCodecsXmlParser: limit: performance-point-3840x2160-range = 30-30
06-05 01:57:47.410   961   961 V MediaCodecsXmlParser: limit: size-range = 16x16-2048x1088
06-05 01:57:47.410   961   961 V MediaCodecsXmlParser: adding quirk::requires-allocate-on-input-ports to OMX.MTK.VIDEO.DECODER.VPX
06-05 01:57:47.410   961   961 V MediaCodecsXmlParser: adding quirk::requires-allocate-on-output-ports to OMX.MTK.VIDEO.DECODER.VPX
06-05 01:57:47.410   961   961 V MediaCodecsXmlParser: limit: feature-adaptive-playback = 0
06-05 01:57:47.410   961   961 V MediaCodecsXmlParser: limit: max-concurrent-instances = 16
06-05 01:57:47.410   961   961 V MediaCodecsXmlParser: limit: performance-point-1920x1088-range = 30-30
06-05 01:57:47.410   961   961 V MediaCodecsXmlParser: limit: size-range = 16x16-3840x2176
06-05 01:57:47.410   961   961 V MediaCodecsXmlParser: adding quirk::requires-allocate-on-input-ports to OMX.MTK.VIDEO.DECODER.VP9
06-05 01:57:47.410   961   961 V MediaCodecsXmlParser: adding quirk::requires-allocate-on-output-ports to OMX.MTK.VIDEO.DECODER.VP9
06-05 01:57:47.410   961   961 V MediaCodecsXmlParser: limit: feature-adaptive-playback = 0
06-05 01:57:47.410   961   961 V MediaCodecsXmlParser: limit: max-concurrent-instances = 16
06-05 01:57:47.410   961   961 V MediaCodecsXmlParser: limit: performance-point-3840x2160-range = 30-30
06-05 01:57:47.410   961   961 V MediaCodecsXmlParser: limit: size-range = 16x16-1920x1088
06-05 01:57:47.410   512   512 D [mTEE]  :  come into the TZ_VFS_READ function
06-05 01:57:47.410   961   961 V MediaCodecsXmlParser: adding quirk::requires-allocate-on-input-ports to OMX.MTK.VIDEO.DECODER.VP9.secure
06-05 01:57:47.410   961   961 V MediaCodecsXmlParser: adding quirk::requires-allocate-on-output-ports to OMX.MTK.VIDEO.DECODER.VP9.secure
06-05 01:57:47.410   961   961 V MediaCodecsXmlParser: limit: feature-secure-playback = 1
06-05 01:57:47.410   961   961 V MediaCodecsXmlParser: limit: feature-adaptive-playback = 0
06-05 01:57:47.410   961   961 V MediaCodecsXmlParser: limit: feature-can-swap-width-height = 0
06-05 01:57:47.410   961   961 V MediaCodecsXmlParser: limit: max-concurrent-instances = 1
06-05 01:57:47.410   961   961 V MediaCodecsXmlParser: limit: performance-point-1920x1088-range = 30-30
06-05 01:57:47.410   961   961 V MediaCodecsXmlParser: limit: size-range = 16x16-2048x1088
06-05 01:57:47.410   961   961 V MediaCodecsXmlParser: adding quirk::requires-allocate-on-input-ports to OMX.MTK.VIDEO.DECODER.XVID
06-05 01:57:47.410   961   961 V MediaCodecsXmlParser: adding quirk::requires-allocate-on-output-ports to OMX.MTK.VIDEO.DECODER.XVID
06-05 01:57:47.410   961   961 V MediaCodecsXmlParser: limit: max-concurrent-instances = 16
06-05 01:57:47.410   961   961 V MediaCodecsXmlParser: limit: performance-point-1920x1088-range = 30-30
06-05 01:57:47.410   961   961 V MediaCodecsXmlParser: limit: size-range = 16x16-1920x1088
06-05 01:57:47.410   961   961 V MediaCodecsXmlParser: adding quirk::requires-allocate-on-input-ports to OMX.MTK.VIDEO.DECODER.VC1
06-05 01:57:47.410   961   961 V MediaCodecsXmlParser: adding quirk::requires-allocate-on-output-ports to OMX.MTK.VIDEO.DECODER.VC1
06-05 01:57:47.411   961   961 V MediaCodecsXmlParser: limit: max-concurrent-instances = 16
06-05 01:57:47.411   961   961 V MediaCodecsXmlParser: limit: performance-point-1920x1088-range = 30-30
06-05 01:57:47.411   961   961 V MediaCodecsXmlParser: limit: size-range = 176x144-720x480
06-05 01:57:47.411   961   961 V MediaCodecsXmlParser: limit: alignment = 16x16
06-05 01:57:47.411   961   961 V MediaCodecsXmlParser: limit: block-size = 16x16
06-05 01:57:47.411   961   961 V MediaCodecsXmlParser: adding quirk::requires-allocate-on-input-ports to OMX.MTK.VIDEO.ENCODER.MPEG4
06-05 01:57:47.411   961   961 V MediaCodecsXmlParser: adding quirk::requires-allocate-on-output-ports to OMX.MTK.VIDEO.ENCODER.MPEG4
06-05 01:57:47.411   961   961 V MediaCodecsXmlParser: limit: max-concurrent-instances = 16
06-05 01:57:47.411   961   961 V MediaCodecsXmlParser: limit: performance-point-640x480-range = 30-30
06-05 01:57:47.411   961   961 V MediaCodecsXmlParser: limit: size-range = 176x144-176x144
06-05 01:57:47.411   961   961 V MediaCodecsXmlParser: limit: alignment = 16x16
06-05 01:57:47.411   961   961 V MediaCodecsXmlParser: limit: block-size = 16x16
06-05 01:57:47.411   961   961 V MediaCodecsXmlParser: adding quirk::requires-allocate-on-input-ports to OMX.MTK.VIDEO.ENCODER.H263
06-05 01:57:47.411   961   961 V MediaCodecsXmlParser: adding quirk::requires-allocate-on-output-ports to OMX.MTK.VIDEO.ENCODER.H263
06-05 01:57:47.411   961   961 V MediaCodecsXmlParser: limit: max-concurrent-instances = 16
06-05 01:57:47.411   961   961 V MediaCodecsXmlParser: limit: performance-point-640x480-range = 30-30
06-05 01:57:47.411   961   961 V MediaCodecsXmlParser: limit: size-range = 128x128-3840x2176
06-05 01:57:47.411   961   961 V MediaCodecsXmlParser: limit: alignment = 2x2
06-05 01:57:47.411   961   961 V MediaCodecsXmlParser: limit: block-size = 16x16
06-05 01:57:47.411   961   961 V MediaCodecsXmlParser: adding quirk::requires-allocate-on-input-ports to OMX.MTK.VIDEO.ENCODER.AVC
06-05 01:57:47.411   961   961 V MediaCodecsXmlParser: adding quirk::requires-allocate-on-output-ports to OMX.MTK.VIDEO.ENCODER.AVC
06-05 01:57:47.411   961   961 V MediaCodecsXmlParser: limit: feature-can-swap-width-height = 0
06-05 01:57:47.411   961   961 V MediaCodecsXmlParser: limit: max-concurrent-instances = 16
06-05 01:57:47.411   950   950 W BatteryNotifier: batterystats service unavailable!
06-05 01:57:47.411   961   961 V MediaCodecsXmlParser: limit: performance-point-3840x2160-range = 30-30
06-05 01:57:47.411   961   961 V MediaCodecsXmlParser: limit: size-range = 160x128-3840x2176
06-05 01:57:47.411   961   961 V MediaCodecsXmlParser: limit: alignment = 2x2
06-05 01:57:47.411   961   961 V MediaCodecsXmlParser: limit: block-size = 16x16
06-05 01:57:47.411   961   961 V MediaCodecsXmlParser: limit: quality-scale = linear
06-05 01:57:47.411   961   961 V MediaCodecsXmlParser: limit: quality-default = 50
06-05 01:57:47.412   961   961 V MediaCodecsXmlParser: limit: quality-range = 0-100
06-05 01:57:47.412   961   961 V MediaCodecsXmlParser: adding quirk::requires-allocate-on-input-ports to OMX.MTK.VIDEO.ENCODER.HEVC
06-05 01:57:47.412   961   961 V MediaCodecsXmlParser: adding quirk::requires-allocate-on-output-ports to OMX.MTK.VIDEO.ENCODER.HEVC
06-05 01:57:47.412   961   961 V MediaCodecsXmlParser: limit: max-concurrent-instances = 16
06-05 01:57:47.412   961   961 V MediaCodecsXmlParser: limit: feature-bitrate-modes = VBR,CBR,CQ
06-05 01:57:47.412   961   961 V MediaCodecsXmlParser: limit: performance-point-3840x2160-range = 30-30
06-05 01:57:47.412   961   961 V MediaCodecsXmlParser: limit: size-range = 160x128-16880x16880
06-05 01:57:47.412   961   961 V MediaCodecsXmlParser: limit: alignment = 2x2
06-05 01:57:47.412   961   961 V MediaCodecsXmlParser: limit: block-size = 16x16
06-05 01:57:47.412   987  1084 D PQProxy : [PQ_Proxy] PQAshmemProxy : set offset 0x00000054 = 0x00000000
06-05 01:57:47.412   961   961 V MediaCodecsXmlParser: limit: quality-scale = linear
06-05 01:57:47.412   961   961 V MediaCodecsXmlParser: limit: quality-default = 50
06-05 01:57:47.412   961   961 V MediaCodecsXmlParser: limit: quality-range = 0-100
06-05 01:57:47.412   961   961 V MediaCodecsXmlParser: adding quirk::requires-allocate-on-input-ports to OMX.MTK.VIDEO.ENCODER.HEIF
06-05 01:57:47.412   961   961 V MediaCodecsXmlParser: adding quirk::requires-allocate-on-output-ports to OMX.MTK.VIDEO.ENCODER.HEIF
06-05 01:57:47.412   961   961 V MediaCodecsXmlParser: limit: max-concurrent-instances = 2
06-05 01:57:47.412   961   961 V MediaCodecsXmlParser: limit: feature-bitrate-modes = VBR,CBR,CQ
06-05 01:57:47.412   961   961 V MediaCodecsXmlParser: limit: performance-point-3840x2160-range = 30-30
06-05 01:57:47.412   987  1084 D PQProxy : [PQ_Proxy] PQAshmemProxy : set offset 0x00000058 = 0x00000000
06-05 01:57:47.413   961   961 D MediaCodecsXmlParser: parsing /vendor/etc/media_codecs_google_audio.xml...
06-05 01:57:47.413   512   512 D [mTEE]  :  come into the TZ_VFS_READ function
06-05 01:57:47.413   987  1084 D PQProxy : [PQ_Proxy] PQAshmemProxy : set offset 0x0000005c = 0x00000000
06-05 01:57:47.413   950   950 W BatteryNotifier: batterystats service unavailable!
06-05 01:57:47.414   987  1084 D PQProxy : [PQ_Proxy] PQAshmemProxy : set offset 0x00000060 = 0x00000000
06-05 01:57:47.414   987  1084 D PQProxy : [PQ_Proxy] PQAshmemProxy : set offset 0x00000064 = 0x00000000
06-05 01:57:47.414   961   961 V MediaCodecsXmlParser: limit: max-channel-count = 2
06-05 01:57:47.414   961   961 V MediaCodecsXmlParser: limit: sample-rate-ranges = 8000,11025,12000,16000,22050,24000,32000,44100,48000
06-05 01:57:47.414   961   961 V MediaCodecsXmlParser: limit: bitrate-range = 8000-320000
06-05 01:57:47.414   961   961 V MediaCodecsXmlParser: limit: max-channel-count = 1
06-05 01:57:47.414   961   961 V MediaCodecsXmlParser: limit: sample-rate-ranges = 8000
06-05 01:57:47.414   961   961 V MediaCodecsXmlParser: limit: bitrate-range = 4750-12200
06-05 01:57:47.414   961   961 V MediaCodecsXmlParser: limit: max-channel-count = 1
06-05 01:57:47.415   987  1084 D PQProxy : [PQ_Proxy] PQAshmemProxy : set offset 0x00000068 = 0x00000000
06-05 01:57:47.415   961   961 V MediaCodecsXmlParser: limit: sample-rate-ranges = 16000
06-05 01:57:47.415   961   961 V MediaCodecsXmlParser: limit: bitrate-range = 6600-23850
06-05 01:57:47.415   961   961 V MediaCodecsXmlParser: limit: max-channel-count = 8
06-05 01:57:47.415   961   961 V MediaCodecsXmlParser: limit: sample-rate-ranges = 7350,8000,11025,12000,16000,22050,24000,32000,44100,48000
06-05 01:57:47.415   961   961 V MediaCodecsXmlParser: limit: bitrate-range = 8000-960000
06-05 01:57:47.415   961   961 V MediaCodecsXmlParser: limit: max-channel-count = 1
06-05 01:57:47.415   961   961 V MediaCodecsXmlParser: limit: sample-rate-ranges = 8000-48000
06-05 01:57:47.415   987  1084 D PQProxy : [PQ_Proxy] PQAshmemProxy : set offset 0x0000006c = 0x00000000
06-05 01:57:47.415   961   961 V MediaCodecsXmlParser: limit: bitrate-range = 64000
06-05 01:57:47.415   961   961 V MediaCodecsXmlParser: limit: max-channel-count = 1
06-05 01:57:47.415   961   961 V MediaCodecsXmlParser: limit: sample-rate-ranges = 8000-48000
06-05 01:57:47.415   961   961 V MediaCodecsXmlParser: limit: bitrate-range = 64000
06-05 01:57:47.415   961   961 V MediaCodecsXmlParser: limit: max-channel-count = 8
06-05 01:57:47.415   961   961 V MediaCodecsXmlParser: limit: sample-rate-ranges = 8000-96000
06-05 01:57:47.416   961   961 V MediaCodecsXmlParser: limit: bitrate-range = 32000-500000
06-05 01:57:47.416   961   961 V MediaCodecsXmlParser: limit: max-channel-count = 8
06-05 01:57:47.416   987  1084 D PQProxy : [PQ_Proxy] PQAshmemProxy : set offset 0x00000070 = 0x00000000
06-05 01:57:47.416   961   961 V MediaCodecsXmlParser: limit: sample-rate-ranges = 48000
06-05 01:57:47.416   961   961 V MediaCodecsXmlParser: limit: bitrate-range = 6000-510000
06-05 01:57:47.416   961   961 V MediaCodecsXmlParser: limit: max-channel-count = 8
06-05 01:57:47.416   961   961 V MediaCodecsXmlParser: limit: sample-rate-ranges = 8000-192000
06-05 01:57:47.416   961   961 V MediaCodecsXmlParser: limit: bitrate-range = 1-10000000
06-05 01:57:47.416   961   961 V MediaCodecsXmlParser: limit: max-channel-count = 8
06-05 01:57:47.416   961   961 V MediaCodecsXmlParser: limit: sample-rate-ranges = 1-655350
06-05 01:57:47.416   961   961 V MediaCodecsXmlParser: limit: bitrate-range = 1-21000000
06-05 01:57:47.416   961   961 V MediaCodecsXmlParser: limit: max-channel-count = 6
06-05 01:57:47.416   961   961 V MediaCodecsXmlParser: limit: sample-rate-ranges = 8000,11025,12000,16000,22050,24000,32000,44100,48000
06-05 01:57:47.416   961   961 V MediaCodecsXmlParser: limit: bitrate-range = 8000-960000
06-05 01:57:47.416   961   961 V MediaCodecsXmlParser: limit: max-channel-count = 1
06-05 01:57:47.416   961   961 V MediaCodecsXmlParser: limit: sample-rate-ranges = 8000
06-05 01:57:47.416   961   961 V MediaCodecsXmlParser: limit: bitrate-range = 4750-12200
06-05 01:57:47.416   961   961 V MediaCodecsXmlParser: limit: feature-bitrate-modes = CBR
06-05 01:57:47.416   961   961 V MediaCodecsXmlParser: limit: max-channel-count = 1
06-05 01:57:47.416   961   961 V MediaCodecsXmlParser: limit: sample-rate-ranges = 16000
06-05 01:57:47.416   961   961 V MediaCodecsXmlParser: limit: bitrate-range = 6600-23850
06-05 01:57:47.416   961   961 V MediaCodecsXmlParser: limit: feature-bitrate-modes = CBR
06-05 01:57:47.417   961   961 V MediaCodecsXmlParser: limit: max-channel-count = 2
06-05 01:57:47.417   961   961 V MediaCodecsXmlParser: limit: sample-rate-ranges = 1-655350
06-05 01:57:47.417   961   961 V MediaCodecsXmlParser: limit: bitrate-range = 1-21000000
06-05 01:57:47.417   961   961 V MediaCodecsXmlParser: limit: complexity-default = 5
06-05 01:57:47.417   961   961 V MediaCodecsXmlParser: limit: complexity-range = 0-8
06-05 01:57:47.417   961   961 V MediaCodecsXmlParser: limit: feature-bitrate-modes = CQ
06-05 01:57:47.417   961   961 D MediaCodecsXmlParser: parsing /vendor/etc/media_codecs_google_video_le.xml...
06-05 01:57:47.418   987  1084 D PQCommon: [PQ_PROT] Load iUltraRes_en = 0
06-05 01:57:47.418   512   512 D [mTEE]  :  come into the TZ_VFS_CLOSE function
06-05 01:57:47.418   512   512 D [mTEE]  :  fd = 6
06-05 01:57:47.418   512   512 D [mTEE]  :  retVal = 0
06-05 01:57:47.418   961   961 V MediaCodecsXmlParser: limit: size-range = 2x2-352x288
06-05 01:57:47.418   961   961 V MediaCodecsXmlParser: limit: alignment = 2x2
06-05 01:57:47.418   961   961 V MediaCodecsXmlParser: limit: block-size = 16x16
06-05 01:57:47.418   961   961 V MediaCodecsXmlParser: limit: blocks-per-second-range = 12-11880
06-05 01:57:47.418   961   961 V MediaCodecsXmlParser: limit: bitrate-range = 1-384000
06-05 01:57:47.418   961   961 V MediaCodecsXmlParser: limit: feature-adaptive-playback = 0
06-05 01:57:47.418   987  1084 D PQCommon: [PQ_PROT] Load iDSRegEntry[0][]
06-05 01:57:47.418   987  1084 D PQCommon: [PQ_PROT] Load iTdshpLevel[0][]
06-05 01:57:47.418   961   961 V MediaCodecsXmlParser: limit: size-range = 2x2-352x288
06-05 01:57:47.418   987  1084 D PQCommon: [PQ_PROT] Load iDSHWRegEntry[0][]
06-05 01:57:47.418   961   961 V MediaCodecsXmlParser: limit: alignment = 2x2
06-05 01:57:47.418   961   961 V MediaCodecsXmlParser: limit: bitrate-range = 1-384000
06-05 01:57:47.418   961   961 V MediaCodecsXmlParser: limit: feature-adaptive-playback = 0
06-05 01:57:47.418   961   961 V MediaCodecsXmlParser: limit: size-range = 2x2-2048x2048
06-05 01:57:47.418   961   961 V MediaCodecsXmlParser: limit: alignment = 2x2
