06-05 01:57:47.447   747   747 E AudioParamParser-vnd: isCeRegion(), Audio param overlay property is not ready!!!
06-05 01:57:47.447   747   747 E AudioParamParser-vnd: isCeRegion(), Audio param overlay property is not ready!!!
06-05 01:57:47.448   747   747 E AudioParamParser-vnd: isCeRegion(), Audio param overlay property is not ready!!!
06-05 01:57:47.448   747   747 E AudioParamParser-vnd: isCeRegion(), Audio param overlay property is not ready!!!
06-05 01:57:47.448   747   747 E AudioParamParser-vnd: isCeRegion(), Audio param overlay property is not ready!!!
06-05 01:57:47.448   747   747 E AudioParamParser-vnd: isCeRegion(), Audio param overlay property is not ready!!!
06-05 01:57:47.452   964   964 I Light   : AMBIENT_LCD_BACKLIGHT_HIGH read alsCali: [2047, 1]
06-05 01:57:47.453   935   935 I MediaExtractorFactory: dlopen(/system/lib64/extractors/libmtkadpcmextractor.so) reported error No such file or directory
06-05 01:57:47.456   961   961 V MediaCodecsXmlParser: Cannot find /data/misc/media/media_codecs_profiling_results.xml
06-05 01:57:47.456   961   961 E MediaCodecsXmlParser: Cannot find the role for a decoder of type audio/x-adpcm-dvi-ima
06-05 01:57:47.456   961   961 E MediaCodecsXmlParser: Cannot find the role for a decoder of type audio/x-adpcm-ms
06-05 01:57:47.456   961   961 E MediaCodecsXmlParser: Cannot find the role for a decoder of type audio/alac
06-05 01:57:47.456   961   961 E MediaCodecsXmlParser: Cannot find the role for a decoder of type audio/ape
06-05 01:57:47.456   961   961 E MediaCodecsXmlParser: Cannot find the role for a decoder of type video/x-ms-wmv
06-05 01:57:47.456   961   961 E MediaCodecsXmlParser: Cannot find the role for a decoder of type video/xvid
06-05 01:57:47.458   747   747 E AudioParamParser-vnd: isCeRegion(), Audio param overlay property is not ready!!!
06-05 01:57:47.460   747   747 E AudioParamParser-vnd: isCeRegion(), Audio param overlay property is not ready!!!
06-05 01:57:47.462   747   747 E AudioParamParser-vnd: isCeRegion(), Audio param overlay property is not ready!!!
06-05 01:57:47.462   882   882 I ANNService: Start to register interfaces
06-05 01:57:47.465   747   747 E AudioParamParser-vnd: isCeRegion(), Audio param overlay property is not ready!!!
06-05 01:57:47.466   747   747 E AudioParamParser-vnd: isCeRegion(), Audio param overlay property is not ready!!!
06-05 01:57:47.467   882   882 I HidlServiceManagement: Registered android.hardware.neuralnetworks@1.3::IDevice/mtk-neuron
06-05 01:57:47.467   882   882 I HidlServiceManagement: Removing namespace from process name android.hardware.neuralnetworks@1.3-service-mtk-neuron to neuralnetworks@1.3-service-mtk-neuron.
06-05 01:57:47.467   882   882 I ANNService: Registered service for mtk-neuron
06-05 01:57:47.468   863   874 I adbd    : USB event: FUNCTIONFS_BIND
06-05 01:57:47.469   907   907 I cameraserver: ServiceManager: 0xb400006f95d874a0
06-05 01:57:47.469   961   961 I HidlServiceManagement: Registered android.hardware.media.omx@1.0::IOmxStore/default
06-05 01:57:47.469   961   961 I HidlServiceManagement: Removing namespace from process name android.hardware.media.omx@1.0-service to omx@1.0-service.
06-05 01:57:47.470   907   907 I CameraService: CameraService started (pid=907)
06-05 01:57:47.470   907   907 I CameraService: CameraService process starting
06-05 01:57:47.471   907   907 W BatteryNotifier: batterystats service unavailable!
06-05 01:57:47.471   935   935 I MediaExtractorFactory: dlopen(/system/lib64/extractors/libmtkapeextractor.so) reported error No such file or directory
06-05 01:57:47.471   907   907 W BatteryNotifier: batterystats service unavailable!
06-05 01:57:47.471   935   935 I MediaExtractorFactory: plugin directory not present (/system_ext/lib64/extractors)
06-05 01:57:47.472  1016  1016 D fpc_tac : log_build_info_callback : {"buildid_md5":"2aefe2b222c1ae54f8b93234d2fabce5",
06-05 01:57:47.472  1016  1016 D fpc_tac : log_build_info_callback : "manifest_tag":"",
06-05 01:57:47.472  1016  1016 D fpc_tac : log_build_info_callback : "host":"daniel-VirtualBox",
06-05 01:57:47.472  1016  1016 D fpc_tac : log_build_info_callback : "date":"2019-09-16T16:47:08+08:00",
06-05 01:57:47.472  1016  1016 D fpc_tac : log_build_info_callback : "FPC_BUILD_TYPE":"debug",
06-05 01:57:47.472  1016  1016 D fpc_tac : log_build_info_callback : "ENGINEERING":true,
06-05 01:57:47.472  1016  1016 D fpc_tac : log_build_info_callback : "SENSORTEST":true,
06-05 01:57:47.472  1016  1016 D fpc_tac : log_build_info_callback : "IDENTIFY_AT_ENROL":false,
06-05 01:57:47.472  1016  1016 D fpc_tac : log_build_info_callback : "LIVENESS_DETECTION":false,
06-05 01:57:47.472  1016  1016 D fpc_tac : log_build_info_callback : "EXTENDED_LOGGING":false,
06-05 01:57:47.472  1016  1016 D fpc_tac : log_build_info_callback : "NAVIGATION":true,
06-05 01:57:47.472  1016  1016 D fpc_tac : log_build_info_callback : "sha-fpc_bio":"e83b5d8",
06-05 01:57:47.472  1016  1016 D fpc_tac : log_build_info_callback : "sha-prodtestlib":"1bf559a",
06-05 01:57:47.472  1016  1016 D fpc_tac : log_build_info_callback : "sha-fpc_c_core":"ff43660",
06-05 01:57:47.472  1016  1016 D fpc_tac : log_build_info_callback : "sha-fpc_lib":"12fcee9",
06-05 01:57:47.472  1016  1016 D fpc_tac : log_build_info_callback : "sha-cac":"0c315d0",
06-05 01:57:47.472  1016  1016 D fpc_tac : log_build_info_callback : "sha-fpc_bio_interface":"b4a582b",
06-05 01:57:47.472  1016  1016 D fpc_tac : log_build_info_callback : "sha-fpc_sensor_interface":"deb1691",
06-05 01:57:47.472  1016  1016 D fpc_tac : log_build_info_callback : "sha-sensor_sdk":"a906e41",
06-05 01:57:47.472  1016  1016 D fpc_tac : log_build_info_callback : "sha-sensor_driver":"3ab8b82",
06-05 01:57:47.472  1016  1016 D fpc_tac : log_build_info_callback : "sha-sensor_access":"073dc82",
06-05 01:57:47.472  1016  1016 D fpc_tac : log_build_info_callback : "sha-sensor_settings":"71a913a",
06-05 01:57:47.472  1016  1016 D fpc_tac : log_build_info_callback : "sha-sensor_config":"683395c",
06-05 01:57:47.472  1016  1016 D fpc_tac : log_build_info_callback : "sha-capacitance_estimator":"1bf559a",
06-05 01:57:47.472  1016  1016 D fpc_tac : log_build_info_callback : "sha-tools_core":"6015e34",
06-05 01:57:47.472  1016  1016 D fpc_tac : log_build_info_callback : "sha-production_test_limits":"5a5cabc",
06-05 01:57:47.472  1016  1016 D fpc_tac : log_build_info_callback : "sha-ctl":"07348e9",
06-05 01:57:47.472  1016  1016 D fpc_tac : log_build_info_callback : "sha-manifests":"42e8ef9"}
06-05 01:57:47.472  1016  1016 D fpc_tac : set_manifest_tag: 
06-05 01:57:47.472  1016  1016 D fpc_tac : log_build_info_callback supported_features 00000007
06-05 01:57:47.472  1016  1016 D fpc_tac : log_to_file_buf_sz=0
06-05 01:57:47.472  1016  1016 D fpc_tac : max_number_of_templates=5
06-05 01:57:47.473   747   747 E AudioParamParser-vnd: isCeRegion(), Audio param overlay property is not ready!!!
06-05 01:57:47.473   882   882 I HidlServiceManagement: Registered android.hardware.neuralnetworks@1.3::IDevice/mtk-dsp
06-05 01:57:47.473   882   882 I HidlServiceManagement: Removing namespace from process name android.hardware.neuralnetworks@1.3-service-mtk-neuron to neuralnetworks@1.3-service-mtk-neuron.
06-05 01:57:47.473   882   882 I ANNService: Registered service for mtk-dsp
06-05 01:57:47.475   747   747 E AudioParamParser-vnd: isCeRegion(), Audio param overlay property is not ready!!!
06-05 01:57:47.475   464   464 I hwservicemanager: Since android.hardware.camera.provider@2.4::ICameraProvider/internal/0 is not registered, trying to start it as a lazy HAL (if it's not configured to be a lazy HAL, it may be stuck starting or still starting).
06-05 01:57:47.477   907   907 W CameraProviderManager: tryToInitializeHidlProviderLocked: HIDL Camera provider HAL 'internal/0' is not actually available
06-05 01:57:47.478   747   747 E AudioParamParser-vnd: isCeRegion(), Audio param overlay property is not ready!!!
06-05 01:57:47.479   882   882 I HidlServiceManagement: Registered android.hardware.neuralnetworks@1.3::IDevice/mtk-gpu
06-05 01:57:47.479   882   882 I HidlServiceManagement: Removing namespace from process name android.hardware.neuralnetworks@1.3-service-mtk-neuron to neuralnetworks@1.3-service-mtk-neuron.
06-05 01:57:47.479   747   747 E AudioParamParser-vnd: isCeRegion(), Audio param overlay property is not ready!!!
06-05 01:57:47.479   882   882 I ANNService: Registered service for mtk-gpu
06-05 01:57:47.480   747   747 E AudioParamParser-vnd: isCeRegion(), Audio param overlay property is not ready!!!
06-05 01:57:47.482   464  1119 W libc    : Unable to set property "ctl.interface_start" to "android.hardware.camera.provider@2.4::ICameraProvider/internal/0": error code: 0x20
06-05 01:57:47.482   464  1119 I hwservicemanager: Tried to start android.hardware.camera.provider@2.4::ICameraProvider/internal/0 as a lazy service, but was unable to. Usually this happens when a service is not installed, but if the service is intended to be used as a lazy service, then it may be configured incorrectly.
06-05 01:57:47.482   747   747 E AudioParamParser-vnd: isCeRegion(), Audio param overlay property is not ready!!!
06-05 01:57:47.484   907   907 I HidlServiceManagement: Registered android.frameworks.cameraservice.service@2.2::ICameraService/default
06-05 01:57:47.485   882   882 I HidlServiceManagement: Registered vendor.mediatek.hardware.apuware.xrp@1.0::INeuronXrp/default
06-05 01:57:47.485   882   882 E APUWareServer: unable to open Apusys library APUWareApusysServer.so, with error dlopen failed: library "APUWareApusysServer.so" not found
06-05 01:57:47.485   747   747 E AudioParamParser-vnd: isCeRegion(), Audio param overlay property is not ready!!!
06-05 01:57:47.486   907   907 I CameraService: CameraService pinged cameraservice proxy
06-05 01:57:47.486   907   907 I cameraserver: ServiceManager: 0xb400006f95d874a0 done instantiate
06-05 01:57:47.486   747   747 E AudioParamParser-vnd: isCeRegion(), Audio param overlay property is not ready!!!
06-05 01:57:47.487   747   747 E AudioParamParser-vnd: isCeRegion(), Audio param overlay property is not ready!!!
06-05 01:57:47.488   747   747 E AudioParamParser-vnd: isCeRegion(), Audio param overlay property is not ready!!!
06-05 01:57:47.489   882   882 I HidlServiceManagement: Registered vendor.mediatek.hardware.apuware.utils@1.0::IApuwareUtils/default
06-05 01:57:47.489   747   747 E AudioParamParser-vnd: isCeRegion(), Audio param overlay property is not ready!!!
06-05 01:57:47.490   747   747 E AudioParamParser-vnd: isCeRegion(), Audio param overlay property is not ready!!!
06-05 01:57:47.492   747   747 E AudioParamParser-vnd: isCeRegion(), Audio param overlay property is not ready!!!
06-05 01:57:47.494   747   747 E AudioParamParser-vnd: isCeRegion(), Audio param overlay property is not ready!!!
06-05 01:57:47.494   747   747 E AudioParamParser-vnd: isCeRegion(), Audio param overlay property is not ready!!!
06-05 01:57:47.495   747   747 E AudioParamParser-vnd: isCeRegion(), Audio param overlay property is not ready!!!
06-05 01:57:47.495   747   747 E AudioParamParser-vnd: isCeRegion(), Audio param overlay property is not ready!!!
06-05 01:57:47.496   747   747 E AudioParamParser-vnd: isCeRegion(), Audio param overlay property is not ready!!!
06-05 01:57:47.497   747   747 E AudioParamParser-vnd: isCeRegion(), Audio param overlay property is not ready!!!
06-05 01:57:47.497   747   747 E AudioParamParser-vnd: isCeRegion(), Audio param overlay property is not ready!!!
06-05 01:57:47.498   747   747 E AudioParamParser-vnd: isCeRegion(), Audio param overlay property is not ready!!!
06-05 01:57:47.499   747   747 E AudioParamParser-vnd: isCeRegion(), Audio param overlay property is not ready!!!
06-05 01:57:47.501   747   747 E AudioParamParser-vnd: isCeRegion(), Audio param overlay property is not ready!!!
06-05 01:57:47.504   747   747 E AudioParamParser-vnd: isCeRegion(), Audio param overlay property is not ready!!!
06-05 01:57:47.505   747   747 E AudioParamParser-vnd: isCeRegion(), Audio param overlay property is not ready!!!
06-05 01:57:47.506   747   747 E AudioParamParser-vnd: isCeRegion(), Audio param overlay property is not ready!!!
06-05 01:57:47.507   747   747 E AudioParamParser-vnd: isCeRegion(), Audio param overlay property is not ready!!!
06-05 01:57:47.508   825   862 E GraphicBufferAllocator: Failed to allocate (128 x 128) layerCount 1 format 22 usage 100: 5
06-05 01:57:47.515   968   968 D aaa_log : ###### get hal3a log level =-1
06-05 01:57:47.515   747   747 E AudioParamParser-vnd: isCeRegion(), Audio param overlay property is not ready!!!
06-05 01:57:47.520   747   747 E AudioParamParser-vnd: isCeRegion(), Audio param overlay property is not ready!!!
06-05 01:57:47.526   747   747 E AudioParamParser-vnd: isCeRegion(), Audio param overlay property is not ready!!!
06-05 01:57:47.527   747   747 E AudioParamParser-vnd: isCeRegion(), Audio param overlay property is not ready!!!
06-05 01:57:47.530   747   747 E AudioParamParser-vnd: isCeRegion(), Audio param overlay property is not ready!!!
06-05 01:57:47.531   997   997 I mediaswcodec: media swcodec service starting
06-05 01:57:47.531   747   747 E AudioParamParser-vnd: isCeRegion(), Audio param overlay property is not ready!!!
06-05 01:57:47.531   747   747 E AudioParamParser-vnd: isCeRegion(), Audio param overlay property is not ready!!!
06-05 01:57:47.534   997   997 W mediaswcodec: libminijail[997]: failed to get path of fd 5: No such file or directory
06-05 01:57:47.534   997   997 W mediaswcodec: libminijail[997]: allowing syscall: connect
06-05 01:57:47.534   997   997 W mediaswcodec: libminijail[997]: allowing syscall: fcntl
06-05 01:57:47.534   997   997 W mediaswcodec: libminijail[997]: allowing syscall: sendto
06-05 01:57:47.534   997   997 W mediaswcodec: libminijail[997]: allowing syscall: socket
06-05 01:57:47.534   997   997 W mediaswcodec: libminijail[997]: allowing syscall: writev
06-05 01:57:47.534   997   997 W mediaswcodec: libminijail[997]: compile_file: <fd>(75): syscall munmap redefined here
06-05 01:57:47.534   997   997 W mediaswcodec: libminijail[997]: compile_file: <fd>(39): previous definition here
06-05 01:57:47.535   997   997 W mediaswcodec: libminijail[997]: logging seccomp filter failures
06-05 01:57:47.535   997   997 I CodecServiceRegistrant: Creating software Codec2 service...
06-05 01:57:47.538   997   997 D C2Store : Default ION heapmask = -1
06-05 01:57:47.538   997   997 D C2Store : Default ION flags = 0
06-05 01:57:47.538   997   997 D C2Store : Default ION align = 0
06-05 01:57:47.541   747   747 E AudioParamParser-vnd: isCeRegion(), Audio param overlay property is not ready!!!
06-05 01:57:47.541   464   464 I hwservicemanager: getTransport: Cannot find entry android.hardware.media.c2@1.0::IComponentStore/default in either framework or device VINTF manifest.
06-05 01:57:47.541   997   997 I CodecServiceRegistrant: Preferred Codec2 HIDL store is defaulted to "software".
06-05 01:57:47.542   997   997 I HidlServiceManagement: Registered android.hardware.media.c2@1.2::IComponentStore/software
06-05 01:57:47.542   997   997 I CodecServiceRegistrant: Software Codec2 service created and registered.
06-05 01:57:47.542   747   747 E AudioParamParser-vnd: isCeRegion(), Audio param overlay property is not ready!!!
06-05 01:57:47.543   968   968 I mtkcam-devicemgr: [CameraDeviceManagerBase] "internal" this:0x70c1b5f600 persist.vendor.mtkcam.aosp_hal_version:
06-05 01:57:47.544   747   747 E AudioParamParser-vnd: isCeRegion(), Audio param overlay property is not ready!!!
06-05 01:57:47.544   747   747 E AudioParamParser-vnd: isCeRegion(), Audio param overlay property is not ready!!!
06-05 01:57:47.548   747   747 E AudioParamParser-vnd: isCeRegion(), Audio param overlay property is not ready!!!
06-05 01:57:47.548   910   910 I vtservice: [VT][SRV]ServiceManager: 0xea944bd0
06-05 01:57:47.548   910   910 I vtservice: [VT][SRV]before VTService_instantiate
06-05 01:57:47.549   747   747 E AudioParamParser-vnd: isCeRegion(), Audio param overlay property is not ready!!!
06-05 01:57:47.550   747   747 E AudioParamParser-vnd: isCeRegion(), Audio param overlay property is not ready!!!
06-05 01:57:47.550   747   747 E AudioParamParser-vnd: isCeRegion(), Audio param overlay property is not ready!!!
06-05 01:57:47.551   744   744 D Zygote  : begin preload
06-05 01:57:47.551   744   744 I Zygote  : Calling ZygoteHooks.beginPreload()
06-05 01:57:47.551   747   747 E AudioParamParser-vnd: isCeRegion(), Audio param overlay property is not ready!!!
06-05 01:57:47.552   747   747 E AudioParamParser-vnd: isCeRegion(), Audio param overlay property is not ready!!!
06-05 01:57:47.553   747   747 E AudioParamParser-vnd: isCeRegion(), Audio param overlay property is not ready!!!
06-05 01:57:47.554   747   747 E AudioParamParser-vnd: isCeRegion(), Audio param overlay property is not ready!!!
06-05 01:57:47.558   747   747 E AudioParamParser-vnd: isCeRegion(), Audio param overlay property is not ready!!!
06-05 01:57:47.560   747   747 E AudioParamParser-vnd: isCeRegion(), Audio param overlay property is not ready!!!
06-05 01:57:47.561   747   747 E AudioParamParser-vnd: isCeRegion(), Audio param overlay property is not ready!!!
06-05 01:57:47.562   747   747 E AudioParamParser-vnd: isCeRegion(), Audio param overlay property is not ready!!!
06-05 01:57:47.562   747   747 E AudioParamParser-vnd: isCeRegion(), Audio param overlay property is not ready!!!
06-05 01:57:47.564   747   747 E AudioParamParser-vnd: isCeRegion(), Audio param overlay property is not ready!!!
06-05 01:57:47.566   747   747 E AudioParamParser-vnd: isCeRegion(), Audio param overlay property is not ready!!!
06-05 01:57:47.566   747   747 E AudioParamParser-vnd: isCeRegion(), Audio param overlay property is not ready!!!
06-05 01:57:47.567   747   747 E AudioParamParser-vnd: isCeRegion(), Audio param overlay property is not ready!!!
06-05 01:57:47.567   747   747 E AudioParamParser-vnd: isCeRegion(), Audio param overlay property is not ready!!!
06-05 01:57:47.569   747   747 E AudioParamParser-vnd: isCeRegion(), Audio param overlay property is not ready!!!
06-05 01:57:47.569   747   747 E AudioParamParser-vnd: isCeRegion(), Audio param overlay property is not ready!!!
06-05 01:57:47.570   747   747 E AudioParamParser-vnd: isCeRegion(), Audio param overlay property is not ready!!!
06-05 01:57:47.571   747   747 E AudioParamParser-vnd: isCeRegion(), Audio param overlay property is not ready!!!
06-05 01:57:47.572   747   747 E AudioParamParser-vnd: isCeRegion(), Audio param overlay property is not ready!!!
06-05 01:57:47.572   747   747 E AudioParamParser-vnd: isCeRegion(), Audio param overlay property is not ready!!!
06-05 01:57:47.574   747   747 E AudioParamParser-vnd: isCeRegion(), Audio param overlay property is not ready!!!
06-05 01:57:47.575   747   747 E AudioParamParser-vnd: isCeRegion(), Audio param overlay property is not ready!!!
06-05 01:57:47.576   747   747 E AudioParamParser-vnd: isCeRegion(), Audio param overlay property is not ready!!!
06-05 01:57:47.577   747   747 E AudioParamParser-vnd: isCeRegion(), Audio param overlay property is not ready!!!
06-05 01:57:47.578  1003  1003 D BootAnimation: BootAnimationStartTiming start time: 11229ms
06-05 01:57:47.578   747   747 E AudioParamParser-vnd: isCeRegion(), Audio param overlay property is not ready!!!
06-05 01:57:47.578  1003  1003 D BootAnimation: BootAnimationPreloadTiming start time: 11230ms
06-05 01:57:47.578   747   747 E AudioParamParser-vnd: isCeRegion(), Audio param overlay property is not ready!!!
06-05 01:57:47.579   747   747 E AudioParamParser-vnd: isCeRegion(), Audio param overlay property is not ready!!!
06-05 01:57:47.580   747   747 E AudioParamParser-vnd: isCeRegion(), Audio param overlay property is not ready!!!
06-05 01:57:47.581  1003  1003 D BootAnimation: /system/media/bootanimation.zip is loaded successfully
06-05 01:57:47.581   747   747 E AudioParamParser-vnd: isCeRegion(), Audio param overlay property is not ready!!!
06-05 01:57:47.613   747   747 E AudioParamParser-vnd: audioTypeLoadParamUnitHash(), No paramUnit element found!
06-05 01:57:47.629   474   476 D VOLTE MD STATUS: volte_ims_md_status_read_looper 9 hs1 count = 48 property = hs1
06-05 01:57:47.629   828   828 D STORAGE_OTP: Kernel version: 4.14.344-openela-PoWeR
06-05 01:57:47.629   828   828 D STORAGE_OTP: /dev/otp is not existed, not legacy version.
06-05 01:57:47.630   828   828 D STORAGE_OTP: [UFS] Device info: block device path: /dev/block/sdc14. sysfs start path: /sys/block/sdc/sdc14/start
06-05 01:57:47.630   828   828 D STORAGE_OTP: [UFS] init: otp_start (original) 335544320 (blk 81920)
06-05 01:57:47.630   828   828 D STORAGE_OTP: [UFS] init: otp_size (original) 50331648
06-05 01:57:47.630   828   828 D STORAGE_OTP: [UFS] init: blk_sz 4096
06-05 01:57:47.630   828   828 D STORAGE_OTP: [UFS] init: otp_start 0 (blk 0)
06-05 01:57:47.630   828   828 D STORAGE_OTP: [UFS] init: otp_size 49283072 (12032 blks)
06-05 01:57:47.630   828   828 D STORAGE_OTP: [UFS] init: wp_grp_size 1048576 (256 blks)
06-05 01:57:47.630   828   828 D STORAGE_OTP: [UFS] init: region_cnt 47
06-05 01:57:47.630   828   828 D STORAGE_OTP: Device support 47 group, OTP use 4 group
06-05 01:57:47.630   828   828 D STORAGE_OTP: otp parition start(block) is 0x0, size(block) is 0x2f00
06-05 01:57:47.630   828   828 D STORAGE_OTP: user0 start(block) is 0x0, size(block) is 0x100
06-05 01:57:47.630   828   828 D STORAGE_OTP: otp_get_size
06-05 01:57:47.630   828   828 E ccci_fsd(1): FS_OTP_init:otp_get_size:1048576, status=0, type=0!
06-05 01:57:47.630   828   828 E ccci_fsd(1): can't catch SIGKILL
06-05 01:57:47.640   747   747 D android.hardware.audio.service: unloadXmlOps(), dlclose successfully (handle = 0x0x73c02539)
06-05 01:57:47.640   747   747 D AudioSpeechEnhanceInfo: AudioSpeechEnhanceInfo(), mAudioCustParamClient(0xefb002d0)
06-05 01:57:47.640   747  1137 W AudioParamParser-vnd: utilMkdir(), mkdir fail (/data/vendor/audiohal/audio_param/)
06-05 01:57:47.640   747   747 D AudioALSADriverUtility: AudioALSADriverUtility()
06-05 01:57:47.640   747  1137 D AudioParamParser-vnd: appHandleReloadCustXml(), Notify xml file changed. (SoundEnhancement)
06-05 01:57:47.641   747  1137 D android.hardware.audio.service: loadXmlOps(), dlopen successfully!... (libxml2.so, handle = 0x0x73c02539)
06-05 01:57:47.641   747  1137 D AudioParamParser-vnd: appHandleReloadAudioType(), Load xml file successfully. (/data/vendor/audiohal/audio_param//SoundEnhancement_AudioParam.xml)
06-05 01:57:47.641   747  1137 D AudioParamParser-vnd: appHandleReloadCustXml(), Reload audio type done. (SoundEnhancement)
06-05 01:57:47.641   747  1137 D android.hardware.audio.service: unloadXmlOps(), dlclose successfully (handle = 0x0x73c02539)
06-05 01:57:47.645   968   968 E linker  : normalize_path - invalid input: "D", the input path should be absolute
06-05 01:57:47.645   968   968 W linker  : Warning: unable to normalize "D" (ignoring)
06-05 01:57:47.646   968   968 E linker  : normalize_path - invalid input: "\User\user\AppData\Local\Android\Sdk\ndk-bundle-r18b\toolchains\llvm\prebuilt\windows-x86_64\lib64\clang\7.0.2\lib\linux\aarch64", the input path should be absolute
06-05 01:57:47.646   968   968 W linker  : Warning: unable to normalize "\User\user\AppData\Local\Android\Sdk\ndk-bundle-r18b\toolchains\llvm\prebuilt\windows-x86_64\lib64\clang\7.0.2\lib\linux\aarch64" (ignoring)
06-05 01:57:47.647   968   968 E linker  : normalize_path - invalid input: "D", the input path should be absolute
06-05 01:57:47.647   968   968 W linker  : Warning: unable to normalize "D" (ignoring)
06-05 01:57:47.647   968   968 E linker  : normalize_path - invalid input: "\Altek_Android\android-ndk\android-ndk-r18b\toolchains\llvm\prebuilt\windows-x86_64\lib64\clang\7.0.2\lib\linux\aarch64", the input path should be absolute
06-05 01:57:47.647   968   968 W linker  : Warning: unable to normalize "\Altek_Android\android-ndk\android-ndk-r18b\toolchains\llvm\prebuilt\windows-x86_64\lib64\clang\7.0.2\lib\linux\aarch64" (ignoring)
06-05 01:57:47.651   904   969 W mnld    : thread_adc_capture_init: open_port: Unable to open /dev/gps_emi, retry:2
06-05 01:57:47.655   747   747 D AudioALSADeviceParser: getCardName(), card name mt6785mt6359
06-05 01:57:47.658   747   747 D AudioALSADeviceParser: card open success
06-05 01:57:47.659   747   747 D AudioALSADeviceParser: 	current CardIndex = 0, Rch =  0 
06-05 01:57:47.659   747   747 D AudioALSADeviceParser: 	current sound card name = mt6785mt6359
06-05 01:57:47.659   747   747 D AudioALSADeviceParser: 	mCardIndex found = 0
06-05 01:57:47.659   747   747 D AudioALSADeviceParser: GetAllPcmAttribute(), Pcm open success
06-05 01:57:47.659   964   964 I Light   : AMBIENT_LCD_BACKLIGHT_LOW read alsCali: [1536, 1]
06-05 01:57:47.659   747   747 E AudioALSADeviceParser: GetAllPcmAttribute fget error
06-05 01:57:47.711  1035  1035 I NetdagentFirewall: setupIptablesHooks done in oem_iptables_init
06-05 01:57:47.712  1035  1035 I NetdagentController: Initializing iptables: 380.9ms
06-05 01:57:47.712  1035  1035 I Netdagent:  Create CommandService  successfully
06-05 01:57:47.715  1035  1142 I HidlServiceManagement: Registered vendor.mediatek.hardware.netdagent@1.0::INetdagent/default
06-05 01:57:47.716   968   968 W linker  : Warning: "/vendor/lib64/libcamera_scene.so" unused DT entry: DT_RPATH (type 0xf arg 0xb02) (ignoring)
06-05 01:57:47.717   968   968 E linker  : normalize_path - invalid input: "D", the input path should be absolute
06-05 01:57:47.717   968   968 W linker  : Warning: unable to normalize "D" (ignoring)
06-05 01:57:47.717   968   968 E linker  : normalize_path - invalid input: "\User\user\AppData\Local\Android\Sdk\ndk-bundle-r18b\toolchains\llvm\prebuilt\windows-x86_64\lib64\clang\7.0.2\lib\linux\aarch64", the input path should be absolute
06-05 01:57:47.717   968   968 W linker  : Warning: unable to normalize "\User\user\AppData\Local\Android\Sdk\ndk-bundle-r18b\toolchains\llvm\prebuilt\windows-x86_64\lib64\clang\7.0.2\lib\linux\aarch64" (ignoring)
06-05 01:57:47.717   968   968 E linker  : normalize_path - invalid input: "D", the input path should be absolute
06-05 01:57:47.717   968   968 W linker  : Warning: unable to normalize "D" (ignoring)
06-05 01:57:47.717   968   968 E linker  : normalize_path - invalid input: "\Altek_Android\android-ndk\android-ndk-r18b\toolchains\llvm\prebuilt\windows-x86_64\lib64\clang\7.0.2\lib\linux\aarch64", the input path should be absolute
06-05 01:57:47.717   968   968 W linker  : Warning: unable to normalize "\Altek_Android\android-ndk\android-ndk-r18b\toolchains\llvm\prebuilt\windows-x86_64\lib64\clang\7.0.2\lib\linux\aarch64" (ignoring)
06-05 01:57:47.716  1016  1016 W mfp-daemon: type=1400 audit(0.0:459): avc:  denied  { search } for  name="battery" dev="sysfs" ino=15099 scontext=u:r:hal_fingerprint_default:s0 tcontext=u:object_r:sysfs_battery_supply:s0 tclass=dir permissive=0
06-05 01:57:47.717  1016  1016 E fpc_tac : Unable to open '/sys/bus/platform/devices/battery/modalias'
06-05 01:57:47.718   968   968 W linker  : Warning: "/vendor/lib64/libmibokeh_mt6785.so" unused DT entry: DT_RPATH (type 0xf arg 0x22c2) (ignoring)
06-05 01:57:47.718   747   747 D AudioALSADriverUtility: mMixer = 0xec341060
06-05 01:57:47.718   747   747 D AudioMTKGainController: AudioMTKGainController contructor
06-05 01:57:47.725  1016  1016 D fpc_tac : 'modalias'='of:NfingerprintT<NULL>Cmediatek' found on  path '/sys/bus/platform/devices/fingerprint/'
06-05 01:57:47.728  1016  1016 D fpc_tac : fpc_tee_bio_init
06-05 01:57:47.729   745  1094 I zygote  : Background verification of 148 classes from boot classpath took 214.630ms
06-05 01:57:47.729   744  1087 I zygote64: Background verification of 146 classes from boot classpath took 222.263ms
06-05 01:57:47.732   747   747 D AudioALSADeviceConfigManager: TiXmlDeclaration version = 1.0, Encoding = UTF-8, Standalone = 
06-05 01:57:47.732   747   747 D AudioALSADeviceConfigManager: ParseInitSequence()
06-05 01:57:47.732   747   747 D AudioALSADeviceConfigManager: valname = Audio_Speaker_class_Switch  valvalue = CLASSAB  
06-05 01:57:47.733  1016  1016 D fpc_tac : fpc_tee_get_sensor_info
06-05 01:57:47.734  1016  1016 E fpc_hal_extension: add_sensortest_service
06-05 01:57:47.736  1016  1016 I HidlServiceManagement: Registered com.fingerprints.extension@1.0::IFingerprintSensorTest/default
06-05 01:57:47.736  1016  1016 W mfp-daemon: type=1400 audit(0.0:460): avc:  denied  { search } for  name="battery" dev="sysfs" ino=15099 scontext=u:r:hal_fingerprint_default:s0 tcontext=u:object_r:sysfs_battery_supply:s0 tclass=dir permissive=0
06-05 01:57:47.738  1016  1016 E fpc_tac : Unable to open '/sys/bus/platform/devices/battery/modalias'
06-05 01:57:47.738   747   747 D android.hardware.audio.service: appOpsGetInstance(), init AppOps struct, lib is libaudio_param_parser-vnd.so
06-05 01:57:47.739   747   747 D AudioSmartPaController: initSmartPaAttribute(), spkType: smartpa_nxp_tfa9874, isSmartPA: 1, SmartPA dynamic detect: 0
06-05 01:57:47.739   747   747 D AudioSmartPaController: dspType 2, spkLibPath libnxp_extamp_intf.so, is_alsa_codec 1, codec_ctl_name , is_apll_needed 1, i2sSetStage 4, mixer: 0xec341060
06-05 01:57:47.739   747   747 D AudioSmartPaController: initSmartPaAttribute(), supported rate: 8000 11025 16000 22050 24000 32000 44100 48000 88200 96000 176400 192000 
06-05 01:57:47.739   747   747 D AudioSmartPaController: initSmartPaAttribute(), chipDelayUs: 0 0 
06-05 01:57:47.739   747   747 D AudioSmartPaController: i2sOutSelect = 3, i2sInSelect = 0
06-05 01:57:47.739   747   747 D AudioSmartPaController: init(), dlopen lib path: libnxp_extamp_intf.so
06-05 01:57:47.743   747   747 D AudioSmartPaController: +dspOnBoardSpeakerOff()
06-05 01:57:47.743   747   747 D AudioSmartPaController: +dspOnBoardSpeakerOff()
06-05 01:57:47.743   747   747 D android.hardware.audio.service: nxp_extamp_init: begin, mixer: 0xec341060
06-05 01:57:47.744   747   747 D AudioALSAHardwareResourceManager: AudioALSAHardwareResourceManager()
06-05 01:57:47.747   747   747 D AudioALSACodecDeviceOutEarphonePMIC: AudioALSACodecDeviceOutEarphonePMIC()
06-05 01:57:47.747   747   747 D AudioALSACodecDeviceOutSpeakerEarphonePMIC: AudioALSACodecDeviceOutSpeakerEarphonePMIC()
06-05 01:57:47.747   747   747 D android.hardware.audio.service: appOpsGetInstance(), init AppOps struct, lib is libaudio_param_parser-vnd.so
06-05 01:57:47.747   747   747 D AudioALSAHardwareResourceManager: setNumSpkSupport() spk number: 1
06-05 01:57:47.747   747   747 D AudioUtility: PHONE_MIC_MODE defined!, mPhoneMicMode = 2
06-05 01:57:47.747   747   747 D AudioUtility: HEADSET_MIC_MODE defined!, mHeadsetMicMode = 2
06-05 01:57:47.747   747   747 D GainTableParamParser: getInstance()
06-05 01:57:47.747   747   747 D GainTableParamParser: GainTableParamParser()
06-05 01:57:47.747   747   747 D android.hardware.audio.service: appOpsGetInstance(), init AppOps struct, lib is libaudio_param_parser-vnd.so
06-05 01:57:47.747   747   747 D GainTableParamParser: loadGainTableSpec(), mSpec.audioBufferGainPreferMaxIdx = 18, audioBufLMixerName = Headset_PGAL_GAIN, audioBufRMixerName = Headset_PGAR_GAIN
06-05 01:57:47.747   747   747 D GainTableParamParser: loadGainTableSpec(), mSpec.voiceBufferGainPreferMaxIdx = 18, voiceBufMixerName = Handset_PGA_GAIN
06-05 01:57:47.747   747   747 D GainTableParamParser: loadGainTableSpec(), mSpec.lineoutBufferGainPreferMaxIdx = 18
06-05 01:57:47.747   747   747 D GainTableParamParser: loadGainTableSpec(), mSpec.spkAnaType = -1, spkLMixerName = Headset_PGAL_GAIN, spkRMixerName = Headset_PGAR_GAIN
06-05 01:57:47.747   747   747 D GainTableParamParser: loadGainTableSpec(), mSpec.ulPgaLMixerName = Audio_PGA1_Setting, ulPgaRMixerName = Audio_PGA2_Setting
06-05 01:57:47.747   747   747 D GainTableParamParser: loadGainTableMapDl()
06-05 01:57:47.747   747   747 D GainTableParamParser: loadGainTableMapUl()
06-05 01:57:47.748   747   747 D GainTableParamParser: getGainTableParam()
06-05 01:57:47.748   747   747 D GainTableParamParser: updatePlaybackDigitalGain()
06-05 01:57:47.749  1016  1016 D fpc_tac : 'modalias'='of:NfingerprintT<NULL>Cmediatek' found on  path '/sys/bus/platform/devices/fingerprint/'
06-05 01:57:47.749  1016  1016 D fpc_fingerprint_hal: fpc_worker_join_task
06-05 01:57:47.749  1016  1016 D fpc_fingerprint_hal: fpc_navigation_resume
06-05 01:57:47.749  1016  1016 D fpc_fingerprint_hal: fpc_worker_run_task
06-05 01:57:47.749  1016  1016 D fpc_fingerprint_hal: get_sensor_info
06-05 01:57:47.749  1016  1016 D fpc_tac : fpc_tee_set_cancel
06-05 01:57:47.749  1016  1147 D fpc_fingerprint_hal: nav_loop
06-05 01:57:47.749  1016  1016 D fpc_fingerprint_hal: fpc_worker_join_task
06-05 01:57:47.749  1016  1016 D fpc_tac : fpc_tee_clear_cancel
06-05 01:57:47.749  1016  1016 D fpc_fingerprint_hal: fpc_navigation_pause
06-05 01:57:47.749  1016  1016 D fpc_fingerprint_hal: fpc_worker_join_task
06-05 01:57:47.753  1016  1147 D fpc_tac : fpc_irq_wait: poll status: 1, revents [0]: 0, [1]: 1
06-05 01:57:47.753  1016  1147 E fpc_tac : fpc_irq_wait {{17,10,0},{15,1,1}}
06-05 01:57:47.753  1016  1147 E fpc_tac : fpc_irq_wait error -7
06-05 01:57:47.753  1016  1147 E fpc_fingerprint_hal: nav_loop, status = -7
06-05 01:57:47.753  1016  1016 D fpc_tac : fpc_tee_get_sensor_otp_info
06-05 01:57:47.756  1003  1003 D BootAnimation: BootAnimationPreloadStopTiming start time: 11407ms
06-05 01:57:47.761   747   747 D GainTableParamParser: updatePlaybackAnalogGain()
06-05 01:57:47.765  1016  1016 D fpc_fingerprint_hal: fpc_worker_join_task
06-05 01:57:47.765  1016  1016 D fpc_fingerprint_hal: fpc_navigation_resume
06-05 01:57:47.765  1016  1016 D fpc_fingerprint_hal: fpc_worker_run_task
06-05 01:57:47.765  1016  1016 D fpc_fingerprint_hal: fpc_check_hwid: FPC hwid: device id [0x1000], factory [0x20], revision [0x3]
06-05 01:57:47.765  1016  1147 D fpc_fingerprint_hal: nav_loop
06-05 01:57:47.765  1016  1016 D fpc_fingerprint_hal: FPC INFO: time 2019-05-19
06-05 01:57:47.765  1016  1016 D fpc_fingerprint_hal: FPC INFO:  05 5
06-05 01:57:47.765  1016  1016 D fpc_fingerprint_hal: FPC INFO:  19 13
06-05 01:57:47.765  1016  1016 D fpc_fingerprint_hal: fpc_check_hwid FPC INFO: factory 0x2, [4=tsmc 2=smic]
06-05 01:57:47.765  1016  1016 D fpc_fingerprint_hal: fpc_check_hwid, FPC INFO: version 0x3
06-05 01:57:47.767  1003  1148 D libMEOW : meow reload base cfg path: na
06-05 01:57:47.767  1003  1148 D libMEOW : meow reload overlay cfg path: /vendor/etc/meow.cfg
06-05 01:57:47.770  1016  1016 D fpc_fingerprint_hal: fpc_check_hwid,setprop[persist.vendor.sys.fp.info] = '0x00000035130203ff' OK
06-05 01:57:47.772  1016  1016 I fpc_fingerprint_hal: setprop[persist.vendor.sys.fp.uid] = 00313032-33314633-30363130-31643133 OK
06-05 01:57:47.774  1016  1016 I fpc_fingerprint_hal: setprop[persist.vendor.sys.fp.module] = O-film OK
06-05 01:57:47.774  1016  1016 D fpc_fingerprint_hal: set_notify
06-05 01:57:47.774  1016  1016 D MFP     : openHal dev_prop = begonia
06-05 01:57:47.774  1016  1016 D MFP     : register_dummy_service dummy vendor property = gf_fingerprint
06-05 01:57:47.774   747   747 D GainTableParamParser: updateSpeechVol()
06-05 01:57:47.776  1016  1147 D fpc_tac : fpc_irq_wait: poll status: 1, revents [0]: 10, [1]: 0
06-05 01:57:47.777   747   747 D GainTableParamParser: updateRecordVol()
06-05 01:57:47.790  1003  1148 D PQCommon: [PQ_PROT] [PQCust] libpq_cust_base.so OK, libpq_cust.so absent
06-05 01:57:47.791  1016  1016 E GoodixServiceRegister: Enter Fun registerBaseService
06-05 01:57:47.793  1016  1016 I HidlServiceManagement: Registered vendor.goodix.hardware.biometrics.fingerprint@2.1::IGoodixFingerprintDaemon/default
06-05 01:57:47.793  1016  1016 E GoodixServiceRegister: Exit Fun registerBaseService
06-05 01:57:47.793  1016  1016 E GoodixServiceRegister: Enter Fun registerExtService
06-05 01:57:47.793   747   747 D GainTableParamParser: updateVoIPVol()
06-05 01:57:47.794  1016  1016 I HidlServiceManagement: Registered vendor.goodix.hardware.biometrics.fingerprint@2.1::IGoodixFingerprintDaemonExt/default
06-05 01:57:47.794  1016  1016 E GoodixServiceRegister: Exit Fun registerExtService
06-05 01:57:47.794  1016  1016 V MFP     : fingerprint HAL initialized successfully
06-05 01:57:47.794   747   747 D GainTableParamParser: updateRingbackVol()
06-05 01:57:47.795   747   747 D android.hardware.audio.service: appOpsGetInstance(), init AppOps struct, lib is libaudio_param_parser-vnd.so
06-05 01:57:47.795   464   464 W hwservicemanager: Detected instance of android.hardware.biometrics.fingerprint@2.1::IBiometricsFingerprint (pid: 1016) registering over instance of or with base of android.hardware.biometrics.fingerprint@2.1::IBiometricsFingerprint (pid: 1010).
06-05 01:57:47.795   747   747 D AudioALSAHardware: AudioALSAHardware()
06-05 01:57:47.795   464   464 I hw-BpHwBinder: onLastStrongRef automatically unlinking death recipients
06-05 01:57:47.796  1016  1016 I HidlServiceManagement: Registered android.hardware.biometrics.fingerprint@2.1::IBiometricsFingerprint/default
06-05 01:57:47.798   745   745 I zygote  : Explicit concurrent copying GC freed 33KB AllocSpace bytes, 0(0B) LOS objects, 99% free, 51KB/24MB, paused 82us,31us total 28.109ms
06-05 01:57:47.799   747  1150 D audio_sw_mixer: sw_mixer_mix_thread(), thread mix0:1 idle
06-05 01:57:47.799   747  1149 D audio_sw_mixer: sw_mixer_mix_thread(), thread mix0:0 idle
06-05 01:57:47.799   747  1151 D audio_sw_mixer: sw_mixer_mix_thread(), thread mix1:0 idle
06-05 01:57:47.799   747  1152 D audio_sw_mixer: sw_mixer_mix_thread(), thread mix1:1 idle
06-05 01:57:47.800   747   747 D aurisys_config_parser: parse_aurisys_config(), "/system/vendor/etc/aurisys_config.xml"
06-05 01:57:47.801   747   747 D aurisys_config_parser: parse_aurisys_config(), "/system/vendor/etc/aurisys_config_hifi3.xml"
06-05 01:57:47.803   747   747 D audio_messenger_ipi: hal send, task: 18, msg_id: 0xada0, ack_type: 1, p1: 0xfea8, p2: 0x0, dma sz: 0, idx: 0, hal sz: 65192
06-05 01:57:47.806   747   747 E audio_messenger_ipi: is_audio_dsp_ready() task_scene 19 dsp 5 not support
06-05 01:57:47.806   747   747 D audio_messenger_ipi: dsp not ready, task: 19, msg_id: 0xada0, ack_type: 1, p1: 0xfea8, p2: 0x0, dma sz: 0, idx: 0, hal sz: 65192
06-05 01:57:47.806   747   747 D AudioUtility: bootMode = 0
06-05 01:57:47.806   747   747 D AudioUtility: Unsupported factory mode!
06-05 01:57:47.807   747   747 D SpeechDriverFactory: CreateSpeechDriverInstances(), create SpeechDriverOpenDSP for MODEM_1
06-05 01:57:47.807   747   747 D SpeechDriverOpenDSP: GetInstance(), modem_index = 0
06-05 01:57:47.807   747   747 D android.hardware.audio.service: CleanGainValueAndMuteStatus(), mUplinkMuteOn 0, mUplinkSourceMuteOn 0, mDownlinkMuteOn 0, mDynamicDownlinkMuteOn 0
06-05 01:57:47.807   747   747 D SpeechDriverOpenDSP: SpeechDriverOpenDSP(), modem_index = 0
06-05 01:57:47.807   747   747 D android.hardware.audio.service: CleanGainValueAndMuteStatus(), mUplinkMuteOn 0, mUplinkSourceMuteOn 0, mDownlinkMuteOn 0, mDynamicDownlinkMuteOn 0
06-05 01:57:47.807   747   747 D SpeechShareMemGen95: SpeechShareMemGen95()
06-05 01:57:47.807   747   747 D SpeechExtMemCCCI: SpeechExtMemCCCI()
06-05 01:57:47.807   747   747 D SpeechExtMemUSIP: SpeechExtMemUSIP()
06-05 01:57:47.807   747   747 W SpeechMessengerNormal: checkCcciStatusAndRecovery() mCcciDeviceHandler: -1
06-05 01:57:47.807   747   747 D SpeechMessengerNormal: openCcciDriver(), dev_name: "/dev/ccci_aud", mCcciDeviceHandler: 16
06-05 01:57:47.807   747   747 W SpeechMessengerNormal: checkCcciStatusAndRecovery() mCcciShareMemoryHandler: -1
06-05 01:57:47.807   747   747 D SpeechUtility: mmap on (17) for addr=0x8e01b000, len=53248
06-05 01:57:47.807   747   747 D SpeechExtMemCCCI: openShareMemory(), mCcciShareMemoryHandler: 17, mShareMemoryBase: 0xf104d000, mShareMemoryLength: 53248 , get share momoey address time: 0 ms
06-05 01:57:47.807   747   747 E SpeechExtMemUSIP: openShareMemory(), open(/dev/usip) fail, mCcciShareMemoryHandler = -1, errno: 13
06-05 01:57:47.807   747   747 E SpeechShareMemGen95: openShareMemory(), open USIP Fail.
06-05 01:57:47.807   747   747 W SpeechMessengerNormal: checkModemReady(), modem_status 1 != MODEM_STATUS_READY
06-05 01:57:47.807   747  1154 W SpeechMessengerNormal: formatShareMemoryThread(), modem not ready...retry start
06-05 01:57:47.807  1003  1148 D libMEOW : loaded /vendor/lib64/egl/libGLES_mali.so
06-05 01:57:47.807   747   747 D SpeechEnhancementController: SpeechEnhancementController(), get value from propterty persist.vendor.audiohal.modem.sph_enh_mask fail! value:, use default value
06-05 01:57:47.808   747   747 D SpeechEnhancementController: mSpeechEnhancementMask: main_func = 0xffff, sub_func = 0xffffff9f
06-05 01:57:47.808   747   747 D SpeechEnhancementController: GetBtHeadsetNrecOn(), mBtHeadsetNrecOn = 0
06-05 01:57:47.808   828   828 E ccci_fsd(1): FS_IsReadOnly: [error]fail on file: /mnt/vendor/nvdata/md/FATD364E2EB.log, error=2
06-05 01:57:47.808   747   747 D AudioEventThreadManager: registerCallback(), audioEventType=1, callbackFunc = 0xeca7b1a4
06-05 01:57:47.808   747   747 D AudioEventThreadManager: AudioEventThread(), audioEventType = 1
06-05 01:57:47.808   747   747 D AudioEventThreadManager: registerCallback(), add new audioEventType=1, callbackFunc = 0xeca7b1a4
06-05 01:57:47.808   747   747 W SpeechDriverFactory: CreateSpeechDriverInstances(), create SpeechDriverDummy for MODEM_2
06-05 01:57:47.808   747   747 D android.hardware.audio.service: CleanGainValueAndMuteStatus(), mUplinkMuteOn 0, mUplinkSourceMuteOn 0, mDownlinkMuteOn 0, mDynamicDownlinkMuteOn 0
06-05 01:57:47.808   747   747 W SpeechDriverDummy: SpeechDriverDummy(), modem_index = 1
06-05 01:57:47.808   747   747 W SpeechDriverFactory: CreateSpeechDriverInstances(), create SpeechDriverDummy for MODEM_EXTERNAL
06-05 01:57:47.808   747   747 D android.hardware.audio.service: CleanGainValueAndMuteStatus(), mUplinkMuteOn 0, mUplinkSourceMuteOn 0, mDownlinkMuteOn 0, mDynamicDownlinkMuteOn 0
06-05 01:57:47.808   747   747 W SpeechDriverDummy: SpeechDriverDummy(), modem_index = 2
06-05 01:57:47.808   747   747 D SpeechDriverFactory: -SpeechDriverFactory(), mActiveModemIndex = 0
06-05 01:57:47.809   747   747 D AudioALSAFMController: AudioALSAFMController()
06-05 01:57:47.809   747   747 D AudioALSAVoiceWakeUpController: AudioALSAVoiceWakeUpController() , stream_attribute_target->BesRecord_Info.besrecord_enable 0
06-05 01:57:47.809   747   747 D android.hardware.audio.service: appOpsGetInstance(), init AppOps struct, lib is libaudio_param_parser-vnd.so
06-05 01:57:47.809   747   747 D AudioALSAVoiceWakeUpController: updateVadParamToKernel(), get vow param from XML: 0xefb025e0
06-05 01:57:47.809   747   747 D AudioALSAVoiceWakeUpController: updateVadParamToKernel(), vow periodic param size = 16
06-05 01:57:47.809   747   747 D AudioALSAVoiceWakeUpController: vow Perio= 0x8a3d 0x8a3d 0x8be7 0x0 0x0 0x0 0xc333 0xc29 0x1917 0x8a5e 0x1917 0x0 0x0 0x0 0x1917 0x18f6
06-05 01:57:47.809   747   747 D AudioALSAVoiceWakeUpController: updateVadParamToKernel(), CFG0=0x0, CFG1=0x0, CFG2=0x4343, CF3=0xa768, CFG4=0xf, CFG5=0x1, Perio=0x0
06-05 01:57:47.810   747   747 D AudioALSAVoiceWakeUpController: updateDspAecParam(), get vow param from XML: 0xefb02110
06-05 01:57:47.810   747   747 D AudioALSAVoiceWakeUpController: updateDspAecParam(), parameterVersion = 1.0, xmlParameterStrSize = 3
06-05 01:57:47.810   747   747 D AudioALSAVoiceWakeUpController: updateDspAecParam(), parameterContentSize = 1588
06-05 01:57:47.810   747   747 D AudioALSAStreamManager: AudioALSAStreamManager()
06-05 01:57:47.810   747   747 D audio_dsp_controller: audio_dsp_cbk_register(), start 0x0 => 0xecb60ef4, stop 0x0 => 0xecb60f04, arg 0x0 => 0xeb3831f0
06-05 01:57:47.810   747   747 D android.hardware.audio.service: appOpsGetInstance(), init AppOps struct, lib is libaudio_param_parser-vnd.so
06-05 01:57:47.810   747   747 D AudioALSAStreamManager: getBesLoudnessStateFromXML(), get BesLoudness state from xml = 0
06-05 01:57:47.810   747   747 D AudioALSAStreamManager: 1st besLoudnessInXML 0
06-05 01:57:47.810   747   747 D android.hardware.audio.service: loadXmlOps(), dlopen successfully!... (libxml2.so, handle = 0x0x73c02539)
06-05 01:57:47.811   747   747 W AudioParamParser-vnd: utilMkdir(), mkdir fail (/data/vendor/audiohal/audio_param/)
06-05 01:57:47.811   747   747 W AudioParamParser-vnd: audioTypeSaveAudioParamXml(), chmod fail (err = 2)
06-05 01:57:47.811   747  1137 D android.hardware.audio.service: unloadXmlOps(), dlclose successfully (handle = 0x0x73c02539)
06-05 01:57:47.812   747  1137 D android.hardware.audio.service: loadXmlOps(), dlopen successfully!... (libxml2.so, handle = 0x0x73c02539)
06-05 01:57:47.812   747  1137 D AudioParamParser-vnd: appHandleReloadAudioType(), Load xml file successfully. (/data/vendor/audiohal/audio_param//SoundEnhancement_AudioParam.xml)
06-05 01:57:47.812   747   747 D AudioALSAStreamManager: setBesLoudnessStateToXML(), Set BesLoudness state to xml = 0
06-05 01:57:47.812   747  1137 D AudioMTKGainController: updateXmlParam(), audioType = SoundEnhancement
06-05 01:57:47.812   747  1137 D AudioALSAVoiceWakeUpController: +callbackVowXmlChanged(), audioType = SoundEnhancement
06-05 01:57:47.812   747   747 D AudioALSAStreamManager: getBesLoudnessStateFromXML(), get BesLoudness state from xml = 0
06-05 01:57:47.812   747   747 D AudioALSAStreamManager: final besLoudnessInXML 0 mBesLoudnessStatus 0 RecheckXML 0
06-05 01:57:47.813   747  1137 D android.hardware.audio.service: unloadXmlOps(), dlclose successfully (handle = 0x0x73c02539)
06-05 01:57:47.816   747   747 D AudioEventThreadManager: registerCallback(), audioEventType=0, callbackFunc = 0xecb5feb0
06-05 01:57:47.816   747   747 D AudioEventThreadManager: AudioEventThread(), audioEventType = 0
06-05 01:57:47.816   747   747 D AudioEventThreadManager: registerCallback(), add new audioEventType=0, callbackFunc = 0xecb5feb0
06-05 01:57:47.816   747   747 D AudioUtility: getPowerHal(), get PowerHal Service
06-05 01:57:47.818   747   747 D AudioUtility: getPowerHal(), Link to death notification successfully
06-05 01:57:47.818   747   747 D AudioDspStreamManager: AudioDspStreamManager()
06-05 01:57:47.819   747   747 E AudioDspStreamManager: -getDspRuntimeEn task_scene = 17
06-05 01:57:47.819   747   747 E AudioDspStreamManager: -getDspRuntimeEn Mixer of  = NULL!!
06-05 01:57:47.819   747   747 D AudioALSAHandlerKtv: AudioALSAHandlerKtv(), 0xec20d9f0
06-05 01:57:47.820   747   747 E AudioDspStreamManager: -getDspRuntimeEn task_scene = 17
06-05 01:57:47.820   747   747 E AudioDspStreamManager: -getDspRuntimeEn Mixer of  = NULL!!
06-05 01:57:47.820   747   747 D AudioALSAVoiceWakeUpController: +doBargeInRecovery(),
06-05 01:57:47.821   747   747 D AudioALSAParamTuner: getInstance(), create AudioALSAParamTuner instance --
06-05 01:57:47.821   747   747 D AudioALSAParamTuner: +AudioALSAParamTuner()
06-05 01:57:47.821   747   747 D AudioMTKGainController: getMicGainDecimal(), micMode 1, gainDevice 0, micGainDecimal 164
06-05 01:57:47.821   747   747 D AudioMTKGainController: getMicGainDecimal(), micMode 1, gainDevice 2, micGainDecimal 180
06-05 01:57:47.821   747   747 D AudioALSAParamTuner: AudioALSAParamTuner(), AudioALSAParamTuner: default mic gain-mormal:164;handsfree:180, receiver gain:0, headset Gain:0
06-05 01:57:47.821   747   747 D AudioALSAParamTuner: getInstance(), create AudioALSAParamTuner instance ++
06-05 01:57:47.821   747   747 D android.hardware.audio.service: appOpsGetInstance(), init AppOps struct, lib is libaudio_param_parser-vnd.so
06-05 01:57:47.822   747   747 D AudioALSAHardware: AudioALSAHardware(), mAudioHalBtscoWB = 0
06-05 01:57:47.823   747   747 D WCNChipController: WCNChipController()
06-05 01:57:47.823   747   747 D WCNChipController: SetBTCurrentSamplingRateNumber(), mBTCurrentSamplingRateNumber: 8000 => 8000
06-05 01:57:47.823   747   747 D AudioBTCVSDControl: +AudioBTCVSDControl
06-05 01:57:47.825   828   828 E ccci_fsd(1): CreateDir: [error]fail create Dir /mnt/vendor/nvcfg/mdota: 17 
06-05 01:57:47.827   747   747 D AudioBTCVSDControl: BT_SCO_SET_TXState state=0x0
06-05 01:57:47.827   747   747 D AudioBTCVSDControl: BT_SCO_SET_RXState state=0x10
06-05 01:57:47.827   747   747 D AudioBTCVSDControl: -AudioBTCVSDControl
06-05 01:57:47.827   747   747 D AudioBTCVSDControl: BT_SCO_SetMode, mode=0, BTmode=0
06-05 01:57:47.827   747   747 D AudioALSASpeechPhoneCallController: setBTMode(), mBTMode: 0 => 0
06-05 01:57:47.827   747   747 D SpeechDriverOpenDSP: setBTMode(), mBTMode: 0
06-05 01:57:47.827   747   747 D SpeechDriverNormal: setBTMode(), mBTMode: 0 => 0
06-05 01:57:47.827   747   747 D SpeechDriverNormal: updateFeatureMask(), featureMaskType(0x40), flagOn(0) == currentFeature(0x4), return
06-05 01:57:47.827   747   747 D AudioALSAHardware: -mAudioALSAHardware
06-05 01:57:47.827   747   747 D mtk_audio_hw_hal: gAudioHALRefCountByClient + 1
06-05 01:57:47.827   828   828 W ccci_fsd(1): O: X://MC06_000, flag 0x700, ret 1
06-05 01:57:47.828   817   817 W MelReporter: activateHalSoundDoseComputation: HAL cannot provide sound dose interface for module primary
06-05 01:57:47.828   817   817 W AudioFlinger: loadHwModule() sound dose reporting is not available
06-05 01:57:47.828   828   828 W ccci_fsd(1): O: Y://MC06_000, flag 0x700, ret 1
06-05 01:57:47.829   747   799 E AudioMTKGainController: getGainDevice(), error, devices (0) not support, return GAIN_DEVICE_SPEAKER
06-05 01:57:47.829   747   799 E AudioMTKGainController: setNormalVolume(), invalid param, stream -1, mSceneIndex 0, index -1, devices 0, gainDevice 2, return
06-05 01:57:47.830   828   828 E ccci_fsd(1): FS_GetFileDetail: mtime: 1230768000, atime=1230768000, ctime=1230768000
